2025-03-30 13:21:11,805 - INFO - Using TEST_IP: 192.168.255.1
2025-03-30 13:21:11,870 - INFO - Setting up the browser for Qi Exerciser Panel
2025-03-30 13:21:13,907 - INFO - Opening browser using way1
2025-03-30 13:21:23,642 - ERROR - Connection attempt 1 failed: ('Connection aborted.', ConnectionResetError(10054, 'An existing connection was forcibly closed by the remote host', None, 10054, None))
2025-03-30 13:23:49,303 - INFO - Using TEST_IP: 192.168.255.1
2025-03-30 13:23:49,350 - INFO - Setting up the browser for Qi Exerciser Panel
2025-03-30 13:23:50,669 - INFO - Opening browser using way1
2025-03-30 13:24:03,410 - INFO - Tester status: Connected
2025-03-30 13:24:03,411 - INFO - Opening Qi Exerciser Panel
2025-03-30 13:24:10,537 - INFO - Verifying the input box functionality for A0
2025-03-30 13:24:11,101 - ERROR - A0 input box failed to accept 100 random characters
2025-03-30 13:24:11,379 - ERROR - A0 input box failed to accept 100 numbers
2025-03-30 13:24:11,643 - ERROR - A0 input box failed to accept 100 letters
2025-03-30 13:24:11,887 - ERROR - A0 input box failed to accept a combination of letters, numbers, and special characters
2025-03-30 13:24:11,891 - INFO - Verifying the input box functionality for A1
2025-03-30 13:24:12,227 - ERROR - A1 input box failed to accept 100 random characters
2025-03-30 13:24:12,446 - ERROR - A1 input box failed to accept 100 numbers
2025-03-30 13:24:12,691 - ERROR - A1 input box failed to accept 100 letters
2025-03-30 13:24:12,943 - ERROR - A1 input box failed to accept a combination of letters, numbers, and special characters
2025-03-30 13:24:12,985 - INFO - Verifying the checkbox functionality for PPS Volts Checkbox
2025-03-30 13:24:13,006 - ERROR - PPS Volts Checkbox checkbox is not available on the page
2025-03-30 13:24:13,010 - INFO - Verifying the checkbox functionality for Q Factor Measurement Checkbox
2025-03-30 13:24:13,040 - INFO - Q Factor Measurement Checkbox checkbox is unchecked by default
2025-03-30 13:24:13,128 - INFO - Q Factor Measurement Checkbox checkbox is now checked
2025-03-30 13:24:13,185 - INFO - Q Factor Measurement Checkbox checkbox is now unchecked
2025-03-30 13:24:13,188 - INFO - Verifying the dropdown functionality for Coil Type
2025-03-30 13:24:13,319 - INFO - Available options in Coil Type:
2025-03-30 13:24:13,489 - INFO - Verifying the dropdown functionality for Demodulator
2025-03-30 13:24:13,641 - INFO - Available options in Demodulator:
2025-03-30 13:24:13,760 - INFO - Tearing down the browser
2025-03-30 13:24:15,948 - INFO - Setting up the WebDriver
2025-03-30 13:24:17,206 - INFO - Opening browser using way1
2025-03-30 13:24:29,715 - INFO - Tester status: Connected
2025-03-30 13:24:29,717 - INFO - Verifying tester connection status
2025-03-30 13:24:29,743 - INFO - Tester connection status: Connected
2025-03-30 13:24:29,791 - INFO - Extracted Tester Status: Connected
2025-03-30 13:24:29,839 - INFO - Extracted Serial Number: GRL-C3-MP-2023006
2025-03-30 13:24:29,894 - INFO - Extracted Firmware Version: 5.0.1.29 / 1.9
2025-03-30 13:24:29,969 - INFO - Extracted Next Calibration Date: 22 May 2025
2025-03-30 13:24:30,043 - INFO - Extracted Tester IP Address: 192.168.5.74
2025-03-30 13:24:30,136 - INFO - Extracted Port: 5002
2025-03-30 13:24:30,137 - INFO - Extracted details: {'Tester Status': 'Connected', 'Serial Number': 'GRL-C3-MP-2023006', 'Firmware Version': '5.0.1.29 / 1.9', 'Next Calibration Date': '22 May 2025', 'Tester IP Address': '192.168.5.74', 'Port': '5002'}
2025-03-30 13:24:30,138 - ERROR - Error during verification: Mismatch for Serial Number: Expected 'GRL-C3-MP-2023052', got 'GRL-C3-MP-2023006'
assert 'GRL-C3-MP-2023006' == 'GRL-C3-MP-2023052'
  
  - GRL-C3-MP-2023052
  ?                ^^
  + GRL-C3-MP-2023006
  ?                ^^
2025-03-30 13:24:30,475 - INFO - Closing the WebDriver
2025-03-30 13:47:35,264 - INFO - Using TEST_IP: 192.168.255.1
2025-03-30 13:47:35,304 - INFO - Setting up the browser for Qi Exerciser Panel
2025-03-30 13:47:36,595 - INFO - Opening browser using way1
2025-03-30 13:47:48,895 - INFO - Tester status: Connected
2025-03-30 13:47:48,896 - INFO - Opening Qi Exerciser Panel
2025-03-30 13:47:56,022 - INFO - Verifying the input box functionality for A0
2025-03-30 13:47:56,363 - ERROR - A0 input box failed to accept 100 random characters
2025-03-30 13:47:56,585 - ERROR - A0 input box failed to accept 100 numbers
2025-03-30 13:47:56,859 - ERROR - A0 input box failed to accept 100 letters
2025-03-30 13:47:57,083 - ERROR - A0 input box failed to accept a combination of letters, numbers, and special characters
2025-03-30 13:47:57,086 - INFO - Verifying the input box functionality for A1
2025-03-30 13:47:57,353 - ERROR - A1 input box failed to accept 100 random characters
2025-03-30 13:47:57,563 - ERROR - A1 input box failed to accept 100 numbers
2025-03-30 13:47:57,792 - ERROR - A1 input box failed to accept 100 letters
2025-03-30 13:47:58,024 - ERROR - A1 input box failed to accept a combination of letters, numbers, and special characters
2025-03-30 13:47:58,060 - INFO - Verifying the checkbox functionality for PPS Volts Checkbox
2025-03-30 13:47:58,075 - ERROR - PPS Volts Checkbox checkbox is not available on the page
2025-03-30 13:47:58,079 - INFO - Verifying the checkbox functionality for Q Factor Measurement Checkbox
2025-03-30 13:47:58,108 - INFO - Q Factor Measurement Checkbox checkbox is unchecked by default
2025-03-30 13:47:58,205 - INFO - Q Factor Measurement Checkbox checkbox is now checked
2025-03-30 13:47:58,264 - INFO - Q Factor Measurement Checkbox checkbox is now unchecked
2025-03-30 13:47:58,266 - INFO - Verifying the dropdown functionality for Coil Type
2025-03-30 13:47:58,428 - INFO - Available options in Coil Type:
2025-03-30 13:47:58,557 - INFO - Verifying the dropdown functionality for Demodulator
2025-03-30 13:47:58,649 - INFO - Available options in Demodulator:
2025-03-30 13:47:58,763 - INFO - Tearing down the browser
2025-03-30 13:48:00,966 - INFO - Setting up the WebDriver
2025-03-30 13:48:02,244 - INFO - Opening browser using way1
2025-03-30 13:48:12,604 - INFO - Tester status: Connected
2025-03-30 13:48:12,606 - INFO - Verifying tester connection status
2025-03-30 13:48:12,634 - INFO - Tester connection status: Connected
2025-03-30 13:48:12,677 - INFO - Extracted Tester Status: Connected
2025-03-30 13:48:12,720 - INFO - Extracted Serial Number: GRL-C3-MP-2023006
2025-03-30 13:48:12,760 - INFO - Extracted Firmware Version: 5.0.1.29 / 1.9
2025-03-30 13:48:12,797 - INFO - Extracted Next Calibration Date: 22 May 2025
2025-03-30 13:48:12,837 - INFO - Extracted Tester IP Address: 192.168.5.74
2025-03-30 13:48:12,878 - INFO - Extracted Port: 5002
2025-03-30 13:48:12,879 - INFO - Extracted details: {'Tester Status': 'Connected', 'Serial Number': 'GRL-C3-MP-2023006', 'Firmware Version': '5.0.1.29 / 1.9', 'Next Calibration Date': '22 May 2025', 'Tester IP Address': '192.168.5.74', 'Port': '5002'}
2025-03-30 13:48:12,881 - ERROR - Error during verification: Mismatch for Serial Number: Expected 'GRL-C3-MP-2023052', got 'GRL-C3-MP-2023006'
assert 'GRL-C3-MP-2023006' == 'GRL-C3-MP-2023052'
  
  - GRL-C3-MP-2023052
  ?                ^^
  + GRL-C3-MP-2023006
  ?                ^^
2025-03-30 13:48:13,364 - INFO - Closing the WebDriver
2025-03-30 21:54:57,819 - INFO - Using TEST_IP: 192.168.255.1
2025-03-30 21:54:57,911 - INFO - Setting up the browser for Qi Exerciser Panel
2025-03-30 21:55:02,567 - INFO - Opening browser using way1
2025-03-30 21:55:07,513 - ERROR - Connection attempt 1 failed: Message: invalid session id
Stacktrace:
	GetHandleVerifier [0x00007FF684C64C25+3179557]
	(No symbol) [0x00007FF6848C88A0]
	(No symbol) [0x00007FF684758FFC]
	(No symbol) [0x00007FF68479F8DF]
	(No symbol) [0x00007FF6847D7AF2]
	(No symbol) [0x00007FF6847D244E]
	(No symbol) [0x00007FF6847D14F9]
	(No symbol) [0x00007FF6847255E5]
	GetHandleVerifier [0x00007FF684CC67CD+3579853]
	GetHandleVerifier [0x00007FF684CDD1D2+3672530]
	GetHandleVerifier [0x00007FF684CD2153+3627347]
	GetHandleVerifier [0x00007FF684A3092A+868650]
	(No symbol) [0x00007FF6848D2FFF]
	(No symbol) [0x00007FF6847241FF]
	GetHandleVerifier [0x00007FF684D4FA28+4141608]
	BaseThreadInitThunk [0x00007FF9358D54E0+16]
	RtlUserThreadStart [0x00007FF936AA485B+43]

2025-03-30 21:55:08,648 - INFO - Setting up the WebDriver
2025-03-30 21:55:09,938 - INFO - Opening browser using way1
2025-03-30 21:55:13,597 - ERROR - Connection attempt 1 failed: ('Connection aborted.', ConnectionResetError(10054, 'An existing connection was forcibly closed by the remote host', None, 10054, None))
2025-03-30 22:21:42,828 - INFO - Using TEST_IP: 192.168.25.25
2025-03-30 22:21:42,870 - INFO - Setting up the browser for Qi Exerciser Panel
2025-03-30 22:21:44,705 - INFO - Opening browser using way1
2025-03-30 22:21:57,097 - INFO - Tester status: Disconnected
2025-03-30 22:22:10,289 - INFO - Tester status: IP address "192.168.25.25" unreachable
2025-03-31 09:39:40,771 - INFO - Using TEST_IP: 192.168.255.1
2025-03-31 09:39:40,820 - INFO - Setting up the browser for Qi Exerciser Panel
2025-03-31 09:39:42,730 - INFO - Opening browser using way1
2025-03-31 09:39:53,067 - INFO - Tester status: Connected
2025-03-31 09:39:53,068 - INFO - Opening Qi Exerciser Panel
2025-03-31 09:40:00,209 - INFO - Verifying the input box functionality for A0
2025-03-31 09:40:00,527 - ERROR - A0 input box failed to accept 100 random characters
2025-03-31 09:40:00,779 - ERROR - A0 input box failed to accept 100 numbers
2025-03-31 09:40:01,034 - ERROR - A0 input box failed to accept 100 letters
2025-03-31 09:40:01,275 - ERROR - A0 input box failed to accept a combination of letters, numbers, and special characters
2025-03-31 09:40:01,278 - INFO - Verifying the input box functionality for A1
2025-03-31 09:40:01,597 - ERROR - A1 input box failed to accept 100 random characters
2025-03-31 09:40:01,953 - ERROR - A1 input box failed to accept 100 numbers
2025-03-31 09:40:02,664 - ERROR - A1 input box failed to accept 100 letters
2025-03-31 09:40:03,313 - ERROR - A1 input box failed to accept a combination of letters, numbers, and special characters
2025-03-31 09:40:03,396 - INFO - Verifying the checkbox functionality for PPS Volts Checkbox
2025-03-31 09:40:03,425 - ERROR - PPS Volts Checkbox checkbox is not available on the page
2025-03-31 09:40:03,429 - INFO - Verifying the checkbox functionality for Q Factor Measurement Checkbox
2025-03-31 09:40:03,471 - INFO - Q Factor Measurement Checkbox checkbox is unchecked by default
2025-03-31 09:40:03,609 - INFO - Q Factor Measurement Checkbox checkbox is now checked
2025-03-31 09:40:03,687 - INFO - Q Factor Measurement Checkbox checkbox is now unchecked
2025-03-31 09:40:03,690 - INFO - Verifying the dropdown functionality for Coil Type
2025-03-31 09:40:03,848 - INFO - Available options in Coil Type:
2025-03-31 09:40:03,993 - INFO - Verifying the dropdown functionality for Demodulator
2025-03-31 09:40:04,104 - INFO - Available options in Demodulator:
2025-03-31 09:40:04,229 - INFO - Tearing down the browser
2025-03-31 09:40:06,465 - INFO - Setting up the WebDriver
2025-03-31 09:40:07,764 - INFO - Opening browser using way1
2025-03-31 09:40:18,067 - INFO - Tester status: Connected
2025-03-31 09:40:18,068 - INFO - Verifying tester connection status
2025-03-31 09:40:18,095 - INFO - Tester connection status: Connected
2025-03-31 09:40:18,137 - INFO - Extracted Tester Status: Connected
2025-03-31 09:40:18,173 - INFO - Extracted Serial Number: GRL-C3-MP-2023006
2025-03-31 09:40:18,198 - INFO - Extracted Firmware Version: 5.0.1.29 / 1.9
2025-03-31 09:40:18,223 - INFO - Extracted Next Calibration Date: 22 May 2025
2025-03-31 09:40:18,244 - INFO - Extracted Tester IP Address: 192.168.5.74
2025-03-31 09:40:18,268 - INFO - Extracted Port: 5002
2025-03-31 09:40:18,269 - INFO - Extracted details: {'Tester Status': 'Connected', 'Serial Number': 'GRL-C3-MP-2023006', 'Firmware Version': '5.0.1.29 / 1.9', 'Next Calibration Date': '22 May 2025', 'Tester IP Address': '192.168.5.74', 'Port': '5002'}
2025-03-31 09:40:18,270 - ERROR - Error during verification: Mismatch for Serial Number: Expected 'GRL-C3-MP-2023052', got 'GRL-C3-MP-2023006'
assert 'GRL-C3-MP-2023006' == 'GRL-C3-MP-2023052'
  
  - GRL-C3-MP-2023052
  ?                ^^
  + GRL-C3-MP-2023006
  ?                ^^
2025-03-31 09:40:18,651 - INFO - Closing the WebDriver
2025-03-31 09:41:48,462 - INFO - Using TEST_IP: 192.168.255.1
2025-03-31 09:41:48,513 - INFO - Setting up the browser for Qi Exerciser Panel
2025-03-31 09:41:49,739 - INFO - Opening browser using way1
2025-03-31 09:42:00,073 - INFO - Tester status: Connected
2025-03-31 09:42:00,073 - INFO - Opening Qi Exerciser Panel
2025-03-31 09:42:07,170 - INFO - Verifying the input box functionality for A0
2025-03-31 09:42:07,522 - ERROR - A0 input box failed to accept 100 random characters
2025-03-31 09:42:07,737 - ERROR - A0 input box failed to accept 100 numbers
2025-03-31 09:42:07,965 - ERROR - A0 input box failed to accept 100 letters
2025-03-31 09:42:08,206 - ERROR - A0 input box failed to accept a combination of letters, numbers, and special characters
2025-03-31 09:42:08,208 - INFO - Verifying the input box functionality for A1
2025-03-31 09:42:08,458 - ERROR - A1 input box failed to accept 100 random characters
2025-03-31 09:42:08,675 - ERROR - A1 input box failed to accept 100 numbers
2025-03-31 09:42:08,889 - ERROR - A1 input box failed to accept 100 letters
2025-03-31 09:42:09,113 - ERROR - A1 input box failed to accept a combination of letters, numbers, and special characters
2025-03-31 09:42:09,140 - INFO - Verifying the checkbox functionality for PPS Volts Checkbox
2025-03-31 09:42:09,153 - ERROR - PPS Volts Checkbox checkbox is not available on the page
2025-03-31 09:42:09,156 - INFO - Verifying the checkbox functionality for Q Factor Measurement Checkbox
2025-03-31 09:42:09,180 - INFO - Q Factor Measurement Checkbox checkbox is unchecked by default
2025-03-31 09:42:09,255 - INFO - Q Factor Measurement Checkbox checkbox is now checked
2025-03-31 09:42:09,305 - INFO - Q Factor Measurement Checkbox checkbox is now unchecked
2025-03-31 09:42:09,307 - INFO - Verifying the dropdown functionality for Coil Type
2025-03-31 09:42:09,419 - INFO - Available options in Coil Type:
2025-03-31 09:42:09,507 - INFO - Verifying the dropdown functionality for Demodulator
2025-03-31 09:42:09,606 - INFO - Available options in Demodulator:
2025-03-31 09:42:09,704 - INFO - Tearing down the browser
2025-03-31 09:42:11,929 - INFO - Setting up the WebDriver
2025-03-31 09:42:13,171 - INFO - Opening browser using way1
2025-03-31 09:42:23,498 - INFO - Tester status: Connected
2025-03-31 09:42:23,499 - INFO - Verifying tester connection status
2025-03-31 09:42:23,514 - INFO - Tester connection status: Connected
2025-03-31 09:42:23,541 - INFO - Extracted Tester Status: Connected
2025-03-31 09:42:23,563 - INFO - Extracted Serial Number: GRL-C3-MP-2023006
2025-03-31 09:42:23,587 - INFO - Extracted Firmware Version: 5.0.1.29 / 1.9
2025-03-31 09:42:23,609 - INFO - Extracted Next Calibration Date: 22 May 2025
2025-03-31 09:42:23,634 - INFO - Extracted Tester IP Address: 192.168.5.74
2025-03-31 09:42:23,659 - INFO - Extracted Port: 5002
2025-03-31 09:42:23,660 - INFO - Extracted details: {'Tester Status': 'Connected', 'Serial Number': 'GRL-C3-MP-2023006', 'Firmware Version': '5.0.1.29 / 1.9', 'Next Calibration Date': '22 May 2025', 'Tester IP Address': '192.168.5.74', 'Port': '5002'}
2025-03-31 09:42:23,661 - ERROR - Error during verification: Mismatch for Next Calibration Date: Expected '03 July 2025', got '22 May 2025'
assert '22 May 2025' == '03 July 2025'
  
  - 03 July 2025
  + 22 May 2025
2025-03-31 09:42:28,032 - INFO - Closing the WebDriver
2025-03-31 09:42:53,712 - INFO - Using TEST_IP: 192.168.255.1
2025-03-31 09:42:53,746 - INFO - Setting up the browser for Qi Exerciser Panel
2025-03-31 09:42:55,057 - INFO - Opening browser using way1
2025-03-31 09:43:05,541 - INFO - Tester status: Connected
2025-03-31 09:43:05,541 - INFO - Opening Qi Exerciser Panel
2025-03-31 09:43:12,640 - INFO - Verifying the input box functionality for A0
2025-03-31 09:43:13,196 - ERROR - A0 input box failed to accept 100 random characters
2025-03-31 09:43:13,489 - ERROR - A0 input box failed to accept 100 numbers
2025-03-31 09:43:13,883 - ERROR - A0 input box failed to accept 100 letters
2025-03-31 09:43:14,167 - ERROR - A0 input box failed to accept a combination of letters, numbers, and special characters
2025-03-31 09:43:14,170 - INFO - Verifying the input box functionality for A1
2025-03-31 09:43:14,431 - ERROR - A1 input box failed to accept 100 random characters
2025-03-31 09:43:14,666 - ERROR - A1 input box failed to accept 100 numbers
2025-03-31 09:43:14,918 - ERROR - A1 input box failed to accept 100 letters
2025-03-31 09:43:15,157 - ERROR - A1 input box failed to accept a combination of letters, numbers, and special characters
2025-03-31 09:43:15,202 - INFO - Verifying the checkbox functionality for PPS Volts Checkbox
2025-03-31 09:43:15,219 - ERROR - PPS Volts Checkbox checkbox is not available on the page
2025-03-31 09:43:15,223 - INFO - Verifying the checkbox functionality for Q Factor Measurement Checkbox
2025-03-31 09:43:15,251 - INFO - Q Factor Measurement Checkbox checkbox is unchecked by default
2025-03-31 09:43:15,351 - INFO - Q Factor Measurement Checkbox checkbox is now checked
2025-03-31 09:43:15,430 - INFO - Q Factor Measurement Checkbox checkbox is now unchecked
2025-03-31 09:43:15,435 - INFO - Verifying the dropdown functionality for Coil Type
2025-03-31 09:43:15,573 - INFO - Available options in Coil Type:
2025-03-31 09:43:15,702 - INFO - Verifying the dropdown functionality for Demodulator
2025-03-31 09:43:15,805 - INFO - Available options in Demodulator:
2025-03-31 09:43:15,967 - INFO - Tearing down the browser
2025-03-31 09:43:18,200 - INFO - Setting up the WebDriver
2025-03-31 09:43:19,389 - INFO - Opening browser using way1
2025-03-31 09:43:29,984 - INFO - Tester status: Connected
2025-03-31 09:43:29,985 - INFO - Verifying tester connection status
2025-03-31 09:43:30,013 - INFO - Tester connection status: Connected
2025-03-31 09:43:30,045 - INFO - Extracted Tester Status: Connected
2025-03-31 09:43:30,077 - INFO - Extracted Serial Number: GRL-C3-MP-2023006
2025-03-31 09:43:30,102 - INFO - Extracted Firmware Version: 5.0.1.29 / 1.9
2025-03-31 09:43:30,125 - INFO - Extracted Next Calibration Date: 22 May 2025
2025-03-31 09:43:30,150 - INFO - Extracted Tester IP Address: 192.168.5.74
2025-03-31 09:43:30,172 - INFO - Extracted Port: 5002
2025-03-31 09:43:30,172 - INFO - Extracted details: {'Tester Status': 'Connected', 'Serial Number': 'GRL-C3-MP-2023006', 'Firmware Version': '5.0.1.29 / 1.9', 'Next Calibration Date': '22 May 2025', 'Tester IP Address': '192.168.5.74', 'Port': '5002'}
2025-03-31 09:43:30,173 - ERROR - Error during verification: Mismatch for Next Calibration Date: Expected '03 July 2025', got '22 May 2025'
assert '22 May 2025' == '03 July 2025'
  
  - 03 July 2025
  + 22 May 2025
2025-03-31 09:43:30,445 - INFO - Closing the WebDriver
2025-03-31 09:50:52,389 - INFO - Using TEST_IP: 192.168.255.1
2025-03-31 09:50:52,396 - INFO - Setting up the WebDriver
2025-03-31 09:56:47,614 - INFO - Using TEST_IP: 192.168.255.1
2025-03-31 09:56:47,619 - INFO - Setting up the WebDriver
2025-03-31 09:56:48,843 - INFO - Opening browser using way1
2025-03-31 09:56:58,949 - INFO - Tester status: Connected
2025-03-31 09:56:58,950 - INFO - Verifying tester connection status
2025-03-31 09:56:58,967 - INFO - Tester connection status: Connected
2025-03-31 09:56:58,967 - INFO - Tester connected successfully.
2025-03-31 09:56:58,996 - INFO - Extracted Tester Status: Connected
2025-03-31 09:56:59,018 - INFO - Extracted Serial Number: GRL-C3-MP-2023006
2025-03-31 09:56:59,044 - INFO - Extracted Firmware Version: 5.0.1.29 / 1.9
2025-03-31 09:56:59,067 - INFO - Extracted Next Calibration Date: 22 May 2025
2025-03-31 09:56:59,092 - INFO - Extracted Tester IP Address: 192.168.5.74
2025-03-31 09:56:59,116 - INFO - Extracted Port: 5002
2025-03-31 09:56:59,118 - INFO - Test execution completed.
2025-03-31 09:56:59,127 - INFO - Page title: GRL-C3-TPT Software
2025-03-31 09:56:59,131 - INFO - Page URL: http://localhost:2004/v3220126.html
2025-03-31 09:56:59,132 - INFO - Clicking on Test Configuration
2025-03-31 09:56:59,234 - INFO - Clicking on body of the UI to enable interactions
2025-03-31 09:56:59,323 - INFO - Clicking on Edit SDF Button
2025-03-31 09:56:59,481 - INFO - Entering Applicant Name
2025-03-31 09:56:59,676 - INFO - Entering Product Name
2025-03-31 09:56:59,779 - INFO - Clicking WPID Support Checkbox
2025-03-31 09:57:01,850 - INFO - Clicking Update Button
2025-03-31 09:57:06,907 - INFO - Clicking Export Button
2025-03-31 09:57:12,058 - INFO - Waiting for JSON file to download
2025-03-31 09:57:12,061 - INFO - Downloaded file renamed to: SDF_Export_20250331_095712.json
2025-03-31 09:57:19,213 - INFO - Uploading downloaded JSON file
2025-03-31 09:57:19,214 - INFO - C:\Users\GRL\Downloads\SDF_Export_20250331_095712.json
2025-03-31 09:57:19,255 - INFO - File uploaded: C:\Users\GRL\Downloads\SDF_Export_20250331_095712.json
2025-03-31 09:57:24,256 - INFO - Waiting for 'Create Project' button to be clickable
2025-03-31 09:57:24,443 - INFO - Clicked on 'Create Project' successfully
2025-03-31 09:57:29,444 - INFO - Validating Product Name after upload
2025-03-31 09:57:29,504 - INFO - Page title: GRL-C3-TPT Software
2025-03-31 09:57:29,512 - INFO - Page URL: http://localhost:2004/v3220126.html
2025-03-31 09:57:29,512 - INFO - Locating PRx Compliance Tests MPP V2.0.1 checkbox
2025-03-31 09:57:29,545 - INFO - Checkbox is not selected. Selecting it now...
2025-03-31 09:57:31,651 - INFO - Selected Tests: 141/141
2025-03-31 09:57:31,653 - INFO - Test case selection count matches the expected value.
2025-03-31 09:57:31,654 - INFO - Closing the WebDriver
2025-03-31 09:57:52,785 - INFO - Using TEST_IP: 192.168.255.1
2025-03-31 09:57:52,819 - INFO - Setting up the browser for Qi Exerciser Panel
2025-03-31 09:57:54,081 - INFO - Opening browser using way1
2025-03-31 09:58:04,618 - INFO - Tester status: Connected
2025-03-31 09:58:04,619 - INFO - Opening Qi Exerciser Panel
2025-03-31 09:58:11,701 - INFO - Verifying the input box functionality for A0
2025-03-31 09:58:12,042 - ERROR - A0 input box failed to accept 100 random characters
2025-03-31 09:58:12,252 - ERROR - A0 input box failed to accept 100 numbers
2025-03-31 09:58:12,488 - ERROR - A0 input box failed to accept 100 letters
2025-03-31 09:58:12,743 - ERROR - A0 input box failed to accept a combination of letters, numbers, and special characters
2025-03-31 09:58:12,746 - INFO - Verifying the input box functionality for A1
2025-03-31 09:58:12,988 - ERROR - A1 input box failed to accept 100 random characters
2025-03-31 09:58:13,202 - ERROR - A1 input box failed to accept 100 numbers
2025-03-31 09:58:13,430 - ERROR - A1 input box failed to accept 100 letters
2025-03-31 09:58:13,681 - ERROR - A1 input box failed to accept a combination of letters, numbers, and special characters
2025-03-31 09:58:13,705 - INFO - Verifying the checkbox functionality for PPS Volts Checkbox
2025-03-31 09:58:13,716 - ERROR - PPS Volts Checkbox checkbox is not available on the page
2025-03-31 09:58:13,720 - INFO - Verifying the checkbox functionality for Q Factor Measurement Checkbox
2025-03-31 09:58:13,737 - INFO - Q Factor Measurement Checkbox checkbox is unchecked by default
2025-03-31 09:58:13,807 - INFO - Q Factor Measurement Checkbox checkbox is now checked
2025-03-31 09:58:13,858 - INFO - Q Factor Measurement Checkbox checkbox is now unchecked
2025-03-31 09:58:13,860 - INFO - Verifying the dropdown functionality for Coil Type
2025-03-31 09:58:13,963 - INFO - Available options in Coil Type:
2025-03-31 09:58:14,077 - INFO - Verifying the dropdown functionality for Demodulator
2025-03-31 09:58:14,172 - INFO - Available options in Demodulator:
2025-03-31 09:58:14,270 - INFO - Tearing down the browser
2025-03-31 09:58:16,486 - INFO - Setting up the WebDriver
2025-03-31 09:58:17,758 - INFO - Opening browser using way1
2025-03-31 09:58:28,246 - INFO - Tester status: Connected
2025-03-31 09:58:28,248 - INFO - Verifying tester connection status
2025-03-31 09:58:28,263 - INFO - Tester connection status: Connected
2025-03-31 09:58:28,264 - INFO - Tester connected successfully.
2025-03-31 09:58:28,293 - INFO - Extracted Tester Status: Connected
2025-03-31 09:58:28,315 - INFO - Extracted Serial Number: GRL-C3-MP-2023006
2025-03-31 09:58:28,343 - INFO - Extracted Firmware Version: 5.0.1.29 / 1.9
2025-03-31 09:58:28,365 - INFO - Extracted Next Calibration Date: 22 May 2025
2025-03-31 09:58:28,392 - INFO - Extracted Tester IP Address: 192.168.5.74
2025-03-31 09:58:28,412 - INFO - Extracted Port: 5002
2025-03-31 09:58:28,413 - INFO - Test execution completed.
2025-03-31 09:58:28,421 - INFO - Page title: GRL-C3-TPT Software
2025-03-31 09:58:28,426 - INFO - Page URL: http://localhost:2004/v3220126.html
2025-03-31 09:58:28,426 - INFO - Clicking on Test Configuration
2025-03-31 09:58:28,511 - INFO - Clicking on body of the UI to enable interactions
2025-03-31 09:58:28,588 - INFO - Clicking on Edit SDF Button
2025-03-31 09:58:28,726 - INFO - Entering Applicant Name
2025-03-31 09:58:28,906 - INFO - Entering Product Name
2025-03-31 09:58:29,028 - INFO - Clicking WPID Support Checkbox
2025-03-31 09:58:31,118 - INFO - Clicking Update Button
2025-03-31 09:58:36,240 - INFO - Clicking Export Button
2025-03-31 09:58:41,353 - INFO - Waiting for JSON file to download
2025-03-31 09:58:41,355 - INFO - Downloaded file renamed to: SDF_Export_20250331_095841.json
2025-03-31 09:58:48,537 - INFO - Uploading downloaded JSON file
2025-03-31 09:58:48,538 - INFO - C:\Users\GRL\Downloads\SDF_Export_20250331_095841.json
2025-03-31 09:58:48,578 - INFO - File uploaded: C:\Users\GRL\Downloads\SDF_Export_20250331_095841.json
2025-03-31 09:58:53,580 - INFO - Waiting for 'Create Project' button to be clickable
2025-03-31 09:58:53,757 - INFO - Clicked on 'Create Project' successfully
2025-03-31 09:58:58,758 - INFO - Validating Product Name after upload
2025-03-31 09:58:58,808 - INFO - Page title: GRL-C3-TPT Software
2025-03-31 09:58:58,813 - INFO - Page URL: http://localhost:2004/v3220126.html
2025-03-31 09:58:58,813 - INFO - Locating PRx Compliance Tests MPP V2.0.1 checkbox
2025-03-31 09:59:19,318 - ERROR - Error occurred: Message: 
Stacktrace:
	GetHandleVerifier [0x00007FF67D224C25+3179557]
	(No symbol) [0x00007FF67CE888A0]
	(No symbol) [0x00007FF67CD191CA]
	(No symbol) [0x00007FF67CD6FA67]
	(No symbol) [0x00007FF67CD6FC9C]
	(No symbol) [0x00007FF67CDC3627]
	(No symbol) [0x00007FF67CD97C6F]
	(No symbol) [0x00007FF67CDC02F3]
	(No symbol) [0x00007FF67CD97A03]
	(No symbol) [0x00007FF67CD606D0]
	(No symbol) [0x00007FF67CD61983]
	GetHandleVerifier [0x00007FF67D2867CD+3579853]
	GetHandleVerifier [0x00007FF67D29D1D2+3672530]
	GetHandleVerifier [0x00007FF67D292153+3627347]
	GetHandleVerifier [0x00007FF67CFF092A+868650]
	(No symbol) [0x00007FF67CE92FFF]
	(No symbol) [0x00007FF67CE8F4A4]
	(No symbol) [0x00007FF67CE8F646]
	(No symbol) [0x00007FF67CE7EAA9]
	BaseThreadInitThunk [0x00007FF9358D54E0+16]
	RtlUserThreadStart [0x00007FF936AA485B+43]

2025-03-31 09:59:19,323 - INFO - Closing the WebDriver
2025-03-31 09:59:21,568 - INFO - Setting up the browser
2025-03-31 09:59:22,823 - INFO - Opening browser using way1
2025-03-31 09:59:34,756 - INFO - Tester status: Connected
2025-03-31 09:59:34,756 - INFO - Opening Test Configuration Panel
2025-03-31 09:59:36,858 - INFO - clicking on body of the UI to enble the UI
2025-03-31 09:59:41,946 - INFO - Clicking on Edit SDF Button
2025-03-31 09:59:42,091 - INFO - Verifying the input box functionality for Product Name
2025-03-31 09:59:42,523 - INFO - Product Name input box accepted 100 random characters: p7ha6tcoIo{--Nat~g"h`pNULEI#PU;WMZgXp=IfDxzjtQg[vsJ#g=/,$xp_&<74U3LLV!`$if.5FLXyY'etIKdqA&h}OiXCh2Ke
2025-03-31 09:59:42,792 - INFO - Product Name input box accepted 100 numbers: 4812244299597484331014709410497923905466568827624938837037484248097359229868608127237694468840186441
2025-03-31 09:59:43,078 - INFO - Product Name input box accepted 100 letters: ZQeWcTeTXoMwyCcWDIBxXfgpbdcvYhpXESmItQKZrDXZdNpZrtauIPMwZSVBIHAXlHBDZhmLFxtXhWXQAjKpPRGEpFZvyjbBeUxT
2025-03-31 09:59:43,369 - INFO - Product Name input box accepted a combination of letters, numbers, and special characters: I<KHc8x5(;A%K4=O[/p{iDTXr^VQeXFJe4i*[K1{SunI9S:c'*Pt0J!H_M2ALiNo]QLS>G#mem)=\F[!jizniN[Y:1;Ty.E9z<PV
2025-03-31 09:59:43,371 - INFO - Verifying the input box functionality for Applicant Name
2025-03-31 09:59:43,696 - INFO - Applicant Name input box accepted 100 random characters: \6*@OKXw`Mu{G)Bi#b7,8\A9O^ZMtzsx|s7;#?~)qR|n_c>5Ms_JDZ@>knz=>&gWV;xO\YXi>TZu?j:{1lX*W[3`B]EIW@jb7B=|
2025-03-31 09:59:43,960 - INFO - Applicant Name input box accepted 100 numbers: 1151523249998361568248181889229591028151412989939527379573356078927898029569666439525629750124181606
2025-03-31 09:59:44,299 - INFO - Applicant Name input box accepted 100 letters: QiPzdNTMnAjsLFgIEcgBOUirMdQJtPqsACpUhFJlkaaocHDYshYvxpUMuADFxtrqMXbSZpcGgYMzeFDKLSeMgNgVicJSMFEoqGMj
2025-03-31 09:59:44,588 - INFO - Applicant Name input box accepted a combination of letters, numbers, and special characters: 5''Bz*us$W69]!PE\*{G0GT(aHhhh(A(*))m[X")E'0s>Vwf+-a7xu4"cxa1NGV$SaS0x{C\vEy+8Yp`_'~.6SECf"kNK~Id@"bW
2025-03-31 09:59:44,590 - INFO - Verifying the input box functionality for Part Number
2025-03-31 09:59:44,876 - INFO - Part Number input box accepted 100 random characters: )s#oS~xj2Vnp*1,Y[cT_Y_|Mw+Zu!=0!>q<0olIR<.1*d]Q#VIu|)VHeg:M,<Y&s=1$86zSAS67X>$*-w8AU9~7f#a-.}P~iq`b(
2025-03-31 09:59:45,126 - INFO - Part Number input box accepted 100 numbers: 1421501150945328785748641694074915173829703729778019802027243479182206017224946838871170207555981760
2025-03-31 09:59:45,411 - INFO - Part Number input box accepted 100 letters: atqlZGMiNvvyQnzmzHSzJIMkFoJePIjBDNVgIVJieLYWenhMzTsMnHOZmpIcKtNarvvCRLBiHUXdBowRUlprXTLfOdEKjETOlpaW
2025-03-31 09:59:45,703 - INFO - Part Number input box accepted a combination of letters, numbers, and special characters: RBY[96@L;2d|*Rtly+Z_<,peXG;`^:.9O^nx.?_Iei?Z=lP.j,BZ(x$||R-*-\E1qv,-?Of]up4mQNTwMYlN>Pyu_`ymvBkx6k*R
2025-03-31 09:59:45,705 - INFO - Verifying the input box functionality for QIID
2025-03-31 09:59:46,048 - ERROR - QIID input box failed to accept 100 random characters
2025-03-31 09:59:46,324 - INFO - QIID input box accepted 100 numbers: 3257006277859187898618615063251069923937615985470109259138433582180969236256921391422281436441827288
2025-03-31 09:59:46,671 - ERROR - QIID input box failed to accept 100 letters
2025-03-31 09:59:47,012 - ERROR - QIID input box failed to accept a combination of letters, numbers, and special characters
2025-03-31 09:59:47,016 - INFO - Verifying the input box functionality for Manufacturer Code
2025-03-31 09:59:47,297 - INFO - Manufacturer Code input box accepted 100 random characters: 0f`@4f0kc{4JmNq!*1m^rg/n(bM*AdF7Y;tv+S94O'Tyszw[4T]j}?]}.-~,WD4dEH:}pzGJZGd;GARR*jhI6z5vL1D9)nqLbr"}
2025-03-31 09:59:47,573 - INFO - Manufacturer Code input box accepted 100 numbers: 1932403879846103014697010938191775194959861818220481712500103324671086149325337102938020222859559695
2025-03-31 09:59:47,855 - INFO - Manufacturer Code input box accepted 100 letters: ofVuWvGlwtDeFEanmvMCPrwCirRhsXVcOOSKQTDYbljpiHtbhRZbMTUHbdsMtyPfhFSdkndlMoZetEylbKxwWzlDSQqNgzokqLNb
2025-03-31 09:59:48,175 - INFO - Manufacturer Code input box accepted a combination of letters, numbers, and special characters: ElqF$y2A/~WvjZY4E9IRmp:_r'nXNKF7ygyZE1{Le9{TS5=2Z(az[TPhEz/]zk4HV^zl:OqD8Mz~X1Q+\}J"1LQMm%X|VX\"pB5e
2025-03-31 09:59:48,178 - INFO - Verifying the input box functionality for Cloak Retry Count
2025-03-31 09:59:48,489 - ERROR - Cloak Retry Count input box failed to accept 100 random characters
2025-03-31 09:59:48,758 - INFO - Cloak Retry Count input box accepted 100 numbers: 0703712038600497227507937285575828707559825233697922721865312085351585173338450124807050529485294113
2025-03-31 09:59:49,076 - ERROR - Cloak Retry Count input box failed to accept 100 letters
2025-03-31 09:59:49,393 - ERROR - Cloak Retry Count input box failed to accept a combination of letters, numbers, and special characters
2025-03-31 09:59:49,395 - INFO - Verifying the input box functionality for Maximum Power
2025-03-31 09:59:49,711 - ERROR - Maximum Power input box failed to accept 100 random characters
2025-03-31 09:59:50,004 - ERROR - Maximum Power input box failed to accept 100 numbers
2025-03-31 09:59:50,296 - ERROR - Maximum Power input box failed to accept 100 letters
2025-03-31 09:59:50,601 - ERROR - Maximum Power input box failed to accept a combination of letters, numbers, and special characters
2025-03-31 09:59:50,603 - INFO - Verifying the checkbox functionality for OB Support
2025-03-31 09:59:50,621 - INFO - OB Support checkbox is unchecked by default
2025-03-31 09:59:50,686 - INFO - OB Support checkbox is now checked
2025-03-31 09:59:50,731 - INFO - OB Support checkbox is now unchecked
2025-03-31 09:59:50,735 - INFO - Verifying the checkbox functionality for Negotiation Support
2025-03-31 09:59:50,757 - INFO - Negotiation Support checkbox is unchecked by default
2025-03-31 09:59:50,829 - INFO - Negotiation Support checkbox is now checked
2025-03-31 09:59:50,876 - INFO - Negotiation Support checkbox is now unchecked
2025-03-31 09:59:50,878 - INFO - Verifying the checkbox functionality for XID Data Packet Support
2025-03-31 09:59:50,898 - INFO - XID Data Packet Support checkbox is unchecked by default
2025-03-31 09:59:50,978 - INFO - XID Data Packet Support checkbox is now checked
2025-03-31 09:59:51,054 - INFO - XID Data Packet Support checkbox is now unchecked
2025-03-31 09:59:51,058 - INFO - Verifying the checkbox functionality for Restricted Mode Support
2025-03-31 09:59:51,085 - INFO - Restricted Mode Support checkbox is unchecked by default
2025-03-31 09:59:51,164 - INFO - Restricted Mode Support checkbox is now checked
2025-03-31 09:59:51,256 - INFO - Restricted Mode Support checkbox is now unchecked
2025-03-31 09:59:51,261 - INFO - Verifying the checkbox functionality for Cloak Support
2025-03-31 09:59:51,293 - INFO - Cloak Support checkbox is unchecked by default
2025-03-31 09:59:51,380 - INFO - Cloak Support checkbox is now checked
2025-03-31 09:59:51,437 - INFO - Cloak Support checkbox is now unchecked
2025-03-31 09:59:51,439 - INFO - Verifying the checkbox functionality for Gain Linearization Support
2025-03-31 09:59:51,459 - INFO - Gain Linearization Support checkbox is unchecked by default
2025-03-31 09:59:51,519 - INFO - Gain Linearization Support checkbox is now checked
2025-03-31 09:59:51,569 - INFO - Gain Linearization Support checkbox is now unchecked
2025-03-31 09:59:51,571 - INFO - Verifying the checkbox functionality for Dup Support
2025-03-31 09:59:51,590 - INFO - Dup Support checkbox is unchecked by default
2025-03-31 09:59:51,653 - INFO - Dup Support checkbox is now checked
2025-03-31 09:59:51,703 - INFO - Dup Support checkbox is now unchecked
2025-03-31 09:59:51,706 - INFO - Verifying the checkbox functionality for WPID Support
2025-03-31 09:59:51,726 - INFO - WPID Support checkbox is unchecked by default
2025-03-31 09:59:51,812 - INFO - WPID Support checkbox is now checked
2025-03-31 09:59:51,860 - INFO - WPID Support checkbox is now unchecked
2025-03-31 09:59:51,863 - INFO - Verifying the checkbox functionality for PCH Data Packet Support
2025-03-31 09:59:51,885 - INFO - PCH Data Packet Support checkbox is unchecked by default
2025-03-31 09:59:51,981 - INFO - PCH Data Packet Support checkbox is now checked
2025-03-31 09:59:52,045 - INFO - PCH Data Packet Support checkbox is now unchecked
2025-03-31 09:59:52,049 - INFO - Verifying the checkbox functionality for Restricted To Full Mode
2025-03-31 09:59:52,072 - INFO - Restricted To Full Mode checkbox is unchecked by default
2025-03-31 09:59:52,159 - INFO - Restricted To Full Mode checkbox is now checked
2025-03-31 09:59:52,238 - INFO - Restricted To Full Mode checkbox is now unchecked
2025-03-31 09:59:52,243 - INFO - Verifying the checkbox functionality for Detect Ping Support
2025-03-31 09:59:52,271 - INFO - Detect Ping Support checkbox is unchecked by default
2025-03-31 09:59:52,368 - INFO - Detect Ping Support checkbox is now checked
2025-03-31 09:59:52,446 - INFO - Detect Ping Support checkbox is now unchecked
2025-03-31 09:59:52,449 - INFO - Verifying the checkbox functionality for HPM Ping Support
2025-03-31 09:59:52,463 - INFO - HPM Ping Support checkbox is unchecked by default
2025-03-31 09:59:52,512 - INFO - HPM Ping Support checkbox is now checked
2025-03-31 09:59:52,573 - INFO - HPM Ping Support checkbox is now unchecked
2025-03-31 09:59:52,577 - INFO - Verifying the checkbox functionality for Authentication Support
2025-03-31 09:59:52,598 - INFO - Authentication Support checkbox is unchecked by default
2025-03-31 09:59:52,658 - INFO - Authentication Support checkbox is now checked
2025-03-31 09:59:52,710 - INFO - Authentication Support checkbox is now unchecked
2025-03-31 09:59:52,714 - INFO - Verifying the dropdown functionality for Supported Specification
2025-03-31 09:59:52,732 - ERROR - Supported Specification dropdown is not enabled
2025-03-31 09:59:52,737 - INFO - Verifying the dropdown functionality for Power Profile
2025-03-31 09:59:52,759 - ERROR - Power Profile dropdown is not enabled
2025-03-31 09:59:52,762 - INFO - Verifying the dropdown functionality for Supported PROP Data Packets
2025-03-31 09:59:52,858 - INFO - Available options in Supported PROP Data Packets:
2025-03-31 09:59:52,970 - INFO - Verifying the dropdown functionality for Supported Protocols
2025-03-31 09:59:53,058 - INFO - Available options in Supported Protocols:
2025-03-31 09:59:53,185 - INFO - Verifying the dropdown functionality for Supported Cloak Reasons
2025-03-31 09:59:53,304 - INFO - Available options in Supported Cloak Reasons:
2025-03-31 09:59:53,429 - INFO - Verifying the dropdown functionality for Supported GetRequests
2025-03-31 09:59:53,541 - INFO - Available options in Supported GetRequests:
2025-03-31 09:59:53,685 - INFO - Tearing down the browser
2025-03-31 09:59:57,132 - INFO - Opening browser using way1
2025-03-31 10:00:07,586 - INFO - Tester status: Connected
2025-03-31 10:00:07,587 - INFO - Checking if the browser is landing on the Connection Panel
2025-03-31 10:00:07,604 - INFO - Connection button is available, so the browser is on the Connection Page
2025-03-31 10:00:11,824 - INFO - Opening browser using way1
2025-03-31 10:00:23,856 - INFO - Tester status: Connected
2025-03-31 10:00:23,857 - INFO - Verify The browser title in the UI tab should contain the text GRL-C3-TPT.
2025-03-31 10:00:23,872 - INFO - The browser title is GRL-C3-TPT
2025-03-31 10:00:44,334 - INFO - Opening browser using way1
2025-03-31 10:00:57,218 - INFO - Tester status: Connected
2025-03-31 10:00:57,219 - INFO - Verifying the 'Scan Network' button is visible on the UI
2025-03-31 10:00:57,260 - INFO - The 'Scan Network' button is visible on the UI.
2025-03-31 10:00:57,260 - INFO - Verifying the 'Scan Network' button is clickable
2025-03-31 10:00:57,275 - INFO - The 'Scan Network' button is clickable.
2025-03-31 10:00:57,276 - INFO - Clicking the 'Scan Network' button
2025-03-31 10:01:07,656 - WARNING - Could not confirm that the scan has started via button state: Message: 

2025-03-31 10:01:07,657 - INFO - Scan button click registered. Proceeding without disabled state confirmation as the UI may not change the button's state.
2025-03-31 10:01:07,668 - INFO - Scan completed in 10.39 seconds
2025-03-31 10:01:08,070 - INFO - Screenshot of available networks taken.
2025-03-31 10:01:11,520 - INFO - Opening browser using way1
2025-03-31 10:01:22,056 - INFO - Tester status: Connected
2025-03-31 10:01:22,077 - INFO - The 'Scan Network' button is visible on the UI.
2025-03-31 10:01:22,077 - INFO - Clicking the 'Scan Network' button.
2025-03-31 10:01:22,205 - INFO - The 'Connect' button is disabled during scanning as expected.
2025-03-31 10:02:22,226 - INFO - Scanning process completed. The 'connection' button is visible again.
2025-03-31 10:02:25,655 - INFO - Opening browser using way1
2025-03-31 10:02:36,009 - INFO - Tester status: Connected
2025-03-31 10:02:36,010 - INFO - Waiting for the Setup Diagram element to be visible
2025-03-31 10:02:36,028 - INFO - Setup Diagram element is visible. Clicking it now.
2025-03-31 10:02:36,107 - INFO - Waiting for the modal to display the expected text
2025-03-31 10:02:36,134 - INFO - Modal displays the expected text: 'GRL-C3-TPT Setup Diagram'
2025-03-31 10:02:36,329 - INFO - Screenshot of the Setup Diagram view taken after clicking OK.
2025-03-31 10:02:36,330 - INFO - Waiting for the OK button to be clickable
2025-03-31 10:02:36,362 - INFO - Clicking the OK button in the modal
2025-03-31 10:02:36,463 - INFO - Modal dismissed; back to the Connection Panel.
2025-03-31 10:02:40,021 - INFO - Opening browser using way1
2025-03-31 10:02:50,358 - INFO - Tester status: Connected
2025-03-31 10:02:50,359 - INFO - Opening application URL
2025-03-31 10:02:51,582 - INFO - Initial tester status: Connected
2025-03-31 10:02:51,736 - INFO - Entered wrong IP: 192.168.255.22
2025-03-31 10:03:01,895 - INFO - Clicked on the Connect button.
2025-03-31 10:03:06,917 - INFO - Tester status after clicking Connect: Invalid IP address format : 192.168.5.74192.168.255.22
2025-03-31 10:03:06,917 - INFO - Expected error message is present: Invalid IP address format : 192.168.5.74192.168.255.22
2025-03-31 10:03:09,146 - INFO - Starting test: Check for the Readme file
2025-03-31 10:03:09,148 - INFO - File found: C:\GRL\GRL-C3-MP-TPT\ReadMe.txt
2025-03-31 10:03:09,150 - INFO - File content verified: C:\GRL\GRL-C3-MP-TPT\ReadMe.txt
2025-03-31 10:03:09,150 - INFO - Readme file verification passed.
2025-03-31 10:03:09,154 - INFO - Starting test: Check for the Release Notes file
2025-03-31 10:03:09,156 - INFO - File found: C:\GRL\GRL-C3-MP-TPT\GRL-C3-TPT Release Notes.pdf
2025-03-31 10:03:09,156 - INFO - Release Notes file verification passed.
2025-03-31 10:03:09,158 - INFO - Starting test: Check for the Eload files
2025-03-31 10:03:09,160 - INFO - File found: C:\GRL\GRL-C3-MP-TPT\Firmware_Files\BPP_EPP\PPS_ELOAD.bin
2025-03-31 10:03:09,160 - INFO - Eload file verification passed.
2025-03-31 10:03:09,164 - INFO - Starting test: Check for the Firmware files
2025-03-31 10:03:09,165 - INFO - Directory found: C:\GRL\GRL-C3-MP-TPT\Firmware_Files\BPP_EPP
2025-03-31 10:03:09,166 - INFO - File found: C:\GRL\GRL-C3-MP-TPT\Firmware_Files\BPP_EPP\BOOT.BIN
2025-03-31 10:03:09,167 - INFO - File found: C:\GRL\GRL-C3-MP-TPT\Firmware_Files\BPP_EPP\image.ub
2025-03-31 10:03:09,167 - INFO - File found: C:\GRL\GRL-C3-MP-TPT\Firmware_Files\BPP_EPP\start.sh
2025-03-31 10:03:09,168 - INFO - All firmware files are present.
2025-03-31 10:03:09,168 - INFO - Firmware files verification passed.
2025-03-31 10:03:10,385 - INFO - Opening browser using way1
2025-03-31 10:03:20,646 - INFO - Tester status: Disconnected
2025-03-31 10:03:33,245 - INFO - Tester status: IP address "192.168.255.1" unreachable
2025-03-31 10:03:45,872 - INFO - Tester status: IP address "192.168.255.1" unreachable
2025-03-31 10:03:58,489 - INFO - Tester status: IP address "192.168.255.1" unreachable
2025-03-31 10:04:11,117 - INFO - Tester status: IP address "192.168.255.1" unreachable
2025-03-31 10:04:23,728 - INFO - Tester status: IP address "192.168.255.1" unreachable
2025-03-31 10:04:36,328 - INFO - Tester status: IP address "192.168.255.1" unreachable
2025-03-31 10:04:48,960 - INFO - Tester status: IP address "192.168.255.1" unreachable
2025-03-31 10:05:01,627 - INFO - Tester status: IP address "192.168.255.1" unreachable
2025-03-31 10:05:14,212 - INFO - Tester status: IP address "192.168.255.1" unreachable
2025-03-31 10:05:26,832 - ERROR - Failed to establish connection after maximum retries
2025-03-31 15:19:31,300 - INFO - Using TEST_IP: 192.168.5.74
2025-03-31 15:19:31,305 - INFO - Setting up the WebDriver
2025-03-31 15:19:33,539 - INFO - Opening browser using way1
2025-03-31 15:19:45,709 - INFO - Tester status: Connected
2025-03-31 15:19:45,710 - INFO - Verifying tester connection status
2025-03-31 15:19:45,732 - INFO - Tester connection status: Connected
2025-03-31 15:19:45,733 - INFO - Tester connected successfully.
2025-03-31 15:19:45,766 - INFO - Extracted Tester Status: Connected
2025-03-31 15:19:45,798 - INFO - Extracted Serial Number: GRL-C3-MP-2023006
2025-03-31 15:19:45,829 - INFO - Extracted Firmware Version: 5.0.1.29 / 1.9
2025-03-31 15:19:45,867 - INFO - Extracted Next Calibration Date: 22 May 2025
2025-03-31 15:19:45,899 - INFO - Extracted Tester IP Address: 192.168.5.74
2025-03-31 15:19:45,931 - INFO - Extracted Port: 5002
2025-03-31 15:19:45,933 - INFO - Test execution completed.
2025-03-31 15:19:45,944 - INFO - Page title: GRL-C3-TPT Software
2025-03-31 15:19:45,951 - INFO - Page URL: http://localhost:2004/v3220126.html
2025-03-31 15:19:45,952 - INFO - Clicking on Test Configuration
2025-03-31 15:19:46,058 - INFO - Clicking on body of the UI to enable interactions
2025-03-31 15:19:46,150 - INFO - Clicking on Edit SDF Button
2025-03-31 15:19:46,329 - INFO - Entering Applicant Name
2025-03-31 15:19:46,591 - INFO - Entering Product Name
2025-03-31 15:19:46,759 - INFO - Clicking WPID Support Checkbox
2025-03-31 15:19:48,866 - INFO - Clicking Update Button
2025-03-31 15:19:53,951 - INFO - Clicking Export Button
2025-03-31 15:19:59,063 - INFO - Waiting for JSON file to download
2025-03-31 15:19:59,069 - INFO - Downloaded file renamed to: SDF_Export_20250331_151959.json
2025-03-31 15:20:06,249 - INFO - Uploading downloaded JSON file
2025-03-31 15:20:06,250 - INFO - C:\Users\GRL\Downloads\SDF_Export_20250331_151959.json
2025-03-31 15:20:06,289 - INFO - File uploaded: C:\Users\GRL\Downloads\SDF_Export_20250331_151959.json
2025-03-31 15:20:11,290 - INFO - Waiting for 'Create Project' button to be clickable
2025-03-31 15:20:11,448 - INFO - Clicked on 'Create Project' successfully
2025-03-31 15:20:16,450 - INFO - Validating Product Name after upload
2025-03-31 15:20:16,510 - INFO - Page title: GRL-C3-TPT Software
2025-03-31 15:20:16,518 - INFO - Page URL: http://localhost:2004/v3220126.html
2025-03-31 15:20:16,518 - INFO - Locating PRx Compliance Tests MPP V2.0.1 checkbox
2025-03-31 15:20:36,997 - WARNING - UI item not available or error occurred: Message: 
Stacktrace:
	GetHandleVerifier [0x00007FF6A97E4C25+3179557]
	(No symbol) [0x00007FF6A94488A0]
	(No symbol) [0x00007FF6A92D91CA]
	(No symbol) [0x00007FF6A932FA67]
	(No symbol) [0x00007FF6A932FC9C]
	(No symbol) [0x00007FF6A9383627]
	(No symbol) [0x00007FF6A9357C6F]
	(No symbol) [0x00007FF6A93802F3]
	(No symbol) [0x00007FF6A9357A03]
	(No symbol) [0x00007FF6A93206D0]
	(No symbol) [0x00007FF6A9321983]
	GetHandleVerifier [0x00007FF6A98467CD+3579853]
	GetHandleVerifier [0x00007FF6A985D1D2+3672530]
	GetHandleVerifier [0x00007FF6A9852153+3627347]
	GetHandleVerifier [0x00007FF6A95B092A+868650]
	(No symbol) [0x00007FF6A9452FFF]
	(No symbol) [0x00007FF6A944F4A4]
	(No symbol) [0x00007FF6A944F646]
	(No symbol) [0x00007FF6A943EAA9]
	BaseThreadInitThunk [0x00007FF9358D54E0+16]
	RtlUserThreadStart [0x00007FF936AA485B+43]

2025-03-31 15:20:37,002 - INFO - Closing the WebDriver
2025-03-31 15:23:27,022 - INFO - Using TEST_IP: 192.168.5.74
2025-03-31 15:23:27,026 - INFO - Setting up the WebDriver
2025-03-31 15:23:28,245 - INFO - Opening browser using way1
2025-03-31 15:23:38,759 - INFO - Tester status: Connected
2025-03-31 15:23:38,760 - INFO - Verifying tester connection status
2025-03-31 15:23:38,777 - INFO - Tester connection status: Connected
2025-03-31 15:23:38,777 - INFO - Tester connected successfully.
2025-03-31 15:23:38,806 - INFO - Extracted Tester Status: Connected
2025-03-31 15:23:38,833 - INFO - Extracted Serial Number: GRL-C3-MP-2023006
2025-03-31 15:23:38,861 - INFO - Extracted Firmware Version: 5.0.1.29 / 1.9
2025-03-31 15:23:38,889 - INFO - Extracted Next Calibration Date: 22 May 2025
2025-03-31 15:23:38,911 - INFO - Extracted Tester IP Address: 192.168.5.74
2025-03-31 15:23:38,940 - INFO - Extracted Port: 5002
2025-03-31 15:23:38,941 - INFO - Test execution completed.
2025-03-31 15:23:38,950 - INFO - Page title: GRL-C3-TPT Software
2025-03-31 15:23:38,955 - INFO - Page URL: http://localhost:2004/v3220126.html
2025-03-31 15:23:38,955 - INFO - Clicking on Test Configuration
2025-03-31 15:23:39,051 - INFO - Clicking on body of the UI to enable interactions
2025-03-31 15:23:39,126 - INFO - Clicking on Edit SDF Button
2025-03-31 15:23:39,280 - INFO - Entering Applicant Name
2025-03-31 15:23:39,503 - INFO - Entering Product Name
2025-03-31 15:23:39,629 - INFO - Clicking WPID Support Checkbox
2025-03-31 15:23:41,744 - INFO - Clicking Update Button
2025-03-31 15:23:46,827 - INFO - Clicking Export Button
2025-03-31 15:23:51,936 - INFO - Waiting for JSON file to download
2025-03-31 15:23:51,939 - INFO - Downloaded file renamed to: SDF_Export_20250331_152351.json
2025-03-31 15:23:59,098 - INFO - Uploading downloaded JSON file
2025-03-31 15:23:59,099 - INFO - C:\Users\GRL\Downloads\SDF_Export_20250331_152351.json
2025-03-31 15:23:59,143 - INFO - File uploaded: C:\Users\GRL\Downloads\SDF_Export_20250331_152351.json
2025-03-31 15:24:04,144 - INFO - Waiting for 'Create Project' button to be clickable
2025-03-31 15:24:04,337 - INFO - Clicked on 'Create Project' successfully
2025-03-31 15:24:09,339 - INFO - Validating Product Name after upload
2025-03-31 15:24:09,400 - INFO - Page title: GRL-C3-TPT Software
2025-03-31 15:24:09,407 - INFO - Page URL: http://localhost:2004/v3220126.html
2025-03-31 15:24:09,408 - INFO - Locating PRx Compliance Tests MPP V2.0.1 checkbox
2025-03-31 15:24:29,837 - ERROR - Tester is not having 2.2 license.
2025-03-31 15:24:29,840 - INFO - Closing the WebDriver
2025-03-31 15:57:44,177 - INFO - Using TEST_IP: 192.168.5.74
2025-03-31 15:57:45,476 - INFO - Opening browser using way1
2025-03-31 15:57:57,520 - INFO - Tester status: Connected
2025-03-31 15:57:57,521 - INFO - Checking if the Browser application is having Report Panel
2025-03-31 15:57:57,545 - INFO - Report button is available on the Browser Application
2025-03-31 15:57:59,670 - INFO - View Report button is available.
2025-03-31 15:57:59,693 - INFO - Download Current HTML button is available.
2025-03-31 15:57:59,719 - INFO - Download BSUT Report button is available.
2025-03-31 15:57:59,744 - INFO - Report Data Management button is available.
2025-03-31 15:57:59,764 - INFO - Synthetic File button is available.
2025-03-31 16:05:36,303 - INFO - Using TEST_IP: 192.168.5.74
2025-03-31 16:05:37,587 - INFO - Opening browser using way1
2025-03-31 16:05:47,719 - INFO - Tester status: Connected
2025-03-31 16:05:47,720 - INFO - Checking if the Browser application is having Report Panel
2025-03-31 16:05:47,747 - INFO - Report button is available on the Browser Application
2025-03-31 16:05:49,865 - INFO - View Report button is available.
2025-03-31 16:05:49,888 - INFO - Download Current HTML button is available.
2025-03-31 16:05:49,911 - INFO - Download BSUT Report button is available.
2025-03-31 16:05:49,935 - INFO - Report Data Management button is available.
2025-03-31 16:05:49,954 - INFO - Synthetic File button is available.
2025-03-31 16:06:37,781 - INFO - Checking if the Browser application is having Report Panel
2025-03-31 16:06:37,804 - INFO - Report button is available on the Browser Application
2025-03-31 16:11:57,390 - INFO - Using TEST_IP: 192.168.5.74
2025-03-31 16:11:58,754 - INFO - Opening browser using way1
2025-03-31 16:12:09,206 - INFO - Tester status: Connected
2025-03-31 16:12:09,207 - INFO - Checking if the Browser application is having Report Panel
2025-03-31 16:12:09,230 - INFO - Report button is available on the Browser Application
2025-03-31 16:12:11,350 - INFO - View Report button is available.
2025-03-31 16:12:11,375 - INFO - Download Current HTML button is available.
2025-03-31 16:12:11,400 - INFO - Download BSUT Report button is available.
2025-03-31 16:12:11,425 - INFO - Report Data Management button is available.
2025-03-31 16:12:11,445 - INFO - Synthetic File button is available.
2025-03-31 17:15:03,482 - INFO - Using TEST_IP: 192.168.5.74
2025-03-31 17:15:05,457 - INFO - Opening browser using way1
2025-03-31 17:15:15,791 - INFO - Tester status: Connected
2025-03-31 17:15:15,792 - INFO - Checking if the Browser application is having Report Panel
2025-03-31 17:15:15,809 - INFO - Report button is available on the Browser Application
2025-03-31 17:15:17,910 - INFO - View Report button is available.
2025-03-31 17:15:17,940 - INFO - Download Current HTML button is available.
2025-03-31 17:15:17,961 - INFO - Download BSUT Report button is available.
2025-03-31 17:15:17,979 - INFO - Report Data Management button is available.
2025-03-31 17:15:17,996 - INFO - Synthetic File button is available.
2025-03-31 17:15:29,287 - INFO - Using TEST_IP: 192.168.5.74
2025-03-31 17:15:30,518 - INFO - Opening browser using way1
2025-03-31 17:15:40,677 - INFO - Tester status: Connected
2025-03-31 17:15:40,678 - INFO - Checking if the Browser application is having Report Panel
2025-03-31 17:15:40,698 - INFO - Report button is available on the Browser Application
2025-03-31 17:15:42,791 - INFO - View Report button is available.
2025-03-31 17:15:42,807 - INFO - Download Current HTML button is available.
2025-03-31 17:17:14,774 - INFO - Using TEST_IP: 192.168.5.74
2025-03-31 17:17:16,007 - INFO - Opening browser using way1
2025-03-31 17:17:28,222 - INFO - Tester status: Connected
2025-03-31 17:17:28,223 - INFO - Checking if the Browser application is having Report Panel
2025-03-31 17:17:28,239 - INFO - Report button is available on the Browser Application
2025-03-31 17:17:30,329 - INFO - View Report button is available.
2025-03-31 17:17:30,347 - INFO - Download Current HTML button is available.
2025-03-31 17:17:30,363 - INFO - Download Current HTML button is available.
2025-03-31 17:31:27,543 - INFO - Using TEST_IP: 192.168.5.74
2025-03-31 17:31:28,888 - INFO - Opening browser using way1
2025-03-31 17:31:39,418 - INFO - Tester status: Connected
2025-03-31 17:31:39,435 - INFO - Report button is available on the Browser Application
2025-03-31 17:31:41,533 - INFO - View Report button is available.
2025-03-31 17:31:41,556 - INFO - Download Current HTML button is available.
2025-03-31 17:31:41,575 - INFO - Download Current HTML button is available.
2025-03-31 17:31:41,697 - INFO - Clicked Download button, waiting for popup.
2025-03-31 17:31:51,876 - ERROR - Error while handling popup: Message: 
Stacktrace:
	GetHandleVerifier [0x00007FF63C2A4C25+3179557]
	(No symbol) [0x00007FF63BF088A0]
	(No symbol) [0x00007FF63BD991CA]
	(No symbol) [0x00007FF63BDEFA67]
	(No symbol) [0x00007FF63BDEFC9C]
	(No symbol) [0x00007FF63BE43627]
	(No symbol) [0x00007FF63BE17C6F]
	(No symbol) [0x00007FF63BE402F3]
	(No symbol) [0x00007FF63BE17A03]
	(No symbol) [0x00007FF63BDE06D0]
	(No symbol) [0x00007FF63BDE1983]
	GetHandleVerifier [0x00007FF63C3067CD+3579853]
	GetHandleVerifier [0x00007FF63C31D1D2+3672530]
	GetHandleVerifier [0x00007FF63C312153+3627347]
	GetHandleVerifier [0x00007FF63C07092A+868650]
	(No symbol) [0x00007FF63BF12FFF]
	(No symbol) [0x00007FF63BF0F4A4]
	(No symbol) [0x00007FF63BF0F646]
	(No symbol) [0x00007FF63BEFEAA9]
	BaseThreadInitThunk [0x00007FF9358D54E0+16]
	RtlUserThreadStart [0x00007FF936AA485B+43]

2025-03-31 17:31:51,887 - INFO - Download Current HTML button is available.
2025-03-31 17:31:52,987 - ERROR - Error while handling popup: Message: element click intercepted: Element <button type="button" id="report_toolbar_download_html_button" class="grl-button btn-primary refresh-btn btn btn-primary">...</button> is not clickable at point (347, 86). Other element would receive the click: <div class="modal-backdrop"></div>
  (Session info: chrome=134.0.6998.178)
Stacktrace:
	GetHandleVerifier [0x00007FF63C2A4C25+3179557]
	(No symbol) [0x00007FF63BF088A0]
	(No symbol) [0x00007FF63BD991CA]
	(No symbol) [0x00007FF63BDF7929]
	(No symbol) [0x00007FF63BDF52E2]
	(No symbol) [0x00007FF63BDF2381]
	(No symbol) [0x00007FF63BDF1281]
	(No symbol) [0x00007FF63BDE2A24]
	(No symbol) [0x00007FF63BE17C2A]
	(No symbol) [0x00007FF63BDE22D6]
	(No symbol) [0x00007FF63BE17E40]
	(No symbol) [0x00007FF63BE402F3]
	(No symbol) [0x00007FF63BE17A03]
	(No symbol) [0x00007FF63BDE06D0]
	(No symbol) [0x00007FF63BDE1983]
	GetHandleVerifier [0x00007FF63C3067CD+3579853]
	GetHandleVerifier [0x00007FF63C31D1D2+3672530]
	GetHandleVerifier [0x00007FF63C312153+3627347]
	GetHandleVerifier [0x00007FF63C07092A+868650]
	(No symbol) [0x00007FF63BF12FFF]
	(No symbol) [0x00007FF63BF0F4A4]
	(No symbol) [0x00007FF63BF0F646]
	(No symbol) [0x00007FF63BEFEAA9]
	BaseThreadInitThunk [0x00007FF9358D54E0+16]
	RtlUserThreadStart [0x00007FF936AA485B+43]

2025-03-31 17:33:28,978 - INFO - Using TEST_IP: 192.168.5.74
2025-03-31 17:33:30,157 - INFO - Opening browser using way1
2025-03-31 17:33:40,495 - INFO - Tester status: Connected
2025-03-31 17:33:40,515 - INFO - Report button is available on the Browser Application
2025-03-31 17:33:42,627 - INFO - View Report button is available.
2025-03-31 17:33:42,669 - INFO - Download Current HTML button is available.
2025-03-31 17:33:42,685 - INFO - Download Current HTML button is available.
2025-03-31 17:33:42,811 - INFO - Clicked Download button, waiting for popup.
2025-03-31 17:33:52,988 - ERROR - Error while handling popup: Message: 
Stacktrace:
	GetHandleVerifier [0x00007FF63C2A4C25+3179557]
	(No symbol) [0x00007FF63BF088A0]
	(No symbol) [0x00007FF63BD991CA]
	(No symbol) [0x00007FF63BDEFA67]
	(No symbol) [0x00007FF63BDEFC9C]
	(No symbol) [0x00007FF63BE43627]
	(No symbol) [0x00007FF63BE17C6F]
	(No symbol) [0x00007FF63BE402F3]
	(No symbol) [0x00007FF63BE17A03]
	(No symbol) [0x00007FF63BDE06D0]
	(No symbol) [0x00007FF63BDE1983]
	GetHandleVerifier [0x00007FF63C3067CD+3579853]
	GetHandleVerifier [0x00007FF63C31D1D2+3672530]
	GetHandleVerifier [0x00007FF63C312153+3627347]
	GetHandleVerifier [0x00007FF63C07092A+868650]
	(No symbol) [0x00007FF63BF12FFF]
	(No symbol) [0x00007FF63BF0F4A4]
	(No symbol) [0x00007FF63BF0F646]
	(No symbol) [0x00007FF63BEFEAA9]
	BaseThreadInitThunk [0x00007FF9358D54E0+16]
	RtlUserThreadStart [0x00007FF936AA485B+43]

2025-03-31 17:33:53,000 - INFO - Download Current HTML button is available.
2025-03-31 17:33:54,113 - ERROR - Error while handling popup: Message: element click intercepted: Element <button type="button" id="report_toolbar_download_html_button" class="grl-button btn-primary refresh-btn btn btn-primary">...</button> is not clickable at point (347, 86). Other element would receive the click: <div class="modal-backdrop"></div>
  (Session info: chrome=134.0.6998.178)
Stacktrace:
	GetHandleVerifier [0x00007FF63C2A4C25+3179557]
	(No symbol) [0x00007FF63BF088A0]
	(No symbol) [0x00007FF63BD991CA]
	(No symbol) [0x00007FF63BDF7929]
	(No symbol) [0x00007FF63BDF52E2]
	(No symbol) [0x00007FF63BDF2381]
	(No symbol) [0x00007FF63BDF1281]
	(No symbol) [0x00007FF63BDE2A24]
	(No symbol) [0x00007FF63BE17C2A]
	(No symbol) [0x00007FF63BDE22D6]
	(No symbol) [0x00007FF63BE17E40]
	(No symbol) [0x00007FF63BE402F3]
	(No symbol) [0x00007FF63BE17A03]
	(No symbol) [0x00007FF63BDE06D0]
	(No symbol) [0x00007FF63BDE1983]
	GetHandleVerifier [0x00007FF63C3067CD+3579853]
	GetHandleVerifier [0x00007FF63C31D1D2+3672530]
	GetHandleVerifier [0x00007FF63C312153+3627347]
	GetHandleVerifier [0x00007FF63C07092A+868650]
	(No symbol) [0x00007FF63BF12FFF]
	(No symbol) [0x00007FF63BF0F4A4]
	(No symbol) [0x00007FF63BF0F646]
	(No symbol) [0x00007FF63BEFEAA9]
	BaseThreadInitThunk [0x00007FF9358D54E0+16]
	RtlUserThreadStart [0x00007FF936AA485B+43]

2025-03-31 17:39:31,682 - INFO - Using TEST_IP: 192.168.5.74
2025-03-31 17:39:32,887 - INFO - Opening browser using way1
2025-03-31 17:39:45,021 - INFO - Tester status: Connected
2025-03-31 17:39:45,041 - INFO - Report button is available on the Browser Application
2025-03-31 17:39:47,133 - INFO - View Report button is available.
2025-03-31 17:39:47,150 - INFO - Download Current HTML button is available.
2025-03-31 17:39:47,167 - INFO - Download Current HTML button is available.
2025-03-31 17:45:28,229 - INFO - Using TEST_IP: 192.168.5.74
2025-03-31 17:45:29,405 - INFO - Opening browser using way1
2025-03-31 17:45:39,797 - INFO - Tester status: Connected
2025-03-31 17:45:39,819 - INFO - Report button is available on the Browser Application
2025-03-31 17:45:41,918 - INFO - View Report button is available.
2025-03-31 17:45:41,940 - INFO - Download Current HTML button is available.
2025-03-31 17:45:41,960 - INFO - Download Current HTML button is available.
2025-03-31 17:45:41,961 - INFO - Step 1: Clicking Download Current HTML button
2025-03-31 17:45:42,072 - INFO - Step 2: Verifying OK and Cancel buttons in popup
2025-03-31 17:45:42,113 - INFO - Step 3: Clicking Cancel
2025-03-31 17:45:42,194 - INFO - Step 4: Verifying Download Current HTML button is still available
2025-03-31 17:45:42,241 - INFO - Step 5: Clicking Download Current HTML button again
2025-03-31 17:45:42,325 - INFO - Step 6: Clicking OK in popup
2025-03-31 17:45:42,419 - INFO - Step 7: Waiting for error popup to appear
2025-03-31 17:45:43,497 - INFO - Step 8: Waiting for error popup to disappear (max 15 seconds)
2025-03-31 17:45:48,068 - INFO - Step 9: Verifying Download Current HTML button is available after error popup
2025-03-31 17:48:13,024 - INFO - Using TEST_IP: 192.168.5.74
2025-03-31 17:48:14,264 - INFO - Opening browser using way1
2025-03-31 17:48:24,795 - INFO - Tester status: Connected
2025-03-31 17:48:24,812 - INFO - Report button is available on the Browser Application
2025-03-31 17:48:26,904 - INFO - View Report button is available.
2025-03-31 17:48:26,908 - INFO - Step 1: Clicking Download Current HTML button
2025-03-31 17:48:27,031 - INFO - Step 2: Verifying OK and Cancel buttons in popup
2025-03-31 17:48:37,206 - ERROR - Download Current HTML flow failed: Message: 
Stacktrace:
	GetHandleVerifier [0x00007FF63C2A4C25+3179557]
	(No symbol) [0x00007FF63BF088A0]
	(No symbol) [0x00007FF63BD991CA]
	(No symbol) [0x00007FF63BDEFA67]
	(No symbol) [0x00007FF63BDEFC9C]
	(No symbol) [0x00007FF63BE43627]
	(No symbol) [0x00007FF63BE17C6F]
	(No symbol) [0x00007FF63BE402F3]
	(No symbol) [0x00007FF63BE17A03]
	(No symbol) [0x00007FF63BDE06D0]
	(No symbol) [0x00007FF63BDE1983]
	GetHandleVerifier [0x00007FF63C3067CD+3579853]
	GetHandleVerifier [0x00007FF63C31D1D2+3672530]
	GetHandleVerifier [0x00007FF63C312153+3627347]
	GetHandleVerifier [0x00007FF63C07092A+868650]
	(No symbol) [0x00007FF63BF12FFF]
	(No symbol) [0x00007FF63BF0F4A4]
	(No symbol) [0x00007FF63BF0F646]
	(No symbol) [0x00007FF63BEFEAA9]
	BaseThreadInitThunk [0x00007FF9358D54E0+16]
	RtlUserThreadStart [0x00007FF936AA485B+43]

2025-03-31 17:48:37,379 - INFO - Screenshot saved for debugging.
2025-03-31 18:04:08,456 - INFO - Using TEST_IP: 192.168.5.74
2025-03-31 18:04:09,672 - INFO - Opening browser using way1
2025-03-31 18:04:20,377 - INFO - Tester status: Connected
2025-03-31 18:04:20,392 - INFO - Report button is available on the Browser Application
2025-03-31 18:04:22,480 - INFO - View Report button is available.
2025-03-31 18:04:55,828 - INFO - Using TEST_IP: 192.168.5.74
2025-03-31 18:04:57,051 - INFO - Opening browser using way1
2025-03-31 18:05:07,215 - INFO - Tester status: Connected
2025-03-31 18:05:07,234 - INFO - Report button is available on the Browser Application
2025-03-31 18:05:09,344 - INFO - View Report button is available.
2025-03-31 18:05:09,346 - INFO - Checking Download Current HTML flow
2025-03-31 18:05:15,356 - INFO - Checking Download Current BSUT Report Data flow
2025-03-31 18:07:48,217 - INFO - Using TEST_IP: 192.168.5.74
2025-03-31 18:07:49,467 - INFO - Opening browser using way1
2025-03-31 18:08:01,472 - INFO - Tester status: Connected
2025-03-31 18:08:01,473 - INFO - Step: Checking Report Button availability
2025-03-31 18:08:01,495 - INFO - Report button is available.
2025-03-31 18:08:01,584 - INFO - Clicked Report button.
2025-03-31 18:08:03,589 - INFO - Step: Checking 'View Report' button availability
2025-03-31 18:08:03,607 - INFO - View Report button is available.
2025-03-31 18:08:03,612 - INFO - ====== Starting Download Current HTML Button Flow ======
2025-03-31 18:08:03,614 - INFO - Step 1: Clicking Download Current HTML button
2025-03-31 18:08:03,763 - INFO - Step 2: Waiting for popup OK and Cancel buttons
2025-03-31 18:08:03,788 - INFO - Step 2 Result: Popup OK and Cancel buttons are available
2025-03-31 18:08:03,789 - INFO - Step 3: Clicking Cancel
2025-03-31 18:08:03,870 - INFO - Step 4: Verifying Download Current HTML button availability after Cancel
2025-03-31 18:08:03,921 - INFO - Step 4 Result: Download Current HTML button is available after Cancel
2025-03-31 18:08:03,921 - INFO - Step 5: Clicking Download Current HTML button again
2025-03-31 18:08:04,017 - INFO - Step 6: Clicking OK in popup
2025-03-31 18:08:04,102 - INFO - Step 7: Waiting for error popup to appear
2025-03-31 18:08:05,160 - INFO - Step 8: Waiting for error popup to disappear (max 15 seconds)
2025-03-31 18:08:09,729 - INFO - Step 9: Verifying Download Current HTML button availability after error popup
2025-03-31 18:08:09,738 - INFO - ====== Completed Download Current HTML Button Flow Successfully ======
2025-03-31 18:08:09,741 - INFO - ====== Starting Download Current BSUT Report Data Button Flow ======
2025-03-31 18:08:09,741 - INFO - Step 1: Clicking Download Current BSUT Report Data button
2025-03-31 18:08:09,849 - INFO - Step 2: Waiting for popup OK and Cancel buttons
2025-03-31 18:08:09,874 - INFO - Step 2 Result: Popup OK and Cancel buttons are available
2025-03-31 18:08:09,875 - INFO - Step 3: Clicking Cancel
2025-03-31 18:08:09,924 - INFO - Step 4: Verifying Download Current BSUT Report Data button availability after Cancel
2025-03-31 18:08:09,942 - INFO - Step 4 Result: Download Current BSUT Report Data button is available after Cancel
2025-03-31 18:08:09,943 - INFO - Step 5: Clicking Download Current BSUT Report Data button again
2025-03-31 18:08:10,033 - INFO - Step 6: Clicking OK in popup
2025-03-31 18:08:10,110 - INFO - Step 7: Waiting for error popup to appear
2025-03-31 18:08:10,146 - INFO - Step 8: Waiting for error popup to disappear (max 15 seconds)
2025-03-31 18:08:15,734 - INFO - Step 9: Verifying Download Current BSUT Report Data button availability after error popup
2025-03-31 18:08:15,743 - INFO - ====== Completed Download Current BSUT Report Data Button Flow Successfully ======
2025-03-31 18:09:27,849 - INFO - Using TEST_IP: 192.168.5.74
2025-03-31 18:09:29,067 - INFO - Opening browser using way1
2025-03-31 18:09:39,614 - INFO - Tester status: Connected
2025-03-31 18:09:39,615 - INFO - Step: Checking Report Button availability
2025-03-31 18:09:39,633 - INFO - Report button is available.
2025-03-31 18:09:39,710 - INFO - Clicked Report button.
2025-03-31 18:09:41,714 - INFO - Step: Checking 'View Report' button availability
2025-03-31 18:09:41,731 - INFO - View Report button is available.
2025-03-31 18:09:41,734 - INFO - ====== Starting Download Current HTML Button Flow ======
2025-03-31 18:09:41,734 - INFO - Step 1: Clicking Download Current HTML button
2025-03-31 18:09:41,842 - INFO - Step 2: Waiting for popup OK and Cancel buttons
2025-03-31 18:09:41,859 - INFO - Step 2 Result: Popup OK and Cancel buttons are available
2025-03-31 18:09:41,860 - INFO - Step 3: Clicking Cancel
2025-03-31 18:09:41,930 - INFO - Step 4: Verifying Download Current HTML button availability after Cancel
2025-03-31 18:09:41,946 - INFO - Step 4 Result: Download Current HTML button is available after Cancel
2025-03-31 18:09:41,947 - INFO - Step 5: Clicking Download Current HTML button again
2025-03-31 18:09:42,060 - INFO - Step 6: Clicking OK in popup
2025-03-31 18:09:42,145 - INFO - Step 7: Waiting for error popup to appear
2025-03-31 18:09:43,201 - INFO - Step 8: Waiting for error popup to disappear (max 15 seconds)
2025-03-31 18:09:47,770 - INFO - Step 9: Verifying Download Current HTML button availability after error popup
2025-03-31 18:09:47,779 - INFO - ====== Completed Download Current HTML Button Flow Successfully ======
2025-03-31 18:09:47,782 - INFO - ====== Starting Download Current BSUT Report Data Button Flow ======
2025-03-31 18:09:47,782 - INFO - Step 1: Clicking Download Current BSUT Report Data button
2025-03-31 18:09:47,869 - INFO - Step 2: Waiting for popup OK and Cancel buttons
2025-03-31 18:09:47,885 - INFO - Step 2 Result: Popup OK and Cancel buttons are available
2025-03-31 18:09:47,885 - INFO - Step 3: Clicking Cancel
2025-03-31 18:09:47,967 - INFO - Step 4: Verifying Download Current BSUT Report Data button availability after Cancel
2025-03-31 18:09:47,980 - INFO - Step 4 Result: Download Current BSUT Report Data button is available after Cancel
2025-03-31 18:09:47,980 - INFO - Step 5: Clicking Download Current BSUT Report Data button again
2025-03-31 18:09:48,062 - INFO - Step 6: Clicking OK in popup
2025-03-31 18:09:48,135 - INFO - Step 7: Waiting for error popup to appear
2025-03-31 18:09:48,174 - INFO - Step 8: Waiting for error popup to disappear (max 15 seconds)
2025-03-31 18:09:53,767 - INFO - Step 9: Verifying Download Current BSUT Report Data button availability after error popup
2025-03-31 18:09:53,779 - INFO - ====== Completed Download Current BSUT Report Data Button Flow Successfully ======
2025-03-31 18:33:59,005 - INFO - Using TEST_IP: 192.168.5.74
2025-03-31 18:34:00,913 - INFO - Opening browser using way1
2025-03-31 18:34:11,500 - INFO - Tester status: Connected
2025-03-31 18:34:11,501 - INFO - Step: Checking Report Button availability
2025-03-31 18:34:11,516 - INFO - Report button is available.
2025-03-31 18:34:11,591 - INFO - Clicked Report button.
2025-03-31 18:34:13,594 - INFO - Step: Checking 'View Report' button availability
2025-03-31 18:34:13,611 - INFO - View Report button is available.
2025-03-31 18:34:13,614 - INFO - ====== Starting Download Current HTML Button Flow ======
2025-03-31 18:34:13,614 - INFO - Step 1: Clicking Download Current HTML button
2025-03-31 18:34:13,736 - INFO - Step 2: Waiting for popup OK and Cancel buttons
2025-03-31 18:34:13,758 - INFO - Step 2 Result: Popup OK and Cancel buttons are available
2025-03-31 18:34:13,759 - INFO - Step 3: Clicking Cancel
2025-03-31 18:34:13,841 - INFO - Step 4: Verifying Download Current HTML button availability after Cancel
2025-03-31 18:34:13,857 - INFO - Step 4 Result: Download Current HTML button is available after Cancel
2025-03-31 18:34:13,857 - INFO - Step 5: Clicking Download Current HTML button again
2025-03-31 18:34:13,958 - INFO - Step 6: Clicking OK in popup
2025-03-31 18:34:14,031 - INFO - Step 7: Waiting for error popup to appear
2025-03-31 18:34:15,102 - INFO - Step 8: Waiting for error popup to disappear (max 15 seconds)
2025-03-31 18:34:19,673 - INFO - Step 9: Verifying Download Current HTML button availability after error popup
2025-03-31 18:34:19,684 - INFO - ====== Completed Download Current HTML Button Flow Successfully ======
2025-03-31 18:34:19,687 - INFO - ====== Starting Download Current BSUT Report Data Button Flow ======
2025-03-31 18:34:19,688 - INFO - Step 1: Clicking Download Current BSUT Report Data button
2025-03-31 18:34:19,807 - INFO - Step 2: Waiting for popup OK and Cancel buttons
2025-03-31 18:34:19,826 - INFO - Step 2 Result: Popup OK and Cancel buttons are available
2025-03-31 18:34:19,827 - INFO - Step 3: Clicking Cancel
2025-03-31 18:34:19,878 - INFO - Step 4: Verifying Download Current BSUT Report Data button availability after Cancel
2025-03-31 18:34:19,897 - INFO - Step 4 Result: Download Current BSUT Report Data button is available after Cancel
2025-03-31 18:34:19,898 - INFO - Step 5: Clicking Download Current BSUT Report Data button again
2025-03-31 18:34:19,997 - INFO - Step 6: Clicking OK in popup
2025-03-31 18:34:20,091 - INFO - Step 7: Waiting for error popup to appear
2025-03-31 18:34:20,167 - INFO - Step 8: Waiting for error popup to disappear (max 15 seconds)
2025-03-31 18:34:25,753 - INFO - Step 9: Verifying Download Current BSUT Report Data button availability after error popup
2025-03-31 18:34:25,763 - INFO - ====== Completed Download Current BSUT Report Data Button Flow Successfully ======
2025-03-31 18:37:44,139 - INFO - Using TEST_IP: 192.168.5.74
2025-03-31 18:37:45,362 - INFO - Opening browser using way1
2025-03-31 18:37:57,474 - INFO - Tester status: Connected
2025-03-31 18:37:57,476 - INFO - Step: Checking Report Button availability
2025-03-31 18:37:57,492 - INFO - Report button is available.
2025-03-31 18:37:57,590 - INFO - Clicked Report button.
2025-03-31 18:37:59,595 - INFO - Step: Checking 'View Report' button availability
2025-03-31 18:37:59,615 - INFO - View Report button is available.
2025-03-31 18:37:59,617 - INFO - ====== Starting Download Current HTML Button Flow ======
2025-03-31 18:37:59,618 - INFO - Step 1: Clicking Download Current HTML button
2025-03-31 18:37:59,737 - INFO - Step 2: Waiting for popup OK and Cancel buttons
2025-03-31 18:37:59,758 - INFO - Step 2 Result: Popup OK and Cancel buttons are available
2025-03-31 18:37:59,759 - INFO - Step 3: Clicking Cancel
2025-03-31 18:37:59,837 - INFO - Step 4: Verifying Download Current HTML button availability after Cancel
2025-03-31 18:37:59,887 - INFO - Step 4 Result: Download Current HTML button is available after Cancel
2025-03-31 18:37:59,887 - INFO - Step 5: Clicking Download Current HTML button again
2025-03-31 18:37:59,996 - INFO - Step 6: Clicking OK in popup
2025-03-31 18:38:00,074 - INFO - Step 7: Waiting for error popup to appear
2025-03-31 18:38:01,136 - INFO - Step 8: Waiting for error popup to disappear (max 15 seconds)
2025-03-31 18:38:05,700 - INFO - Step 9: Verifying Download Current HTML button availability after error popup
2025-03-31 18:38:05,712 - INFO - ====== Completed Download Current HTML Button Flow Successfully ======
2025-03-31 18:38:05,715 - INFO - ====== Starting Download Current BSUT Report Data Button Flow ======
2025-03-31 18:38:05,716 - INFO - Step 1: Clicking Download Current BSUT Report Data button
2025-03-31 18:38:05,811 - INFO - Step 2: Waiting for popup OK and Cancel buttons
2025-03-31 18:38:05,831 - INFO - Step 2 Result: Popup OK and Cancel buttons are available
2025-03-31 18:38:05,831 - INFO - Step 3: Clicking Cancel
2025-03-31 18:38:05,888 - INFO - Step 4: Verifying Download Current BSUT Report Data button availability after Cancel
2025-03-31 18:38:05,902 - INFO - Step 4 Result: Download Current BSUT Report Data button is available after Cancel
2025-03-31 18:38:05,903 - INFO - Step 5: Clicking Download Current BSUT Report Data button again
2025-03-31 18:38:05,986 - INFO - Step 6: Clicking OK in popup
2025-03-31 18:38:06,072 - INFO - Step 7: Waiting for error popup to appear
2025-03-31 18:38:06,108 - INFO - Step 8: Waiting for error popup to disappear (max 15 seconds)
2025-03-31 18:38:11,700 - INFO - Step 9: Verifying Download Current BSUT Report Data button availability after error popup
2025-03-31 18:38:11,708 - INFO - ====== Completed Download Current BSUT Report Data Button Flow Successfully ======
2025-03-31 18:41:32,204 - INFO - Using TEST_IP: 192.168.5.74
2025-03-31 18:41:33,426 - INFO - Opening browser using way1
2025-03-31 18:41:45,372 - INFO - Tester status: Connected
2025-03-31 18:41:45,373 - INFO - Step: Checking Report Button availability
2025-03-31 18:41:45,392 - INFO - Report button is available.
2025-03-31 18:41:45,487 - INFO - Clicked Report button.
2025-03-31 18:41:47,491 - INFO - Step: Checking 'View Report' button availability
2025-03-31 18:41:47,509 - INFO - View Report button is available.
2025-03-31 18:41:47,512 - INFO - ====== Starting Download Current HTML Button Flow ======
2025-03-31 18:41:47,512 - INFO - Step 1: Clicking Download Current HTML button
2025-03-31 18:41:47,624 - INFO - Step 2: Waiting for popup OK and Cancel buttons
2025-03-31 18:41:47,646 - INFO - Step 2 Result: Popup OK and Cancel buttons are available
2025-03-31 18:41:47,646 - INFO - Step 3: Clicking Cancel
2025-03-31 18:41:47,724 - INFO - Step 4: Verifying Download Current HTML button availability after Cancel
2025-03-31 18:41:47,739 - INFO - Step 4 Result: Download Current HTML button is available after Cancel
2025-03-31 18:41:47,739 - INFO - Step 5: Clicking Download Current HTML button again
2025-03-31 18:41:47,832 - INFO - Step 6: Clicking OK in popup
2025-03-31 18:41:47,899 - INFO - Step 7: Waiting for error popup to appear
2025-03-31 18:41:48,949 - INFO - Step 8: Waiting for error popup to disappear (max 15 seconds)
2025-03-31 18:41:53,513 - INFO - Step 9: Verifying Download Current HTML button availability after error popup
2025-03-31 18:41:53,523 - INFO - ====== Completed Download Current HTML Button Flow Successfully ======
2025-03-31 18:41:53,526 - INFO - ====== Starting Download Current BSUT Report Data Button Flow ======
2025-03-31 18:41:53,527 - INFO - Step 1: Clicking Download Current BSUT Report Data button
2025-03-31 18:41:53,642 - INFO - Step 2: Waiting for popup OK and Cancel buttons
2025-03-31 18:41:53,664 - INFO - Step 2 Result: Popup OK and Cancel buttons are available
2025-03-31 18:41:53,665 - INFO - Step 3: Clicking Cancel
2025-03-31 18:41:53,726 - INFO - Step 4: Verifying Download Current BSUT Report Data button availability after Cancel
2025-03-31 18:41:53,738 - INFO - Step 4 Result: Download Current BSUT Report Data button is available after Cancel
2025-03-31 18:41:53,739 - INFO - Step 5: Clicking Download Current BSUT Report Data button again
2025-03-31 18:41:53,825 - INFO - Step 6: Clicking OK in popup
2025-03-31 18:41:53,898 - INFO - Step 7: Waiting for error popup to appear
2025-03-31 18:41:53,933 - INFO - Step 8: Waiting for error popup to disappear (max 15 seconds)
2025-03-31 18:41:59,518 - INFO - Step 9: Verifying Download Current BSUT Report Data button availability after error popup
2025-03-31 18:41:59,528 - INFO - ====== Completed Download Current BSUT Report Data Button Flow Successfully ======
2025-03-31 18:42:25,171 - INFO - Using TEST_IP: 192.168.5.74
2025-03-31 18:42:26,490 - INFO - Opening browser using way1
2025-03-31 18:42:36,874 - INFO - Tester status: Connected
2025-03-31 18:42:36,876 - INFO - Step: Checking Report Button availability
2025-03-31 18:42:36,910 - INFO - Report button is available.
2025-03-31 18:42:37,114 - INFO - Clicked Report button.
2025-03-31 18:42:39,119 - INFO - Step: Checking 'View Report' button availability
2025-03-31 18:42:39,148 - INFO - View Report button is available.
2025-03-31 18:42:39,152 - INFO - ====== Starting Download Current HTML Button Flow ======
2025-03-31 18:42:39,152 - INFO - Step 1: Clicking Download Current HTML button
2025-03-31 18:42:39,370 - INFO - Step 2: Waiting for popup OK and Cancel buttons
2025-03-31 18:42:39,410 - INFO - Step 2 Result: Popup OK and Cancel buttons are available
2025-03-31 18:42:39,411 - INFO - Step 3: Clicking Cancel
2025-03-31 18:42:39,544 - INFO - Step 4: Verifying Download Current HTML button availability after Cancel
2025-03-31 18:42:39,564 - INFO - Step 4 Result: Download Current HTML button is available after Cancel
2025-03-31 18:42:39,565 - INFO - Step 5: Clicking Download Current HTML button again
2025-03-31 18:42:39,700 - INFO - Step 6: Clicking OK in popup
2025-03-31 18:42:39,816 - INFO - Step 7: Waiting for error popup to appear
2025-03-31 18:42:41,447 - INFO - Step 8: Waiting for error popup to disappear (max 15 seconds)
2025-03-31 18:42:56,713 - ERROR - Download Current HTML flow failed: Message: 

2025-03-31 18:43:07,778 - INFO - Using TEST_IP: 192.168.5.74
2025-03-31 18:43:08,945 - INFO - Opening browser using way1
2025-03-31 18:43:20,978 - INFO - Tester status: Connected
2025-03-31 18:43:20,979 - INFO - Step: Checking Report Button availability
2025-03-31 18:43:20,995 - INFO - Report button is available.
2025-03-31 18:43:21,075 - INFO - Clicked Report button.
2025-03-31 18:43:23,080 - INFO - Step: Checking 'View Report' button availability
2025-03-31 18:43:23,098 - INFO - View Report button is available.
2025-03-31 18:43:23,103 - INFO - ====== Starting Download Current HTML Button Flow ======
2025-03-31 18:43:23,104 - INFO - Step 1: Clicking Download Current HTML button
2025-03-31 18:43:23,217 - INFO - Step 2: Waiting for popup OK and Cancel buttons
2025-03-31 18:43:23,242 - INFO - Step 2 Result: Popup OK and Cancel buttons are available
2025-03-31 18:43:23,242 - INFO - Step 3: Clicking Cancel
2025-03-31 18:43:23,322 - INFO - Step 4: Verifying Download Current HTML button availability after Cancel
2025-03-31 18:43:23,376 - INFO - Step 4 Result: Download Current HTML button is available after Cancel
2025-03-31 18:43:23,376 - INFO - Step 5: Clicking Download Current HTML button again
2025-03-31 18:43:23,456 - INFO - Step 6: Clicking OK in popup
2025-03-31 18:43:23,528 - INFO - Step 7: Waiting for error popup to appear
2025-03-31 18:43:24,588 - INFO - Step 8: Waiting for error popup to disappear (max 15 seconds)
2025-03-31 18:43:29,161 - INFO - Step 9: Verifying Download Current HTML button availability after error popup
2025-03-31 18:43:29,173 - INFO - ====== Completed Download Current HTML Button Flow Successfully ======
2025-03-31 18:43:29,175 - INFO - ====== Starting Download Current BSUT Report Data Button Flow ======
2025-03-31 18:43:29,176 - INFO - Step 1: Clicking Download Current BSUT Report Data button
2025-03-31 18:43:29,286 - INFO - Step 2: Waiting for popup OK and Cancel buttons
2025-03-31 18:43:29,314 - INFO - Step 2 Result: Popup OK and Cancel buttons are available
2025-03-31 18:43:29,315 - INFO - Step 3: Clicking Cancel
2025-03-31 18:43:29,377 - INFO - Step 4: Verifying Download Current BSUT Report Data button availability after Cancel
2025-03-31 18:43:29,391 - INFO - Step 4 Result: Download Current BSUT Report Data button is available after Cancel
2025-03-31 18:43:29,391 - INFO - Step 5: Clicking Download Current BSUT Report Data button again
2025-03-31 18:43:29,481 - INFO - Step 6: Clicking OK in popup
2025-03-31 18:43:29,556 - INFO - Step 7: Waiting for error popup to appear
2025-03-31 18:43:29,594 - INFO - Step 8: Waiting for error popup to disappear (max 15 seconds)
2025-03-31 18:43:35,172 - INFO - Step 9: Verifying Download Current BSUT Report Data button availability after error popup
2025-03-31 18:43:35,182 - INFO - ====== Completed Download Current BSUT Report Data Button Flow Successfully ======
2025-03-31 18:43:53,845 - INFO - Using TEST_IP: 192.168.5.74
2025-03-31 18:43:55,056 - INFO - Opening browser using way1
2025-03-31 18:44:05,429 - INFO - Tester status: Connected
2025-03-31 18:44:05,430 - INFO - Step: Checking Report Button availability
2025-03-31 18:44:05,454 - INFO - Report button is available.
2025-03-31 18:44:05,547 - INFO - Clicked Report button.
2025-03-31 18:44:07,552 - INFO - Step: Checking 'View Report' button availability
2025-03-31 18:44:07,572 - INFO - View Report button is available.
2025-03-31 18:44:07,574 - INFO - ====== Starting Download Current HTML Button Flow ======
2025-03-31 18:44:07,575 - INFO - Step 1: Clicking Download Current HTML button
2025-03-31 18:44:07,684 - INFO - Step 2: Waiting for popup OK and Cancel buttons
2025-03-31 18:44:07,708 - INFO - Step 2 Result: Popup OK and Cancel buttons are available
2025-03-31 18:44:07,709 - INFO - Step 3: Clicking Cancel
2025-03-31 18:44:07,783 - INFO - Step 4: Verifying Download Current HTML button availability after Cancel
2025-03-31 18:44:07,794 - INFO - Step 4 Result: Download Current HTML button is available after Cancel
2025-03-31 18:44:07,795 - INFO - Step 5: Clicking Download Current HTML button again
2025-03-31 18:44:07,911 - INFO - Step 6: Clicking OK in popup
2025-03-31 18:44:07,984 - INFO - Step 7: Waiting for error popup to appear
2025-03-31 18:44:09,023 - INFO - Step 8: Waiting for error popup to disappear (max 15 seconds)
2025-03-31 18:44:13,588 - INFO - Step 9: Verifying Download Current HTML button availability after error popup
2025-03-31 18:44:13,598 - INFO - ====== Completed Download Current HTML Button Flow Successfully ======
2025-03-31 18:44:13,601 - INFO - ====== Starting Download Current BSUT Report Data Button Flow ======
2025-03-31 18:44:13,602 - INFO - Step 1: Clicking Download Current BSUT Report Data button
2025-03-31 18:44:13,717 - INFO - Step 2: Waiting for popup OK and Cancel buttons
2025-03-31 18:44:13,736 - INFO - Step 2 Result: Popup OK and Cancel buttons are available
2025-03-31 18:44:13,737 - INFO - Step 3: Clicking Cancel
2025-03-31 18:44:13,805 - INFO - Step 4: Verifying Download Current BSUT Report Data button availability after Cancel
2025-03-31 18:44:13,822 - INFO - Step 4 Result: Download Current BSUT Report Data button is available after Cancel
2025-03-31 18:44:13,822 - INFO - Step 5: Clicking Download Current BSUT Report Data button again
2025-03-31 18:44:13,913 - INFO - Step 6: Clicking OK in popup
2025-03-31 18:44:13,983 - INFO - Step 7: Waiting for error popup to appear
2025-03-31 18:44:14,020 - INFO - Step 8: Waiting for error popup to disappear (max 15 seconds)
2025-03-31 18:44:19,604 - INFO - Step 9: Verifying Download Current BSUT Report Data button availability after error popup
2025-03-31 18:44:19,613 - INFO - ====== Completed Download Current BSUT Report Data Button Flow Successfully ======
2025-03-31 20:54:12,929 - INFO - Using TEST_IP: 192.168.5.74
2025-03-31 20:54:18,616 - INFO - Opening browser using way1
2025-03-31 20:54:28,979 - INFO - Step: Checking Report Button availability
2025-03-31 20:54:29,013 - INFO - Report button is available.
2025-03-31 20:54:29,139 - INFO - Clicked Report button.
2025-03-31 20:54:31,147 - INFO - Step: Checking 'View Report' button availability
2025-03-31 20:54:31,182 - INFO - View Report button is available.
2025-03-31 20:54:31,189 - INFO - ====== Starting Download Current HTML Button Flow ======
2025-03-31 20:54:31,191 - INFO - Step 1: Clicking Download Current HTML button
2025-03-31 20:54:31,365 - INFO - Step 2: Waiting for popup OK and Cancel buttons
2025-03-31 20:54:31,399 - INFO - Step 2 Result: Popup OK and Cancel buttons are available
2025-03-31 20:54:31,400 - INFO - Step 3: Clicking Cancel
2025-03-31 20:54:31,501 - INFO - Step 4: Verifying Download Current HTML button availability after Cancel
2025-03-31 20:54:31,539 - INFO - Step 4 Result: Download Current HTML button is available after Cancel
2025-03-31 20:54:31,541 - INFO - Step 5: Clicking Download Current HTML button again
2025-03-31 20:54:31,660 - INFO - Step 6: Clicking OK in popup
2025-03-31 20:54:31,795 - INFO - Step 7: Waiting for error popup to appear
2025-03-31 20:54:32,929 - INFO - Step 8: Waiting for error popup to disappear (max 15 seconds)
2025-03-31 20:54:37,563 - INFO - Step 9: Verifying Download Current HTML button availability after error popup
2025-03-31 20:54:37,590 - INFO - ====== Completed Download Current HTML Button Flow Successfully ======
2025-03-31 20:54:37,598 - INFO - ====== Starting Download Current BSUT Report Data Button Flow ======
2025-03-31 20:54:37,600 - INFO - Step 1: Clicking Download Current BSUT Report Data button
2025-03-31 20:54:37,812 - INFO - Step 2: Waiting for popup OK and Cancel buttons
2025-03-31 20:54:37,845 - INFO - Step 2 Result: Popup OK and Cancel buttons are available
2025-03-31 20:54:37,846 - INFO - Step 3: Clicking Cancel
2025-03-31 20:54:37,967 - INFO - Step 4: Verifying Download Current BSUT Report Data button availability after Cancel
2025-03-31 20:54:37,998 - INFO - Step 4 Result: Download Current BSUT Report Data button is available after Cancel
2025-03-31 20:54:37,999 - INFO - Step 5: Clicking Download Current BSUT Report Data button again
2025-03-31 20:54:38,124 - INFO - Step 6: Clicking OK in popup
2025-03-31 20:54:38,297 - INFO - Step 7: Waiting for error popup to appear
2025-03-31 20:54:38,361 - INFO - Step 8: Waiting for error popup to disappear (max 15 seconds)
2025-03-31 20:54:44,032 - INFO - Step 9: Verifying Download Current BSUT Report Data button availability after error popup
2025-03-31 20:54:44,058 - INFO - ====== Completed Download Current BSUT Report Data Button Flow Successfully ======
2025-03-31 20:55:46,101 - INFO - Using TEST_IP: 192.168.5.74
2025-03-31 20:55:47,469 - INFO - Opening browser using way1
2025-03-31 20:55:57,974 - INFO - Step: Checking Report Button availability
2025-03-31 20:55:58,008 - INFO - Report button is available.
2025-03-31 20:55:58,127 - INFO - Clicked Report button.
2025-03-31 20:56:00,131 - INFO - Step: Checking 'View Report' button availability
2025-03-31 20:56:00,162 - INFO - View Report button is available.
2025-03-31 20:56:00,169 - INFO - ====== Starting Download Current HTML Button Flow ======
2025-03-31 20:56:00,171 - INFO - Step 1: Clicking Download Current HTML button
2025-03-31 20:56:00,356 - INFO - Step 2: Waiting for popup OK and Cancel buttons
2025-03-31 20:56:00,391 - INFO - Step 2 Result: Popup OK and Cancel buttons are available
2025-03-31 20:56:00,392 - INFO - Step 3: Clicking Cancel
2025-03-31 20:56:00,495 - INFO - Step 4: Verifying Download Current HTML button availability after Cancel
2025-03-31 20:56:00,527 - INFO - Step 4 Result: Download Current HTML button is available after Cancel
2025-03-31 20:56:00,528 - INFO - Step 5: Clicking Download Current HTML button again
2025-03-31 20:56:00,648 - INFO - Step 6: Clicking OK in popup
2025-03-31 20:56:00,790 - INFO - Step 7: Waiting for error popup to appear
2025-03-31 20:56:01,908 - INFO - Step 8: Waiting for error popup to disappear (max 15 seconds)
2025-03-31 20:56:06,530 - INFO - Step 9: Verifying Download Current HTML button availability after error popup
2025-03-31 20:56:06,553 - INFO - ====== Completed Download Current HTML Button Flow Successfully ======
2025-03-31 20:56:06,561 - INFO - ====== Starting Download Current BSUT Report Data Button Flow ======
2025-03-31 20:56:06,563 - INFO - Step 1: Clicking Download Current BSUT Report Data button
2025-03-31 20:56:06,753 - INFO - Step 2: Waiting for popup OK and Cancel buttons
2025-03-31 20:56:06,789 - INFO - Step 2 Result: Popup OK and Cancel buttons are available
2025-03-31 20:56:06,790 - INFO - Step 3: Clicking Cancel
2025-03-31 20:56:06,991 - INFO - Step 4: Verifying Download Current BSUT Report Data button availability after Cancel
2025-03-31 20:56:07,021 - INFO - Step 4 Result: Download Current BSUT Report Data button is available after Cancel
2025-03-31 20:56:07,023 - INFO - Step 5: Clicking Download Current BSUT Report Data button again
2025-03-31 20:56:07,141 - INFO - Step 6: Clicking OK in popup
2025-03-31 20:56:07,261 - INFO - Step 7: Waiting for error popup to appear
2025-03-31 20:56:07,355 - INFO - Step 8: Waiting for error popup to disappear (max 15 seconds)
2025-03-31 20:56:13,043 - INFO - Step 9: Verifying Download Current BSUT Report Data button availability after error popup
2025-03-31 20:56:13,073 - INFO - ====== Completed Download Current BSUT Report Data Button Flow Successfully ======
2025-03-31 20:56:55,263 - INFO - Using TEST_IP: 192.168.5.74
2025-03-31 20:56:56,680 - INFO - Opening browser using way1
2025-03-31 20:57:06,976 - INFO - Step: Checking Report Button availability
2025-03-31 20:57:07,010 - INFO - Report button is available.
2025-03-31 20:57:07,140 - INFO - Clicked Report button.
2025-03-31 20:57:09,146 - INFO - Step: Checking 'View Report' button availability
2025-03-31 20:57:09,185 - INFO - View Report button is available.
2025-03-31 20:57:09,192 - INFO - ====== Starting Download Current HTML Button Flow ======
2025-03-31 20:57:09,194 - INFO - Step 1: Clicking Download Current HTML button
2025-03-31 20:57:09,383 - INFO - Step 2: Waiting for popup OK and Cancel buttons
2025-03-31 20:57:09,419 - INFO - Step 2 Result: Popup OK and Cancel buttons are available
2025-03-31 20:57:09,420 - INFO - Step 3: Clicking Cancel
2025-03-31 20:57:09,560 - INFO - Step 4: Verifying Download Current HTML button availability after Cancel
2025-03-31 20:57:09,594 - INFO - Step 4 Result: Download Current HTML button is available after Cancel
2025-03-31 20:57:09,595 - INFO - Step 5: Clicking Download Current HTML button again
2025-03-31 20:57:09,753 - INFO - Step 6: Clicking OK in popup
2025-03-31 20:57:09,880 - INFO - Step 7: Waiting for error popup to appear
2025-03-31 20:57:11,004 - INFO - Step 8: Waiting for error popup to disappear (max 15 seconds)
2025-03-31 20:57:15,639 - INFO - Step 9: Verifying Download Current HTML button availability after error popup
2025-03-31 20:57:15,674 - INFO - ====== Completed Download Current HTML Button Flow Successfully ======
2025-03-31 20:57:15,683 - INFO - ====== Starting Download Current BSUT Report Data Button Flow ======
2025-03-31 20:57:15,686 - INFO - Step 1: Clicking Download Current BSUT Report Data button
2025-03-31 20:57:15,886 - INFO - Step 2: Waiting for popup OK and Cancel buttons
2025-03-31 20:57:15,937 - INFO - Step 2 Result: Popup OK and Cancel buttons are available
2025-03-31 20:57:15,939 - INFO - Step 3: Clicking Cancel
2025-03-31 20:57:16,038 - INFO - Step 4: Verifying Download Current BSUT Report Data button availability after Cancel
2025-03-31 20:57:16,069 - INFO - Step 4 Result: Download Current BSUT Report Data button is available after Cancel
2025-03-31 20:57:16,070 - INFO - Step 5: Clicking Download Current BSUT Report Data button again
2025-03-31 20:57:16,186 - INFO - Step 6: Clicking OK in popup
2025-03-31 20:57:16,306 - INFO - Step 7: Waiting for error popup to appear
2025-03-31 20:57:16,373 - INFO - Step 8: Waiting for error popup to disappear (max 15 seconds)
2025-03-31 20:57:22,054 - INFO - Step 9: Verifying Download Current BSUT Report Data button availability after error popup
2025-03-31 20:57:22,083 - INFO - ====== Completed Download Current BSUT Report Data Button Flow Successfully ======
2025-03-31 21:00:37,818 - INFO - Using TEST_IP: 192.168.5.74
2025-03-31 21:00:39,196 - INFO - Opening browser using way1
2025-03-31 21:00:49,583 - INFO - Step: Checking Report Button availability
2025-03-31 21:00:49,621 - INFO - Report button is available.
2025-03-31 21:00:49,751 - INFO - Clicked Report button.
2025-03-31 21:00:51,760 - INFO - Step: Checking 'View Report' button availability
2025-03-31 21:00:51,800 - INFO - View Report button is available.
2025-03-31 21:00:51,807 - INFO - ====== Starting Download Current HTML Button Flow ======
2025-03-31 21:00:51,808 - INFO - Step 1: Clicking Download Current HTML button
2025-03-31 21:00:51,996 - INFO - Step 2: Waiting for popup OK and Cancel buttons
2025-03-31 21:00:52,034 - INFO - Step 2 Result: Popup OK and Cancel buttons are available
2025-03-31 21:00:52,035 - INFO - Step 3: Clicking Cancel
2025-03-31 21:00:52,155 - INFO - Step 4: Verifying Download Current HTML button availability after Cancel
2025-03-31 21:00:52,183 - INFO - Step 4 Result: Download Current HTML button is available after Cancel
2025-03-31 21:00:52,185 - INFO - Step 5: Clicking Download Current HTML button again
2025-03-31 21:00:52,303 - INFO - Step 6: Clicking OK in popup
2025-03-31 21:00:52,417 - INFO - Step 7: Waiting for error popup to appear
2025-03-31 21:00:53,552 - INFO - Step 8: Waiting for error popup to disappear (max 15 seconds)
2025-03-31 21:00:58,184 - INFO - Step 9: Verifying Download Current HTML button availability after error popup
2025-03-31 21:00:58,204 - INFO - ====== Completed Download Current HTML Button Flow Successfully ======
2025-03-31 21:00:58,211 - INFO - ====== Starting Download Current BSUT Report Data Button Flow ======
2025-03-31 21:00:58,213 - INFO - Step 1: Clicking Download Current BSUT Report Data button
2025-03-31 21:00:58,416 - INFO - Step 2: Waiting for popup OK and Cancel buttons
2025-03-31 21:00:58,449 - INFO - Step 2 Result: Popup OK and Cancel buttons are available
2025-03-31 21:00:58,450 - INFO - Step 3: Clicking Cancel
2025-03-31 21:00:58,552 - INFO - Step 4: Verifying Download Current BSUT Report Data button availability after Cancel
2025-03-31 21:00:58,580 - INFO - Step 4 Result: Download Current BSUT Report Data button is available after Cancel
2025-03-31 21:00:58,581 - INFO - Step 5: Clicking Download Current BSUT Report Data button again
2025-03-31 21:00:58,809 - INFO - Step 6: Clicking OK in popup
2025-03-31 21:00:58,955 - INFO - Step 7: Waiting for error popup to appear
2025-03-31 21:00:59,019 - INFO - Step 8: Waiting for error popup to disappear (max 15 seconds)
2025-03-31 21:01:04,699 - INFO - Step 9: Verifying Download Current BSUT Report Data button availability after error popup
2025-03-31 21:01:04,730 - INFO - ====== Completed Download Current BSUT Report Data Button Flow Successfully ======
2025-03-31 21:04:57,265 - INFO - Using TEST_IP: 192.168.5.74
2025-03-31 21:04:58,676 - INFO - Opening browser using way1
2025-03-31 21:05:08,908 - INFO - Step: Checking Report Button availability
2025-03-31 21:05:08,948 - INFO - Report button is available.
2025-03-31 21:05:09,088 - INFO - Clicked Report button.
2025-03-31 21:05:11,094 - INFO - Step: Checking 'View Report' button availability
2025-03-31 21:05:11,129 - INFO - View Report button is available.
2025-03-31 21:05:11,136 - INFO - ====== Starting Download Current HTML Button Flow ======
2025-03-31 21:05:11,137 - INFO - Step 1: Clicking Download Current HTML button
2025-03-31 21:05:11,296 - INFO - Step 2: Waiting for popup OK and Cancel buttons
2025-03-31 21:05:11,329 - INFO - Step 2 Result: Popup OK and Cancel buttons are available
2025-03-31 21:05:11,329 - INFO - Step 3: Clicking Cancel
2025-03-31 21:05:11,424 - INFO - Step 4: Verifying Download Current HTML button availability after Cancel
2025-03-31 21:05:11,460 - INFO - Step 4 Result: Download Current HTML button is available after Cancel
2025-03-31 21:05:11,462 - INFO - Step 5: Clicking Download Current HTML button again
2025-03-31 21:05:11,598 - INFO - Step 6: Clicking OK in popup
2025-03-31 21:05:11,789 - INFO - Step 7: Waiting for error popup to appear
2025-03-31 21:05:12,912 - INFO - Step 8: Waiting for error popup to disappear (max 15 seconds)
2025-03-31 21:05:17,548 - INFO - Step 9: Verifying Download Current HTML button availability after error popup
2025-03-31 21:05:17,576 - INFO - ====== Completed Download Current HTML Button Flow Successfully ======
2025-03-31 21:05:17,585 - INFO - ====== Starting Download Current BSUT Report Data Button Flow ======
2025-03-31 21:05:17,588 - INFO - Step 1: Clicking Download Current BSUT Report Data button
2025-03-31 21:05:17,801 - INFO - Step 2: Waiting for popup OK and Cancel buttons
2025-03-31 21:05:17,838 - INFO - Step 2 Result: Popup OK and Cancel buttons are available
2025-03-31 21:05:17,839 - INFO - Step 3: Clicking Cancel
2025-03-31 21:05:17,968 - INFO - Step 4: Verifying Download Current BSUT Report Data button availability after Cancel
2025-03-31 21:05:18,001 - INFO - Step 4 Result: Download Current BSUT Report Data button is available after Cancel
2025-03-31 21:05:18,002 - INFO - Step 5: Clicking Download Current BSUT Report Data button again
2025-03-31 21:05:18,135 - INFO - Step 6: Clicking OK in popup
2025-03-31 21:05:18,258 - INFO - Step 7: Waiting for error popup to appear
2025-03-31 21:05:18,315 - INFO - Step 8: Waiting for error popup to disappear (max 15 seconds)
2025-03-31 21:05:24,003 - INFO - Step 9: Verifying Download Current BSUT Report Data button availability after error popup
2025-03-31 21:05:24,033 - INFO - ====== Completed Download Current BSUT Report Data Button Flow Successfully ======
2025-03-31 21:05:24,042 - INFO - ====== Starting Report Data Management Flow ======
2025-03-31 21:05:24,044 - INFO - Step 1: Clicking Report Data Management button
2025-03-31 21:05:24,264 - INFO - Step 2: Checking Delete Test Report button availability
2025-03-31 21:05:24,300 - INFO - Step 3: Checking Test results folder size label
2025-03-31 21:05:24,360 - INFO - Test results folder info: Test results folder size :0.00 MBs
2025-03-31 21:05:24,361 - INFO - Step 4: Checking Delete Report button availability
2025-03-31 21:05:24,412 - INFO - Step 5: Clicking Delete Report button
2025-03-31 21:05:24,536 - INFO - Step 5.1: Checking OK and Cancel buttons in popup
2025-03-31 21:05:24,598 - INFO - Step 5.2: Clicking Cancel on popup
2025-03-31 21:05:24,706 - INFO - Step 6: Clicking Download Report button
2025-03-31 21:05:24,856 - INFO - Step 6.1: Waiting for 10 seconds for download to process
2025-03-31 21:05:34,858 - INFO - Step 7: Clicking Delete Test Report button
2025-03-31 21:05:34,995 - INFO - Step 8: Checking Confirmation Text
2025-03-31 21:05:35,056 - INFO - Confirmation popup text: Are you sure you want to permanently delete all 2 folders?
2025-03-31 21:05:35,057 - INFO - Step 9: Checking OK and Cancel buttons in confirmation popup
2025-03-31 21:05:35,180 - INFO - Step 9.1: Clicking Cancel on confirmation popup
2025-03-31 21:05:35,298 - INFO - ====== Completed Report Data Management Flow Successfully ======
2025-03-31 21:56:11,064 - INFO - Using TEST_IP: 192.168.5.74
2025-03-31 21:56:14,000 - INFO - Opening browser using way1
2025-03-31 21:56:24,300 - INFO - Step: Checking Report Button availability
2025-03-31 21:56:24,333 - INFO - Report button is available.
2025-03-31 21:56:24,461 - INFO - Clicked Report button.
2025-03-31 21:56:26,468 - INFO - Step: Checking 'View Report' button availability
2025-03-31 21:56:26,504 - INFO - View Report button is available.
2025-03-31 21:56:26,511 - INFO - ====== Starting Download Current HTML Button Flow ======
2025-03-31 21:56:26,515 - INFO - Step 1: Clicking Download Current HTML button
2025-03-31 21:56:26,719 - INFO - Step 2: Waiting for popup OK and Cancel buttons
2025-03-31 21:56:26,756 - INFO - Step 2 Result: Popup OK and Cancel buttons are available
2025-03-31 21:56:26,758 - INFO - Step 3: Clicking Cancel
2025-03-31 21:56:26,887 - INFO - Step 4: Verifying Download Current HTML button availability after Cancel
2025-03-31 21:56:26,914 - INFO - Step 4 Result: Download Current HTML button is available after Cancel
2025-03-31 21:56:26,915 - INFO - Step 5: Clicking Download Current HTML button again
2025-03-31 21:56:27,057 - INFO - Step 6: Clicking OK in popup
2025-03-31 21:56:27,184 - INFO - Step 7: Waiting for error popup to appear
2025-03-31 21:56:28,318 - INFO - Step 8: Waiting for error popup to disappear (max 15 seconds)
2025-03-31 21:56:32,948 - INFO - Step 9: Verifying Download Current HTML button availability after error popup
2025-03-31 21:56:32,980 - INFO - ====== Completed Download Current HTML Button Flow Successfully ======
2025-03-31 21:56:32,988 - INFO - ====== Starting Download Current BSUT Report Data Button Flow ======
2025-03-31 21:56:32,991 - INFO - Step 1: Clicking Download Current BSUT Report Data button
2025-03-31 21:56:33,209 - INFO - Step 2: Waiting for popup OK and Cancel buttons
2025-03-31 21:56:33,246 - INFO - Step 2 Result: Popup OK and Cancel buttons are available
2025-03-31 21:56:33,247 - INFO - Step 3: Clicking Cancel
2025-03-31 21:56:33,359 - INFO - Step 4: Verifying Download Current BSUT Report Data button availability after Cancel
2025-03-31 21:56:33,386 - INFO - Step 4 Result: Download Current BSUT Report Data button is available after Cancel
2025-03-31 21:56:33,387 - INFO - Step 5: Clicking Download Current BSUT Report Data button again
2025-03-31 21:56:33,509 - INFO - Step 6: Clicking OK in popup
2025-03-31 21:56:33,635 - INFO - Step 7: Waiting for error popup to appear
2025-03-31 21:56:33,701 - INFO - Step 8: Waiting for error popup to disappear (max 15 seconds)
2025-03-31 21:56:39,372 - INFO - Step 9: Verifying Download Current BSUT Report Data button availability after error popup
2025-03-31 21:56:39,400 - INFO - ====== Completed Download Current BSUT Report Data Button Flow Successfully ======
2025-03-31 21:56:39,409 - INFO - ====== Starting Report Data Management Flow ======
2025-03-31 21:56:39,412 - INFO - Step 1: Clicking Report Data Management button
2025-03-31 21:56:39,599 - INFO - Step 2: Checking Delete Test Report button availability
2025-03-31 21:56:39,635 - INFO - Step 3: Checking Test results folder size label
2025-03-31 21:56:39,688 - INFO - Test results folder info: Test results folder size :0.00 MBs
2025-03-31 21:56:39,690 - INFO - Step 4: Checking Delete Report button availability
2025-03-31 21:56:39,742 - INFO - Step 5: Clicking Delete Report button
2025-03-31 21:56:39,864 - INFO - Step 5.1: Checking OK and Cancel buttons in popup
2025-03-31 21:56:39,953 - INFO - Step 5.2: Clicking Cancel on popup
2025-03-31 21:56:40,156 - INFO - Step 6: Clicking Download Report button
2025-03-31 21:56:40,280 - INFO - Step 6.1: Waiting for 10 seconds for download to process
2025-03-31 21:56:50,282 - INFO - Step 7: Clicking Delete Test Report button
2025-03-31 21:56:50,297 - ERROR - Report Data Management flow failed: Message: stale element reference: stale element not found in the current frame
  (Session info: chrome=134.0.6998.178); For documentation on this error, please visit: https://www.selenium.dev/documentation/webdriver/troubleshooting/errors#stale-element-reference-exception
Stacktrace:
	GetHandleVerifier [0x00007FF652C24C25+3179557]
	(No symbol) [0x00007FF6528888A0]
	(No symbol) [0x00007FF6527191CA]
	(No symbol) [0x00007FF652720B98]
	(No symbol) [0x00007FF652723BCC]
	(No symbol) [0x00007FF652723C9F]
	(No symbol) [0x00007FF652771BAD]
	(No symbol) [0x00007FF652762990]
	(No symbol) [0x00007FF652797C2A]
	(No symbol) [0x00007FF6527622D6]
	(No symbol) [0x00007FF652797E40]
	(No symbol) [0x00007FF6527C02F3]
	(No symbol) [0x00007FF652797A03]
	(No symbol) [0x00007FF6527606D0]
	(No symbol) [0x00007FF652761983]
	GetHandleVerifier [0x00007FF652C867CD+3579853]
	GetHandleVerifier [0x00007FF652C9D1D2+3672530]
	GetHandleVerifier [0x00007FF652C92153+3627347]
	GetHandleVerifier [0x00007FF6529F092A+868650]
	(No symbol) [0x00007FF652892FFF]
	(No symbol) [0x00007FF65288F4A4]
	(No symbol) [0x00007FF65288F646]
	(No symbol) [0x00007FF65287EAA9]
	BaseThreadInitThunk [0x00007FF9358D54E0+16]
	RtlUserThreadStart [0x00007FF936AA485B+43]

2025-03-31 21:57:56,538 - INFO - Using TEST_IP: 192.168.5.74
2025-03-31 21:57:57,896 - INFO - Opening browser using way1
2025-03-31 21:58:10,251 - INFO - Step: Checking Report Button availability
2025-03-31 21:58:10,295 - INFO - Report button is available.
2025-03-31 21:58:10,435 - INFO - Clicked Report button.
2025-03-31 21:58:12,444 - INFO - Step: Checking 'View Report' button availability
2025-03-31 21:58:12,484 - INFO - View Report button is available.
2025-03-31 21:58:12,490 - INFO - ====== Starting Download Current HTML Button Flow ======
2025-03-31 21:58:12,492 - INFO - Step 1: Clicking Download Current HTML button
2025-03-31 21:58:12,697 - INFO - Step 2: Waiting for popup OK and Cancel buttons
2025-03-31 21:58:12,731 - INFO - Step 2 Result: Popup OK and Cancel buttons are available
2025-03-31 21:58:12,732 - INFO - Step 3: Clicking Cancel
2025-03-31 21:58:12,849 - INFO - Step 4: Verifying Download Current HTML button availability after Cancel
2025-03-31 21:58:12,875 - INFO - Step 4 Result: Download Current HTML button is available after Cancel
2025-03-31 21:58:12,876 - INFO - Step 5: Clicking Download Current HTML button again
2025-03-31 21:58:12,993 - INFO - Step 6: Clicking OK in popup
2025-03-31 21:58:13,112 - INFO - Step 7: Waiting for error popup to appear
2025-03-31 21:58:14,256 - INFO - Step 8: Waiting for error popup to disappear (max 15 seconds)
2025-03-31 21:58:18,887 - INFO - Step 9: Verifying Download Current HTML button availability after error popup
2025-03-31 21:58:18,915 - INFO - ====== Completed Download Current HTML Button Flow Successfully ======
2025-03-31 21:58:18,924 - INFO - ====== Starting Download Current BSUT Report Data Button Flow ======
2025-03-31 21:58:18,926 - INFO - Step 1: Clicking Download Current BSUT Report Data button
2025-03-31 21:58:19,132 - INFO - Step 2: Waiting for popup OK and Cancel buttons
2025-03-31 21:58:19,166 - INFO - Step 2 Result: Popup OK and Cancel buttons are available
2025-03-31 21:58:19,167 - INFO - Step 3: Clicking Cancel
2025-03-31 21:58:19,286 - INFO - Step 4: Verifying Download Current BSUT Report Data button availability after Cancel
2025-03-31 21:58:19,315 - INFO - Step 4 Result: Download Current BSUT Report Data button is available after Cancel
2025-03-31 21:58:19,316 - INFO - Step 5: Clicking Download Current BSUT Report Data button again
2025-03-31 21:58:19,468 - INFO - Step 6: Clicking OK in popup
2025-03-31 21:58:19,597 - INFO - Step 7: Waiting for error popup to appear
2025-03-31 21:58:19,656 - INFO - Step 8: Waiting for error popup to disappear (max 15 seconds)
2025-03-31 21:58:25,336 - INFO - Step 9: Verifying Download Current BSUT Report Data button availability after error popup
2025-03-31 21:58:25,366 - INFO - ====== Completed Download Current BSUT Report Data Button Flow Successfully ======
2025-03-31 21:58:25,375 - INFO - ====== Starting Report Data Management Flow ======
2025-03-31 21:58:25,378 - INFO - Step 1: Clicking Report Data Management button
2025-03-31 21:58:25,618 - INFO - Step 2: Checking Delete Test Report button availability
2025-03-31 21:58:25,669 - INFO - Step 3: Checking Test results folder size label
2025-03-31 21:58:25,738 - INFO - Test results folder info: Test results folder size :0.00 MBs
2025-03-31 21:58:25,740 - INFO - Step 4: Checking Delete Report button availability
2025-03-31 21:58:25,779 - INFO - Step 5: Clicking Delete Report button
2025-03-31 21:58:25,900 - INFO - Step 5.1: Checking OK and Cancel buttons in popup
2025-03-31 21:58:25,961 - INFO - Step 5.2: Clicking Cancel on popup
2025-03-31 21:58:26,133 - INFO - Step 6: Clicking Download Report button
2025-03-31 21:58:26,283 - INFO - Step 6.1: Waiting for 10 seconds for download to process
2025-03-31 21:58:36,285 - INFO - Step 7: Clicking Delete Test Report button
2025-03-31 21:58:36,301 - ERROR - Report Data Management flow failed: Message: stale element reference: stale element not found in the current frame
  (Session info: chrome=134.0.6998.178); For documentation on this error, please visit: https://www.selenium.dev/documentation/webdriver/troubleshooting/errors#stale-element-reference-exception
Stacktrace:
	GetHandleVerifier [0x00007FF652C24C25+3179557]
	(No symbol) [0x00007FF6528888A0]
	(No symbol) [0x00007FF6527191CA]
	(No symbol) [0x00007FF652720B98]
	(No symbol) [0x00007FF652723BCC]
	(No symbol) [0x00007FF652723C9F]
	(No symbol) [0x00007FF652771BAD]
	(No symbol) [0x00007FF652762990]
	(No symbol) [0x00007FF652797C2A]
	(No symbol) [0x00007FF6527622D6]
	(No symbol) [0x00007FF652797E40]
	(No symbol) [0x00007FF6527C02F3]
	(No symbol) [0x00007FF652797A03]
	(No symbol) [0x00007FF6527606D0]
	(No symbol) [0x00007FF652761983]
	GetHandleVerifier [0x00007FF652C867CD+3579853]
	GetHandleVerifier [0x00007FF652C9D1D2+3672530]
	GetHandleVerifier [0x00007FF652C92153+3627347]
	GetHandleVerifier [0x00007FF6529F092A+868650]
	(No symbol) [0x00007FF652892FFF]
	(No symbol) [0x00007FF65288F4A4]
	(No symbol) [0x00007FF65288F646]
	(No symbol) [0x00007FF65287EAA9]
	BaseThreadInitThunk [0x00007FF9358D54E0+16]
	RtlUserThreadStart [0x00007FF936AA485B+43]

2025-03-31 22:07:34,256 - INFO - Using TEST_IP: 192.168.5.74
2025-03-31 22:07:35,672 - INFO - Opening browser using way1
2025-03-31 22:07:45,916 - INFO - Step: Checking Report Button availability
2025-03-31 22:07:45,952 - INFO - Report button is available.
2025-03-31 22:07:46,076 - INFO - Clicked Report button.
2025-03-31 22:07:48,101 - INFO - Step: Checking 'View Report' button availability
2025-03-31 22:07:48,139 - INFO - View Report button is available.
2025-03-31 22:07:48,146 - INFO - ====== Starting Download Current HTML Button Flow ======
2025-03-31 22:07:48,148 - INFO - Step 1: Clicking Download Current HTML button
2025-03-31 22:07:48,358 - INFO - Step 2: Waiting for popup OK and Cancel buttons
2025-03-31 22:07:48,397 - INFO - Step 2 Result: Popup OK and Cancel buttons are available
2025-03-31 22:07:48,398 - INFO - Step 3: Clicking Cancel
2025-03-31 22:07:48,521 - INFO - Step 4: Verifying Download Current HTML button availability after Cancel
2025-03-31 22:07:48,548 - INFO - Step 4 Result: Download Current HTML button is available after Cancel
2025-03-31 22:07:48,550 - INFO - Step 5: Clicking Download Current HTML button again
2025-03-31 22:07:48,674 - INFO - Step 6: Clicking OK in popup
2025-03-31 22:07:48,784 - INFO - Step 7: Waiting for error popup to appear
2025-03-31 22:07:49,936 - INFO - Step 8: Waiting for error popup to disappear (max 15 seconds)
2025-03-31 22:07:54,575 - INFO - Step 9: Verifying Download Current HTML button availability after error popup
2025-03-31 22:07:54,598 - INFO - ====== Completed Download Current HTML Button Flow Successfully ======
2025-03-31 22:07:54,606 - INFO - ====== Starting Download Current BSUT Report Data Button Flow ======
2025-03-31 22:07:54,608 - INFO - Step 1: Clicking Download Current BSUT Report Data button
2025-03-31 22:07:54,797 - INFO - Step 2: Waiting for popup OK and Cancel buttons
2025-03-31 22:07:54,831 - INFO - Step 2 Result: Popup OK and Cancel buttons are available
2025-03-31 22:07:54,832 - INFO - Step 3: Clicking Cancel
2025-03-31 22:07:54,921 - INFO - Step 4: Verifying Download Current BSUT Report Data button availability after Cancel
2025-03-31 22:07:54,958 - INFO - Step 4 Result: Download Current BSUT Report Data button is available after Cancel
2025-03-31 22:07:54,959 - INFO - Step 5: Clicking Download Current BSUT Report Data button again
2025-03-31 22:07:55,102 - INFO - Step 6: Clicking OK in popup
2025-03-31 22:07:55,280 - INFO - Step 7: Waiting for error popup to appear
2025-03-31 22:07:55,341 - INFO - Step 8: Waiting for error popup to disappear (max 15 seconds)
2025-03-31 22:08:01,017 - INFO - Step 9: Verifying Download Current BSUT Report Data button availability after error popup
2025-03-31 22:08:01,044 - INFO - ====== Completed Download Current BSUT Report Data Button Flow Successfully ======
2025-03-31 22:08:01,051 - INFO - ====== Starting Report Data Management Flow ======
2025-03-31 22:08:01,052 - INFO - Step 1: Clicking Report Data Management button
2025-03-31 22:08:01,248 - INFO - Step 2: Checking Delete Test Report button availability
2025-03-31 22:08:01,317 - INFO - Step 3: Checking Test results folder size label
2025-03-31 22:08:01,397 - INFO - Test results folder info: Test results folder size :0.00 MBs
2025-03-31 22:08:01,398 - INFO - Step 4: Checking Delete Report button availability
2025-03-31 22:08:01,436 - INFO - Step 5: Clicking Delete Report button
2025-03-31 22:08:01,555 - INFO - Step 5.1: Checking OK and Cancel buttons in popup
2025-03-31 22:08:01,616 - INFO - Step 5.2: Clicking Cancel on popup
2025-03-31 22:08:01,796 - INFO - Step 6: Clicking Download Report button
2025-03-31 22:08:01,926 - INFO - Step 6.1: Waiting for 10 seconds for download to process
2025-03-31 22:08:11,929 - INFO - Step 7: Clicking Delete Test Report button (Re-fetching due to possible stale)
2025-03-31 22:08:12,115 - INFO - Step 8: Checking Confirmation Text
2025-03-31 22:08:12,177 - INFO - Confirmation popup text: Are you sure you want to permanently delete all 2 folders?
2025-03-31 22:08:12,178 - INFO - Step 9: Checking OK and Cancel buttons in confirmation popup
2025-03-31 22:08:12,288 - INFO - Step 9.1: Clicking Cancel on confirmation popup
2025-03-31 22:08:12,395 - INFO - ====== Completed Report Data Management Flow Successfully ======
2025-03-31 22:12:31,562 - INFO - Using TEST_IP: 192.168.5.74
2025-03-31 22:12:32,962 - INFO - Opening browser using way1
2025-03-31 22:12:45,708 - INFO - Step: Checking Report Button availability
2025-03-31 22:12:45,757 - INFO - Report button is available.
2025-03-31 22:12:45,900 - INFO - Clicked Report button.
2025-03-31 22:12:47,905 - INFO - Step: Checking 'View Report' button availability
2025-03-31 22:12:47,939 - INFO - View Report button is available.
2025-03-31 22:12:47,942 - INFO - ====== Starting Download Current HTML Button Flow ======
2025-03-31 22:12:47,943 - INFO - Step 1: Clicking Download Current HTML button
2025-03-31 22:12:48,170 - INFO - Step 2: Waiting for popup OK and Cancel buttons
2025-03-31 22:12:48,204 - INFO - Step 2 Result: Popup OK and Cancel buttons are available
2025-03-31 22:12:48,205 - INFO - Step 3: Clicking Cancel
2025-03-31 22:12:48,325 - INFO - Step 4: Verifying Download Current HTML button availability after Cancel
2025-03-31 22:12:48,343 - INFO - Step 4 Result: Download Current HTML button is available after Cancel
2025-03-31 22:12:48,344 - INFO - Step 5: Clicking Download Current HTML button again
2025-03-31 22:12:48,470 - INFO - Step 6: Clicking OK in popup
2025-03-31 22:12:48,585 - INFO - Step 7: Waiting for error popup to appear
2025-03-31 22:12:49,717 - INFO - Step 8: Waiting for error popup to disappear (max 15 seconds)
2025-03-31 22:12:54,343 - INFO - Step 9: Verifying Download Current HTML button availability after error popup
2025-03-31 22:12:54,363 - INFO - ====== Completed Download Current HTML Button Flow Successfully ======
2025-03-31 22:12:54,369 - INFO - ====== Starting Download Current BSUT Report Data Button Flow ======
2025-03-31 22:12:54,371 - INFO - Step 1: Clicking Download Current BSUT Report Data button
2025-03-31 22:12:54,545 - INFO - Step 2: Waiting for popup OK and Cancel buttons
2025-03-31 22:12:54,572 - INFO - Step 2 Result: Popup OK and Cancel buttons are available
2025-03-31 22:12:54,573 - INFO - Step 3: Clicking Cancel
2025-03-31 22:12:54,659 - INFO - Step 4: Verifying Download Current BSUT Report Data button availability after Cancel
2025-03-31 22:12:54,690 - INFO - Step 4 Result: Download Current BSUT Report Data button is available after Cancel
2025-03-31 22:12:54,691 - INFO - Step 5: Clicking Download Current BSUT Report Data button again
2025-03-31 22:12:54,808 - INFO - Step 6: Clicking OK in popup
2025-03-31 22:12:54,907 - INFO - Step 7: Waiting for error popup to appear
2025-03-31 22:12:54,953 - INFO - Step 8: Waiting for error popup to disappear (max 15 seconds)
2025-03-31 22:13:00,603 - INFO - Step 9: Verifying Download Current BSUT Report Data button availability after error popup
2025-03-31 22:13:00,634 - INFO - ====== Completed Download Current BSUT Report Data Button Flow Successfully ======
2025-03-31 22:13:00,639 - INFO - ====== Starting Report Data Management Flow ======
2025-03-31 22:13:00,640 - INFO - Step 1: Clicking Report Data Management button
2025-03-31 22:13:00,939 - INFO - Step 2: Checking Delete Test Report button availability
2025-03-31 22:13:01,069 - INFO - Step 3: Checking Test results folder size label
2025-03-31 22:13:01,140 - INFO - Test results folder info: Test results folder size :0.00 MBs
2025-03-31 22:13:01,140 - INFO - Step 4: Checking Delete Report button availability
2025-03-31 22:13:01,177 - INFO - Step 5: Clicking Delete Report button
2025-03-31 22:13:01,342 - INFO - Step 5.1: Checking OK and Cancel buttons in popup
2025-03-31 22:13:01,414 - INFO - Step 5.2: Clicking Cancel on popup
2025-03-31 22:13:01,758 - INFO - Step 6: Clicking Download Report button
2025-03-31 22:13:01,966 - INFO - Step 6.1: Waiting for 10 seconds for download to process
2025-03-31 22:13:11,967 - INFO - Step 7: Clicking Delete Test Report button (Re-fetching due to possible stale)
2025-03-31 22:13:12,116 - INFO - Step 8: Checking Confirmation Text
2025-03-31 22:13:12,164 - INFO - Confirmation popup text: Are you sure you want to permanently delete all 2 folders?
2025-03-31 22:13:12,165 - INFO - Step 9: Checking OK and Cancel buttons in confirmation popup
2025-03-31 22:13:12,227 - INFO - Step 9.1: Clicking Cancel on confirmation popup
2025-03-31 22:13:12,501 - INFO - ====== Completed Report Data Management Flow Successfully ======
2025-03-31 22:13:12,505 - INFO - ====== Starting Synthetic File Popup Verification ======
2025-03-31 22:13:12,507 - INFO - Step 1: Clicking Synthetic File button
2025-03-31 22:13:13,662 - ERROR - Synthetic File Popup Validation Failed: Message: element click intercepted: Element <button type="button" id="report_toolbar_settings_button" class="grl-button btn-primary refresh-btn btn btn-primary">...</button> is not clickable at point (898, 86). Other element would receive the click: <div class="modal-header">...</div>
  (Session info: chrome=134.0.6998.178)
Stacktrace:
	GetHandleVerifier [0x00007FF652C24C25+3179557]
	(No symbol) [0x00007FF6528888A0]
	(No symbol) [0x00007FF6527191CA]
	(No symbol) [0x00007FF652777929]
	(No symbol) [0x00007FF6527752E2]
	(No symbol) [0x00007FF652772381]
	(No symbol) [0x00007FF652771281]
	(No symbol) [0x00007FF652762A24]
	(No symbol) [0x00007FF652797C2A]
	(No symbol) [0x00007FF6527622D6]
	(No symbol) [0x00007FF652797E40]
	(No symbol) [0x00007FF6527C02F3]
	(No symbol) [0x00007FF652797A03]
	(No symbol) [0x00007FF6527606D0]
	(No symbol) [0x00007FF652761983]
	GetHandleVerifier [0x00007FF652C867CD+3579853]
	GetHandleVerifier [0x00007FF652C9D1D2+3672530]
	GetHandleVerifier [0x00007FF652C92153+3627347]
	GetHandleVerifier [0x00007FF6529F092A+868650]
	(No symbol) [0x00007FF652892FFF]
	(No symbol) [0x00007FF65288F4A4]
	(No symbol) [0x00007FF65288F646]
	(No symbol) [0x00007FF65287EAA9]
	BaseThreadInitThunk [0x00007FF9358D54E0+16]
	RtlUserThreadStart [0x00007FF936AA485B+43]

2025-03-31 22:17:21,099 - INFO - Using TEST_IP: 192.168.5.74
2025-03-31 22:17:22,489 - INFO - Opening browser using way1
2025-03-31 22:17:34,836 - INFO - Step: Checking Report Button availability
2025-03-31 22:17:34,879 - INFO - Report button is available.
2025-03-31 22:17:35,030 - INFO - Clicked Report button.
2025-03-31 22:17:37,041 - INFO - Step: Checking 'View Report' button availability
2025-03-31 22:17:37,087 - INFO - View Report button is available.
2025-03-31 22:17:37,093 - INFO - ====== Starting Download Current HTML Button Flow ======
2025-03-31 22:17:37,096 - INFO - Step 1: Clicking Download Current HTML button
2025-03-31 22:17:37,287 - INFO - Step 2: Waiting for popup OK and Cancel buttons
2025-03-31 22:17:37,324 - INFO - Step 2 Result: Popup OK and Cancel buttons are available
2025-03-31 22:17:37,325 - INFO - Step 3: Clicking Cancel
2025-03-31 22:17:37,445 - INFO - Step 4: Verifying Download Current HTML button availability after Cancel
2025-03-31 22:17:37,493 - INFO - Step 4 Result: Download Current HTML button is available after Cancel
2025-03-31 22:17:37,495 - INFO - Step 5: Clicking Download Current HTML button again
2025-03-31 22:17:37,624 - INFO - Step 6: Clicking OK in popup
2025-03-31 22:17:37,734 - INFO - Step 7: Waiting for error popup to appear
2025-03-31 22:17:38,862 - INFO - Step 8: Waiting for error popup to disappear (max 15 seconds)
2025-03-31 22:17:43,512 - INFO - Step 9: Verifying Download Current HTML button availability after error popup
2025-03-31 22:17:43,546 - INFO - ====== Completed Download Current HTML Button Flow Successfully ======
2025-03-31 22:17:43,552 - INFO - ====== Starting Download Current BSUT Report Data Button Flow ======
2025-03-31 22:17:43,556 - INFO - Step 1: Clicking Download Current BSUT Report Data button
2025-03-31 22:17:43,788 - INFO - Step 2: Waiting for popup OK and Cancel buttons
2025-03-31 22:17:43,828 - INFO - Step 2 Result: Popup OK and Cancel buttons are available
2025-03-31 22:17:43,829 - INFO - Step 3: Clicking Cancel
2025-03-31 22:17:43,940 - INFO - Step 4: Verifying Download Current BSUT Report Data button availability after Cancel
2025-03-31 22:17:43,967 - INFO - Step 4 Result: Download Current BSUT Report Data button is available after Cancel
2025-03-31 22:17:43,968 - INFO - Step 5: Clicking Download Current BSUT Report Data button again
2025-03-31 22:17:44,092 - INFO - Step 6: Clicking OK in popup
2025-03-31 22:17:44,218 - INFO - Step 7: Waiting for error popup to appear
2025-03-31 22:17:44,280 - INFO - Step 8: Waiting for error popup to disappear (max 15 seconds)
2025-03-31 22:17:49,953 - INFO - Step 9: Verifying Download Current BSUT Report Data button availability after error popup
2025-03-31 22:17:49,981 - INFO - ====== Completed Download Current BSUT Report Data Button Flow Successfully ======
2025-03-31 22:17:49,989 - INFO - ====== Starting Report Data Management Flow ======
2025-03-31 22:17:49,992 - INFO - Step 1: Clicking Report Data Management button
2025-03-31 22:17:50,199 - INFO - Step 2: Checking Delete Test Report button availability
2025-03-31 22:17:50,263 - INFO - Step 3: Checking Test results folder size label
2025-03-31 22:17:50,314 - INFO - Test results folder info: Test results folder size :0.00 MBs
2025-03-31 22:17:50,316 - INFO - Step 4: Checking Delete Report button availability
2025-03-31 22:17:50,363 - INFO - Step 5: Clicking Delete Report button
2025-03-31 22:17:50,493 - INFO - Step 5.1: Checking OK and Cancel buttons in popup
2025-03-31 22:17:50,553 - INFO - Step 5.2: Clicking Cancel on popup
2025-03-31 22:17:50,689 - INFO - Step 6: Clicking Download Report button
2025-03-31 22:17:50,802 - INFO - Step 6.1: Waiting for 10 seconds for download to process
2025-03-31 22:18:00,804 - INFO - Step 7: Clicking Delete Test Report button (Re-fetching due to possible stale)
2025-03-31 22:18:00,991 - INFO - Step 8: Checking Confirmation Text
2025-03-31 22:18:01,046 - INFO - Confirmation popup text: Are you sure you want to permanently delete all 2 folders?
2025-03-31 22:18:01,047 - INFO - Step 9: Checking OK and Cancel buttons in confirmation popup
2025-03-31 22:18:01,152 - INFO - Step 9.1: Clicking Cancel on confirmation popup
2025-03-31 22:18:01,265 - INFO - ====== Completed Report Data Management Flow Successfully ======
2025-03-31 22:18:01,271 - INFO - ====== Starting Synthetic File Popup Verification ======
2025-03-31 22:18:01,272 - INFO - Step 1: Clicking Synthetic File button
2025-03-31 22:18:02,414 - ERROR - Synthetic File Popup Validation Failed: Message: element click intercepted: Element <button type="button" id="report_toolbar_settings_button" class="grl-button btn-primary refresh-btn btn btn-primary">...</button> is not clickable at point (898, 86). Other element would receive the click: <div class="modal-header">...</div>
  (Session info: chrome=134.0.6998.178)
Stacktrace:
	GetHandleVerifier [0x00007FF652C24C25+3179557]
	(No symbol) [0x00007FF6528888A0]
	(No symbol) [0x00007FF6527191CA]
	(No symbol) [0x00007FF652777929]
	(No symbol) [0x00007FF6527752E2]
	(No symbol) [0x00007FF652772381]
	(No symbol) [0x00007FF652771281]
	(No symbol) [0x00007FF652762A24]
	(No symbol) [0x00007FF652797C2A]
	(No symbol) [0x00007FF6527622D6]
	(No symbol) [0x00007FF652797E40]
	(No symbol) [0x00007FF6527C02F3]
	(No symbol) [0x00007FF652797A03]
	(No symbol) [0x00007FF6527606D0]
	(No symbol) [0x00007FF652761983]
	GetHandleVerifier [0x00007FF652C867CD+3579853]
	GetHandleVerifier [0x00007FF652C9D1D2+3672530]
	GetHandleVerifier [0x00007FF652C92153+3627347]
	GetHandleVerifier [0x00007FF6529F092A+868650]
	(No symbol) [0x00007FF652892FFF]
	(No symbol) [0x00007FF65288F4A4]
	(No symbol) [0x00007FF65288F646]
	(No symbol) [0x00007FF65287EAA9]
	BaseThreadInitThunk [0x00007FF9358D54E0+16]
	RtlUserThreadStart [0x00007FF936AA485B+43]

2025-03-31 22:20:37,054 - INFO - Using TEST_IP: 192.168.5.74
2025-03-31 22:20:38,427 - INFO - Opening browser using way1
2025-03-31 22:20:50,844 - INFO - Step: Checking Report Button availability
2025-03-31 22:20:50,889 - INFO - Report button is available.
2025-03-31 22:20:51,037 - INFO - Clicked Report button.
2025-03-31 22:20:53,044 - INFO - Step: Checking 'View Report' button availability
2025-03-31 22:20:53,085 - INFO - View Report button is available.
2025-03-31 22:20:53,091 - INFO - ====== Starting Download Current HTML Button Flow ======
2025-03-31 22:20:53,093 - INFO - Step 1: Clicking Download Current HTML button
2025-03-31 22:20:53,355 - INFO - Step 2: Waiting for popup OK and Cancel buttons
2025-03-31 22:20:53,392 - INFO - Step 2 Result: Popup OK and Cancel buttons are available
2025-03-31 22:20:53,393 - INFO - Step 3: Clicking Cancel
2025-03-31 22:20:53,526 - INFO - Step 4: Verifying Download Current HTML button availability after Cancel
2025-03-31 22:20:53,555 - INFO - Step 4 Result: Download Current HTML button is available after Cancel
2025-03-31 22:20:53,556 - INFO - Step 5: Clicking Download Current HTML button again
2025-03-31 22:20:53,679 - INFO - Step 6: Clicking OK in popup
2025-03-31 22:20:53,804 - INFO - Step 7: Waiting for error popup to appear
2025-03-31 22:20:54,967 - INFO - Step 8: Waiting for error popup to disappear (max 15 seconds)
2025-03-31 22:20:59,628 - INFO - Step 9: Verifying Download Current HTML button availability after error popup
2025-03-31 22:20:59,672 - INFO - ====== Completed Download Current HTML Button Flow Successfully ======
2025-03-31 22:20:59,678 - INFO - ====== Starting Download Current BSUT Report Data Button Flow ======
2025-03-31 22:20:59,680 - INFO - Step 1: Clicking Download Current BSUT Report Data button
2025-03-31 22:20:59,892 - INFO - Step 2: Waiting for popup OK and Cancel buttons
2025-03-31 22:20:59,925 - INFO - Step 2 Result: Popup OK and Cancel buttons are available
2025-03-31 22:20:59,926 - INFO - Step 3: Clicking Cancel
2025-03-31 22:21:00,045 - INFO - Step 4: Verifying Download Current BSUT Report Data button availability after Cancel
2025-03-31 22:21:00,071 - INFO - Step 4 Result: Download Current BSUT Report Data button is available after Cancel
2025-03-31 22:21:00,072 - INFO - Step 5: Clicking Download Current BSUT Report Data button again
2025-03-31 22:21:00,210 - INFO - Step 6: Clicking OK in popup
2025-03-31 22:21:00,330 - INFO - Step 7: Waiting for error popup to appear
2025-03-31 22:21:00,392 - INFO - Step 8: Waiting for error popup to disappear (max 15 seconds)
2025-03-31 22:21:06,071 - INFO - Step 9: Verifying Download Current BSUT Report Data button availability after error popup
2025-03-31 22:21:06,106 - INFO - ====== Completed Download Current BSUT Report Data Button Flow Successfully ======
2025-03-31 22:21:06,113 - INFO - ====== Starting Report Data Management Flow ======
2025-03-31 22:21:06,115 - INFO - Step 1: Clicking Report Data Management button
2025-03-31 22:21:06,309 - INFO - Step 2: Checking Delete Test Report button availability
2025-03-31 22:21:06,344 - INFO - Step 3: Checking Test results folder size label
2025-03-31 22:21:06,406 - INFO - Test results folder info: Test results folder size :0.00 MBs
2025-03-31 22:21:06,407 - INFO - Step 4: Checking Delete Report button availability
2025-03-31 22:21:06,457 - INFO - Step 5: Clicking Delete Report button
2025-03-31 22:21:06,610 - INFO - Step 5.1: Checking OK and Cancel buttons in popup
2025-03-31 22:21:06,678 - INFO - Step 5.2: Clicking Cancel on popup
2025-03-31 22:21:06,853 - INFO - Step 6: Clicking Download Report button
2025-03-31 22:21:06,981 - INFO - Step 6.1: Waiting for 10 seconds for download to process
2025-03-31 22:21:16,983 - INFO - Step 7: Clicking Delete Test Report button (Re-fetching due to possible stale)
2025-03-31 22:21:17,148 - INFO - Step 8: Checking Confirmation Text
2025-03-31 22:21:17,208 - INFO - Confirmation popup text: Are you sure you want to permanently delete all 2 folders?
2025-03-31 22:21:17,209 - INFO - Step 9: Checking OK and Cancel buttons in confirmation popup
2025-03-31 22:21:17,312 - INFO - Step 9.1: Clicking Cancel on confirmation popup
2025-03-31 22:21:17,423 - INFO - ====== Completed Report Data Management Flow Successfully ======
2025-03-31 22:21:17,429 - INFO - ====== Starting Synthetic File Popup Verification ======
2025-03-31 22:21:17,432 - INFO - Step 1: Clicking Synthetic File button
2025-03-31 22:21:18,571 - ERROR - Synthetic File Popup Validation Failed: Message: element click intercepted: Element <button type="button" id="report_toolbar_settings_button" class="grl-button btn-primary refresh-btn btn btn-primary">...</button> is not clickable at point (898, 86). Other element would receive the click: <div class="modal-header">...</div>
  (Session info: chrome=134.0.6998.178)
Stacktrace:
	GetHandleVerifier [0x00007FF652C24C25+3179557]
	(No symbol) [0x00007FF6528888A0]
	(No symbol) [0x00007FF6527191CA]
	(No symbol) [0x00007FF652777929]
	(No symbol) [0x00007FF6527752E2]
	(No symbol) [0x00007FF652772381]
	(No symbol) [0x00007FF652771281]
	(No symbol) [0x00007FF652762A24]
	(No symbol) [0x00007FF652797C2A]
	(No symbol) [0x00007FF6527622D6]
	(No symbol) [0x00007FF652797E40]
	(No symbol) [0x00007FF6527C02F3]
	(No symbol) [0x00007FF652797A03]
	(No symbol) [0x00007FF6527606D0]
	(No symbol) [0x00007FF652761983]
	GetHandleVerifier [0x00007FF652C867CD+3579853]
	GetHandleVerifier [0x00007FF652C9D1D2+3672530]
	GetHandleVerifier [0x00007FF652C92153+3627347]
	GetHandleVerifier [0x00007FF6529F092A+868650]
	(No symbol) [0x00007FF652892FFF]
	(No symbol) [0x00007FF65288F4A4]
	(No symbol) [0x00007FF65288F646]
	(No symbol) [0x00007FF65287EAA9]
	BaseThreadInitThunk [0x00007FF9358D54E0+16]
	RtlUserThreadStart [0x00007FF936AA485B+43]

2025-03-31 22:23:51,241 - INFO - Using TEST_IP: 192.168.5.74
2025-03-31 22:23:52,617 - INFO - Opening browser using way1
2025-03-31 22:24:02,803 - INFO - Step: Checking Report Button availability
2025-03-31 22:24:02,838 - INFO - Report button is available.
2025-03-31 22:24:02,970 - INFO - Clicked Report button.
2025-03-31 22:24:04,978 - INFO - Step: Checking 'View Report' button availability
2025-03-31 22:24:05,016 - INFO - View Report button is available.
2025-03-31 22:24:05,024 - INFO - ====== Starting Download Current HTML Button Flow ======
2025-03-31 22:24:05,026 - INFO - Step 1: Clicking Download Current HTML button
2025-03-31 22:24:05,220 - INFO - Step 2: Waiting for popup OK and Cancel buttons
2025-03-31 22:24:05,254 - INFO - Step 2 Result: Popup OK and Cancel buttons are available
2025-03-31 22:24:05,255 - INFO - Step 3: Clicking Cancel
2025-03-31 22:24:05,386 - INFO - Step 4: Verifying Download Current HTML button availability after Cancel
2025-03-31 22:24:05,412 - INFO - Step 4 Result: Download Current HTML button is available after Cancel
2025-03-31 22:24:05,413 - INFO - Step 5: Clicking Download Current HTML button again
2025-03-31 22:24:05,539 - INFO - Step 6: Clicking OK in popup
2025-03-31 22:24:05,676 - INFO - Step 7: Waiting for error popup to appear
2025-03-31 22:24:06,812 - INFO - Step 8: Waiting for error popup to disappear (max 15 seconds)
2025-03-31 22:24:11,470 - INFO - Step 9: Verifying Download Current HTML button availability after error popup
2025-03-31 22:24:11,496 - INFO - ====== Completed Download Current HTML Button Flow Successfully ======
2025-03-31 22:24:11,502 - INFO - ====== Starting Download Current BSUT Report Data Button Flow ======
2025-03-31 22:24:11,504 - INFO - Step 1: Clicking Download Current BSUT Report Data button
2025-03-31 22:24:11,683 - INFO - Step 2: Waiting for popup OK and Cancel buttons
2025-03-31 22:24:11,713 - INFO - Step 2 Result: Popup OK and Cancel buttons are available
2025-03-31 22:24:11,714 - INFO - Step 3: Clicking Cancel
2025-03-31 22:24:11,808 - INFO - Step 4: Verifying Download Current BSUT Report Data button availability after Cancel
2025-03-31 22:24:11,853 - INFO - Step 4 Result: Download Current BSUT Report Data button is available after Cancel
2025-03-31 22:24:11,854 - INFO - Step 5: Clicking Download Current BSUT Report Data button again
2025-03-31 22:24:11,964 - INFO - Step 6: Clicking OK in popup
2025-03-31 22:24:12,099 - INFO - Step 7: Waiting for error popup to appear
2025-03-31 22:24:12,163 - INFO - Step 8: Waiting for error popup to disappear (max 15 seconds)
2025-03-31 22:24:17,842 - INFO - Step 9: Verifying Download Current BSUT Report Data button availability after error popup
2025-03-31 22:24:17,872 - INFO - ====== Completed Download Current BSUT Report Data Button Flow Successfully ======
2025-03-31 22:24:17,879 - INFO - ====== Starting Report Data Management Flow ======
2025-03-31 22:24:17,881 - INFO - Step 1: Clicking Report Data Management button
2025-03-31 22:24:18,104 - INFO - Step 2: Checking Delete Test Report button availability
2025-03-31 22:24:18,143 - INFO - Step 3: Checking Test results folder size label
2025-03-31 22:24:18,202 - INFO - Test results folder info: Test results folder size :0.00 MBs
2025-03-31 22:24:18,203 - INFO - Step 4: Checking Delete Report button availability
2025-03-31 22:24:18,252 - INFO - Step 5: Clicking Delete Report button
2025-03-31 22:24:18,381 - INFO - Step 5.1: Checking OK and Cancel buttons in popup
2025-03-31 22:24:18,459 - INFO - Step 5.2: Clicking Cancel on popup
2025-03-31 22:24:18,635 - INFO - Step 6: Clicking Download Report button
2025-03-31 22:24:18,758 - INFO - Step 6.1: Waiting for 10 seconds for download to process
2025-03-31 22:24:28,759 - INFO - Step 7: Clicking Delete Test Report button (Re-fetching due to possible stale)
2025-03-31 22:24:28,953 - INFO - Step 8: Checking Confirmation Text
2025-03-31 22:24:29,020 - INFO - Confirmation popup text: Are you sure you want to permanently delete all 2 folders?
2025-03-31 22:24:29,021 - INFO - Step 9: Checking OK and Cancel buttons in confirmation popup
2025-03-31 22:24:29,118 - INFO - Step 9.1: Clicking Cancel on confirmation popup
2025-03-31 22:24:29,328 - INFO - ====== Completed Report Data Management Flow Successfully ======
2025-03-31 22:24:29,335 - INFO - ====== Starting Synthetic File Popup Verification ======
2025-03-31 22:24:29,337 - INFO - Step 1: Clicking Synthetic File button
2025-03-31 22:24:29,537 - INFO - Step 2: Validating File Path input box behavior
2025-03-31 22:24:29,706 - INFO - Typed: 12345, Input Box Value: 12345
2025-03-31 22:24:29,864 - INFO - Typed: abcDEF, Input Box Value: abcDEF
2025-03-31 22:24:30,010 - INFO - Typed: !@#$%, Input Box Value: !@#$%
2025-03-31 22:24:30,158 - INFO - Typed: abc123!@#, Input Box Value: abc123!@#
2025-03-31 22:24:30,186 - INFO - No max length restriction found.
2025-03-31 22:24:30,187 - INFO - Step 3: Validating Enable VC-Tx Checkbox
2025-03-31 22:24:30,218 - INFO - Checkbox initially selected? False
2025-03-31 22:24:30,312 - INFO - Checkbox selected? True
2025-03-31 22:24:30,395 - INFO - Checkbox deselected? True
2025-03-31 22:24:30,397 - INFO - Step 4: Validating Dropdown: File Source
2025-03-31 22:24:50,606 - ERROR - Synthetic File Popup Validation Failed: Message: 
Stacktrace:
	GetHandleVerifier [0x00007FF652C24C25+3179557]
	(No symbol) [0x00007FF6528888A0]
	(No symbol) [0x00007FF6527191CA]
	(No symbol) [0x00007FF65276FA67]
	(No symbol) [0x00007FF65276FC9C]
	(No symbol) [0x00007FF6527C3627]
	(No symbol) [0x00007FF652797C6F]
	(No symbol) [0x00007FF6527C02F3]
	(No symbol) [0x00007FF652797A03]
	(No symbol) [0x00007FF6527606D0]
	(No symbol) [0x00007FF652761983]
	GetHandleVerifier [0x00007FF652C867CD+3579853]
	GetHandleVerifier [0x00007FF652C9D1D2+3672530]
	GetHandleVerifier [0x00007FF652C92153+3627347]
	GetHandleVerifier [0x00007FF6529F092A+868650]
	(No symbol) [0x00007FF652892FFF]
	(No symbol) [0x00007FF65288F4A4]
	(No symbol) [0x00007FF65288F646]
	(No symbol) [0x00007FF65287EAA9]
	BaseThreadInitThunk [0x00007FF9358D54E0+16]
	RtlUserThreadStart [0x00007FF936AA485B+43]

2025-03-31 22:30:57,006 - INFO - Using TEST_IP: 192.168.5.74
2025-03-31 22:30:58,390 - INFO - Opening browser using way1
2025-03-31 22:31:08,645 - INFO - Step: Checking Report Button availability
2025-03-31 22:31:08,682 - INFO - Report button is available.
2025-03-31 22:31:08,811 - INFO - Clicked Report button.
2025-03-31 22:31:10,819 - INFO - Step: Checking 'View Report' button availability
2025-03-31 22:31:10,861 - INFO - View Report button is available.
2025-03-31 22:31:10,866 - INFO - ====== Starting Download Current HTML Button Flow ======
2025-03-31 22:31:10,869 - INFO - Step 1: Clicking Download Current HTML button
2025-03-31 22:31:11,074 - INFO - Step 2: Waiting for popup OK and Cancel buttons
2025-03-31 22:31:11,129 - INFO - Step 2 Result: Popup OK and Cancel buttons are available
2025-03-31 22:31:11,130 - INFO - Step 3: Clicking Cancel
2025-03-31 22:31:11,270 - INFO - Step 4: Verifying Download Current HTML button availability after Cancel
2025-03-31 22:31:11,294 - INFO - Step 4 Result: Download Current HTML button is available after Cancel
2025-03-31 22:31:11,295 - INFO - Step 5: Clicking Download Current HTML button again
2025-03-31 22:31:11,424 - INFO - Step 6: Clicking OK in popup
2025-03-31 22:31:11,546 - INFO - Step 7: Waiting for error popup to appear
2025-03-31 22:31:12,683 - INFO - Step 8: Waiting for error popup to disappear (max 15 seconds)
2025-03-31 22:31:17,332 - INFO - Step 9: Verifying Download Current HTML button availability after error popup
2025-03-31 22:31:17,361 - INFO - ====== Completed Download Current HTML Button Flow Successfully ======
2025-03-31 22:31:17,369 - INFO - ====== Starting Download Current BSUT Report Data Button Flow ======
2025-03-31 22:31:17,372 - INFO - Step 1: Clicking Download Current BSUT Report Data button
2025-03-31 22:31:17,581 - INFO - Step 2: Waiting for popup OK and Cancel buttons
2025-03-31 22:31:17,610 - INFO - Step 2 Result: Popup OK and Cancel buttons are available
2025-03-31 22:31:17,611 - INFO - Step 3: Clicking Cancel
2025-03-31 22:31:17,735 - INFO - Step 4: Verifying Download Current BSUT Report Data button availability after Cancel
2025-03-31 22:31:17,760 - INFO - Step 4 Result: Download Current BSUT Report Data button is available after Cancel
2025-03-31 22:31:17,761 - INFO - Step 5: Clicking Download Current BSUT Report Data button again
2025-03-31 22:31:17,865 - INFO - Step 6: Clicking OK in popup
2025-03-31 22:31:17,991 - INFO - Step 7: Waiting for error popup to appear
2025-03-31 22:31:18,050 - INFO - Step 8: Waiting for error popup to disappear (max 15 seconds)
2025-03-31 22:31:23,734 - INFO - Step 9: Verifying Download Current BSUT Report Data button availability after error popup
2025-03-31 22:31:23,768 - INFO - ====== Completed Download Current BSUT Report Data Button Flow Successfully ======
2025-03-31 22:31:23,775 - INFO - ====== Starting Report Data Management Flow ======
2025-03-31 22:31:23,777 - INFO - Step 1: Clicking Report Data Management button
2025-03-31 22:31:24,008 - INFO - Step 2: Checking Delete Test Report button availability
2025-03-31 22:31:24,043 - INFO - Step 3: Checking Test results folder size label
2025-03-31 22:31:24,106 - INFO - Test results folder info: Test results folder size :0.00 MBs
2025-03-31 22:31:24,108 - INFO - Step 4: Checking Delete Report button availability
2025-03-31 22:31:24,150 - INFO - Step 5: Clicking Delete Report button
2025-03-31 22:31:24,269 - INFO - Step 5.1: Checking OK and Cancel buttons in popup
2025-03-31 22:31:24,321 - INFO - Step 5.2: Clicking Cancel on popup
2025-03-31 22:31:24,426 - INFO - Step 6: Clicking Download Report button
2025-03-31 22:31:24,545 - INFO - Step 6.1: Waiting for 10 seconds for download to process
2025-03-31 22:31:34,547 - INFO - Step 7: Clicking Delete Test Report button (Re-fetching due to possible stale)
2025-03-31 22:31:34,710 - INFO - Step 8: Checking Confirmation Text
2025-03-31 22:31:34,764 - INFO - Confirmation popup text: Are you sure you want to permanently delete all 2 folders?
2025-03-31 22:31:34,766 - INFO - Step 9: Checking OK and Cancel buttons in confirmation popup
2025-03-31 22:31:34,825 - INFO - Step 9.1: Clicking Cancel on confirmation popup
2025-03-31 22:31:35,092 - INFO - ====== Completed Report Data Management Flow Successfully ======
2025-03-31 22:31:35,099 - INFO - ====== Starting Synthetic File Popup Dropdown Value Print ======
2025-03-31 22:31:35,102 - INFO - Step 1: Clicking Synthetic File button
2025-03-31 22:31:35,277 - INFO - Waiting for popup to be fully loaded...
2025-03-31 22:31:35,299 - INFO - Step 2: Fetching Dropdown: File Source
2025-03-31 22:31:55,749 - ERROR - Error fetching options for dropdown 'File Source': Message: 
Stacktrace:
	GetHandleVerifier [0x00007FF652C24C25+3179557]
	(No symbol) [0x00007FF6528888A0]
	(No symbol) [0x00007FF6527191CA]
	(No symbol) [0x00007FF65276FA67]
	(No symbol) [0x00007FF65276FC9C]
	(No symbol) [0x00007FF6527C3627]
	(No symbol) [0x00007FF652797C6F]
	(No symbol) [0x00007FF6527C02F3]
	(No symbol) [0x00007FF652797A03]
	(No symbol) [0x00007FF6527606D0]
	(No symbol) [0x00007FF652761983]
	GetHandleVerifier [0x00007FF652C867CD+3579853]
	GetHandleVerifier [0x00007FF652C9D1D2+3672530]
	GetHandleVerifier [0x00007FF652C92153+3627347]
	GetHandleVerifier [0x00007FF6529F092A+868650]
	(No symbol) [0x00007FF652892FFF]
	(No symbol) [0x00007FF65288F4A4]
	(No symbol) [0x00007FF65288F646]
	(No symbol) [0x00007FF65287EAA9]
	BaseThreadInitThunk [0x00007FF9358D54E0+16]
	RtlUserThreadStart [0x00007FF936AA485B+43]

2025-03-31 22:31:55,956 - ERROR - Synthetic File Popup Dropdown Print Failed: Message: 
Stacktrace:
	GetHandleVerifier [0x00007FF652C24C25+3179557]
	(No symbol) [0x00007FF6528888A0]
	(No symbol) [0x00007FF6527191CA]
	(No symbol) [0x00007FF65276FA67]
	(No symbol) [0x00007FF65276FC9C]
	(No symbol) [0x00007FF6527C3627]
	(No symbol) [0x00007FF652797C6F]
	(No symbol) [0x00007FF6527C02F3]
	(No symbol) [0x00007FF652797A03]
	(No symbol) [0x00007FF6527606D0]
	(No symbol) [0x00007FF652761983]
	GetHandleVerifier [0x00007FF652C867CD+3579853]
	GetHandleVerifier [0x00007FF652C9D1D2+3672530]
	GetHandleVerifier [0x00007FF652C92153+3627347]
	GetHandleVerifier [0x00007FF6529F092A+868650]
	(No symbol) [0x00007FF652892FFF]
	(No symbol) [0x00007FF65288F4A4]
	(No symbol) [0x00007FF65288F646]
	(No symbol) [0x00007FF65287EAA9]
	BaseThreadInitThunk [0x00007FF9358D54E0+16]
	RtlUserThreadStart [0x00007FF936AA485B+43]

2025-03-31 23:08:12,350 - INFO - Using TEST_IP: 192.168.5.74
2025-03-31 23:08:14,186 - INFO - Opening browser using way1
2025-03-31 23:08:24,684 - INFO - Step: Checking Report Button availability
2025-03-31 23:08:24,703 - INFO - Report button is available.
2025-03-31 23:08:24,782 - INFO - Clicked Report button.
2025-03-31 23:08:26,787 - INFO - Step: Checking 'View Report' button availability
2025-03-31 23:08:26,879 - INFO - View Report button is available.
2025-03-31 23:08:26,882 - INFO - ====== Starting Download Current HTML Button Flow ======
2025-03-31 23:08:26,883 - INFO - Step 1: Clicking Download Current HTML button
2025-03-31 23:08:27,013 - INFO - Step 2: Waiting for popup OK and Cancel buttons
2025-03-31 23:08:27,037 - INFO - Step 2 Result: Popup OK and Cancel buttons are available
2025-03-31 23:08:27,038 - INFO - Step 3: Clicking Cancel
2025-03-31 23:08:27,114 - INFO - Step 4: Verifying Download Current HTML button availability after Cancel
2025-03-31 23:08:27,163 - INFO - Step 4 Result: Download Current HTML button is available after Cancel
2025-03-31 23:08:27,164 - INFO - Step 5: Clicking Download Current HTML button again
2025-03-31 23:08:27,263 - INFO - Step 6: Clicking OK in popup
2025-03-31 23:08:27,335 - INFO - Step 7: Waiting for error popup to appear
2025-03-31 23:08:28,418 - INFO - Step 8: Waiting for error popup to disappear (max 15 seconds)
2025-03-31 23:08:32,993 - INFO - Step 9: Verifying Download Current HTML button availability after error popup
2025-03-31 23:08:33,003 - INFO - ====== Completed Download Current HTML Button Flow Successfully ======
2025-03-31 23:08:33,007 - INFO - ====== Starting Download Current BSUT Report Data Button Flow ======
2025-03-31 23:08:33,007 - INFO - Step 1: Clicking Download Current BSUT Report Data button
2025-03-31 23:08:33,112 - INFO - Step 2: Waiting for popup OK and Cancel buttons
2025-03-31 23:08:33,135 - INFO - Step 2 Result: Popup OK and Cancel buttons are available
2025-03-31 23:08:33,136 - INFO - Step 3: Clicking Cancel
2025-03-31 23:08:33,185 - INFO - Step 4: Verifying Download Current BSUT Report Data button availability after Cancel
2025-03-31 23:08:33,201 - INFO - Step 4 Result: Download Current BSUT Report Data button is available after Cancel
2025-03-31 23:08:33,203 - INFO - Step 5: Clicking Download Current BSUT Report Data button again
2025-03-31 23:08:33,291 - INFO - Step 6: Clicking OK in popup
2025-03-31 23:08:33,362 - INFO - Step 7: Waiting for error popup to appear
2025-03-31 23:08:33,398 - INFO - Step 8: Waiting for error popup to disappear (max 15 seconds)
2025-03-31 23:08:38,999 - INFO - Step 9: Verifying Download Current BSUT Report Data button availability after error popup
2025-03-31 23:08:39,010 - INFO - ====== Completed Download Current BSUT Report Data Button Flow Successfully ======
2025-03-31 23:08:39,012 - INFO - ====== Starting Report Data Management Flow ======
2025-03-31 23:08:39,012 - INFO - Step 1: Clicking Report Data Management button
2025-03-31 23:08:39,110 - INFO - Step 2: Checking Delete Test Report button availability
2025-03-31 23:08:39,153 - INFO - Step 3: Checking Test results folder size label
2025-03-31 23:08:39,178 - INFO - Test results folder info: Test results folder size :0.00 MBs
2025-03-31 23:08:39,179 - INFO - Step 4: Checking Delete Report button availability
2025-03-31 23:08:39,198 - INFO - Step 5: Clicking Delete Report button
2025-03-31 23:08:39,291 - INFO - Step 5.1: Checking OK and Cancel buttons in popup
2025-03-31 23:08:39,330 - INFO - Step 5.2: Clicking Cancel on popup
2025-03-31 23:08:39,392 - INFO - Step 6: Clicking Download Report button
2025-03-31 23:08:39,469 - INFO - Step 6.1: Waiting for 10 seconds for download to process
2025-03-31 23:08:49,471 - INFO - Step 7: Clicking Delete Test Report button (Re-fetching due to possible stale)
2025-03-31 23:08:49,550 - INFO - Step 8: Checking Confirmation Text
2025-03-31 23:08:49,586 - INFO - Confirmation popup text: Are you sure you want to permanently delete all 2 folders?
2025-03-31 23:08:49,589 - INFO - Step 9: Checking OK and Cancel buttons in confirmation popup
2025-03-31 23:08:49,626 - INFO - Step 9.1: Clicking Cancel on confirmation popup
2025-03-31 23:08:49,763 - INFO - ====== Completed Report Data Management Flow Successfully ======
2025-03-31 23:08:49,766 - INFO - ====== Starting Synthetic File Popup Dropdown Value Print ======
2025-03-31 23:08:49,767 - INFO - Step 1: Clicking Synthetic File button
2025-03-31 23:08:49,998 - INFO - Waiting for popup to be fully loaded...
2025-03-31 23:08:50,009 - INFO - Step 2: Fetching Dropdown: File Source
2025-03-31 23:08:50,079 - INFO - File Source dropdown options:
2025-03-31 23:08:50,580 - INFO - Step 2: Fetching Dropdown: Test Mode
2025-03-31 23:08:51,674 - ERROR - Error fetching options for dropdown 'Test Mode': Message: element click intercepted: Element <button type="button" id="react-aria832070733-15" aria-expanded="false" class="dropdowncustom dropdown-toggle btn btn-primary">...</button> is not clickable at point (830, 219). Other element would receive the click: <a aria-selected="false" data-rr-ui-dropdown-item="" class="dropdown-item" role="button" tabindex="0" href="#">...</a>
  (Session info: chrome=134.0.6998.178)
Stacktrace:
	GetHandleVerifier [0x00007FF6F56B4C25+3179557]
	(No symbol) [0x00007FF6F53188A0]
	(No symbol) [0x00007FF6F51A91CA]
	(No symbol) [0x00007FF6F5207929]
	(No symbol) [0x00007FF6F52052E2]
	(No symbol) [0x00007FF6F5202381]
	(No symbol) [0x00007FF6F5201281]
	(No symbol) [0x00007FF6F51F2A24]
	(No symbol) [0x00007FF6F5227C2A]
	(No symbol) [0x00007FF6F51F22D6]
	(No symbol) [0x00007FF6F5227E40]
	(No symbol) [0x00007FF6F52502F3]
	(No symbol) [0x00007FF6F5227A03]
	(No symbol) [0x00007FF6F51F06D0]
	(No symbol) [0x00007FF6F51F1983]
	GetHandleVerifier [0x00007FF6F57167CD+3579853]
	GetHandleVerifier [0x00007FF6F572D1D2+3672530]
	GetHandleVerifier [0x00007FF6F5722153+3627347]
	GetHandleVerifier [0x00007FF6F548092A+868650]
	(No symbol) [0x00007FF6F5322FFF]
	(No symbol) [0x00007FF6F531F4A4]
	(No symbol) [0x00007FF6F531F646]
	(No symbol) [0x00007FF6F530EAA9]
	BaseThreadInitThunk [0x00007FF9358D54E0+16]
	RtlUserThreadStart [0x00007FF936AA485B+43]

2025-03-31 23:08:51,840 - ERROR - Synthetic File Popup Dropdown Print Failed: Message: element click intercepted: Element <button type="button" id="react-aria832070733-15" aria-expanded="false" class="dropdowncustom dropdown-toggle btn btn-primary">...</button> is not clickable at point (830, 219). Other element would receive the click: <a aria-selected="false" data-rr-ui-dropdown-item="" class="dropdown-item" role="button" tabindex="0" href="#">...</a>
  (Session info: chrome=134.0.6998.178)
Stacktrace:
	GetHandleVerifier [0x00007FF6F56B4C25+3179557]
	(No symbol) [0x00007FF6F53188A0]
	(No symbol) [0x00007FF6F51A91CA]
	(No symbol) [0x00007FF6F5207929]
	(No symbol) [0x00007FF6F52052E2]
	(No symbol) [0x00007FF6F5202381]
	(No symbol) [0x00007FF6F5201281]
	(No symbol) [0x00007FF6F51F2A24]
	(No symbol) [0x00007FF6F5227C2A]
	(No symbol) [0x00007FF6F51F22D6]
	(No symbol) [0x00007FF6F5227E40]
	(No symbol) [0x00007FF6F52502F3]
	(No symbol) [0x00007FF6F5227A03]
	(No symbol) [0x00007FF6F51F06D0]
	(No symbol) [0x00007FF6F51F1983]
	GetHandleVerifier [0x00007FF6F57167CD+3579853]
	GetHandleVerifier [0x00007FF6F572D1D2+3672530]
	GetHandleVerifier [0x00007FF6F5722153+3627347]
	GetHandleVerifier [0x00007FF6F548092A+868650]
	(No symbol) [0x00007FF6F5322FFF]
	(No symbol) [0x00007FF6F531F4A4]
	(No symbol) [0x00007FF6F531F646]
	(No symbol) [0x00007FF6F530EAA9]
	BaseThreadInitThunk [0x00007FF9358D54E0+16]
	RtlUserThreadStart [0x00007FF936AA485B+43]

2025-03-31 23:12:18,513 - INFO - Using TEST_IP: 192.168.5.74
2025-03-31 23:12:19,770 - INFO - Opening browser using way1
2025-03-31 23:12:30,173 - INFO - Step: Checking Report Button availability
2025-03-31 23:12:30,190 - INFO - Report button is available.
2025-03-31 23:12:30,258 - INFO - Clicked Report button.
2025-03-31 23:12:32,262 - INFO - Step: Checking 'View Report' button availability
2025-03-31 23:12:32,303 - INFO - View Report button is available.
2025-03-31 23:12:32,306 - INFO - ====== Starting Download Current HTML Button Flow ======
2025-03-31 23:12:32,306 - INFO - Step 1: Clicking Download Current HTML button
2025-03-31 23:12:32,420 - INFO - Step 2: Waiting for popup OK and Cancel buttons
2025-03-31 23:12:32,444 - INFO - Step 2 Result: Popup OK and Cancel buttons are available
2025-03-31 23:12:32,445 - INFO - Step 3: Clicking Cancel
2025-03-31 23:12:32,525 - INFO - Step 4: Verifying Download Current HTML button availability after Cancel
2025-03-31 23:12:32,559 - INFO - Step 4 Result: Download Current HTML button is available after Cancel
2025-03-31 23:12:32,560 - INFO - Step 5: Clicking Download Current HTML button again
2025-03-31 23:12:32,653 - INFO - Step 6: Clicking OK in popup
2025-03-31 23:12:32,723 - INFO - Step 7: Waiting for error popup to appear
2025-03-31 23:12:33,798 - INFO - Step 8: Waiting for error popup to disappear (max 15 seconds)
2025-03-31 23:12:38,376 - INFO - Step 9: Verifying Download Current HTML button availability after error popup
2025-03-31 23:12:38,388 - INFO - ====== Completed Download Current HTML Button Flow Successfully ======
2025-03-31 23:12:38,390 - INFO - ====== Starting Download Current BSUT Report Data Button Flow ======
2025-03-31 23:12:38,391 - INFO - Step 1: Clicking Download Current BSUT Report Data button
2025-03-31 23:12:38,525 - INFO - Step 2: Waiting for popup OK and Cancel buttons
2025-03-31 23:12:38,554 - INFO - Step 2 Result: Popup OK and Cancel buttons are available
2025-03-31 23:12:38,555 - INFO - Step 3: Clicking Cancel
2025-03-31 23:12:38,623 - INFO - Step 4: Verifying Download Current BSUT Report Data button availability after Cancel
2025-03-31 23:12:38,637 - INFO - Step 4 Result: Download Current BSUT Report Data button is available after Cancel
2025-03-31 23:12:38,638 - INFO - Step 5: Clicking Download Current BSUT Report Data button again
2025-03-31 23:12:38,729 - INFO - Step 6: Clicking OK in popup
2025-03-31 23:12:38,837 - INFO - Step 7: Waiting for error popup to appear
2025-03-31 23:12:38,887 - INFO - Step 8: Waiting for error popup to disappear (max 15 seconds)
2025-03-31 23:12:44,491 - INFO - Step 9: Verifying Download Current BSUT Report Data button availability after error popup
2025-03-31 23:12:44,503 - INFO - ====== Completed Download Current BSUT Report Data Button Flow Successfully ======
2025-03-31 23:12:44,506 - INFO - ====== Starting Report Data Management Flow ======
2025-03-31 23:12:44,506 - INFO - Step 1: Clicking Report Data Management button
2025-03-31 23:12:44,603 - INFO - Step 2: Checking Delete Test Report button availability
2025-03-31 23:12:44,621 - INFO - Step 3: Checking Test results folder size label
2025-03-31 23:12:44,652 - INFO - Test results folder info: Test results folder size :0.00 MBs
2025-03-31 23:12:44,653 - INFO - Step 4: Checking Delete Report button availability
2025-03-31 23:12:44,671 - INFO - Step 5: Clicking Delete Report button
2025-03-31 23:12:44,751 - INFO - Step 5.1: Checking OK and Cancel buttons in popup
2025-03-31 23:12:44,834 - INFO - Step 5.2: Clicking Cancel on popup
2025-03-31 23:12:44,909 - INFO - Step 6: Clicking Download Report button
2025-03-31 23:12:45,001 - INFO - Step 6.1: Waiting for 10 seconds for download to process
2025-03-31 23:12:55,002 - INFO - Step 7: Clicking Delete Test Report button (Re-fetching due to possible stale)
2025-03-31 23:12:55,082 - INFO - Step 8: Checking Confirmation Text
2025-03-31 23:12:55,120 - INFO - Confirmation popup text: Are you sure you want to permanently delete all 2 folders?
2025-03-31 23:12:55,120 - INFO - Step 9: Checking OK and Cancel buttons in confirmation popup
2025-03-31 23:12:55,176 - INFO - Step 9.1: Clicking Cancel on confirmation popup
2025-03-31 23:12:55,343 - INFO - ====== Completed Report Data Management Flow Successfully ======
2025-03-31 23:12:55,348 - INFO - ====== Starting Synthetic File Popup Dropdown Value Print ======
2025-03-31 23:12:55,349 - INFO - Step 1: Clicking Synthetic File button
2025-03-31 23:12:55,469 - INFO - Waiting for popup to be fully loaded...
2025-03-31 23:12:55,484 - INFO - Step 3: Validating input box
2025-03-31 23:12:55,600 - INFO - Typed and verified: 12345
2025-03-31 23:12:55,705 - INFO - Typed and verified: abcDEF
2025-03-31 23:12:55,805 - INFO - Typed and verified: !@#$%
2025-03-31 23:12:55,887 - INFO - Typed and verified: abc123!@#
2025-03-31 23:12:55,887 - INFO - Step 4: Toggling VC-Tx checkbox
2025-03-31 23:12:55,955 - INFO - Checkbox clicked
2025-03-31 23:12:55,996 - INFO - Step 5: Handling dropdown: File Source
2025-03-31 23:12:56,538 - INFO - File Source dropdown options:
2025-03-31 23:12:56,548 - INFO -     File Source --> External File
2025-03-31 23:12:56,555 - INFO -     File Source --> TPT File
2025-03-31 23:12:57,066 - INFO - Step 5: Handling dropdown: Test Mode
2025-03-31 23:12:57,594 - INFO - Test Mode dropdown options:
2025-03-31 23:12:57,602 - INFO -     Test Mode --> 128kHz
2025-03-31 23:12:57,608 - INFO -     Test Mode --> 360kHz
2025-03-31 23:12:58,118 - INFO - Step 5: Handling dropdown: Test Type
2025-03-31 23:12:58,659 - INFO - Test Type dropdown options:
2025-03-31 23:12:58,666 - INFO -     Test Type --> 4.14.Eye test
2025-03-31 23:12:58,672 - INFO -     Test Type --> 4.15.Real test
2025-03-31 23:12:59,182 - INFO - Step 5: Handling dropdown: Channel Type
2025-03-31 23:12:59,710 - INFO - Channel Type dropdown options:
2025-03-31 23:12:59,716 - INFO -     Channel Type --> Magnitude
2025-03-31 23:12:59,722 - INFO -     Channel Type --> Phase
2025-03-31 23:12:59,728 - INFO -     Channel Type --> Both
2025-03-31 23:13:00,237 - INFO - ====== Completed Synthetic File Popup Dropdown Value Print Successfully ======
2025-03-31 23:22:15,591 - INFO - Using TEST_IP: 192.168.5.74
2025-03-31 23:22:16,837 - INFO - Opening browser using way1
2025-03-31 23:22:28,733 - INFO - Step: Checking Report Button availability
2025-03-31 23:22:28,756 - INFO - Report button is available.
2025-03-31 23:22:28,856 - INFO - Clicked Report button.
2025-03-31 23:22:30,862 - INFO - Step: Checking 'View Report' button availability
2025-03-31 23:22:30,883 - INFO - View Report button is available.
2025-03-31 23:22:30,887 - INFO - ====== Starting Download Current HTML Button Flow ======
2025-03-31 23:22:30,888 - INFO - Step 1: Clicking Download Current HTML button
2025-03-31 23:22:31,033 - INFO - Step 2: Waiting for popup OK and Cancel buttons
2025-03-31 23:22:31,056 - INFO - Step 2 Result: Popup OK and Cancel buttons are available
2025-03-31 23:22:31,056 - INFO - Step 3: Clicking Cancel
2025-03-31 23:22:31,134 - INFO - Step 4: Verifying Download Current HTML button availability after Cancel
2025-03-31 23:22:31,161 - INFO - Step 4 Result: Download Current HTML button is available after Cancel
2025-03-31 23:22:31,161 - INFO - Step 5: Clicking Download Current HTML button again
2025-03-31 23:22:31,243 - INFO - Step 6: Clicking OK in popup
2025-03-31 23:22:31,331 - INFO - Step 7: Waiting for error popup to appear
2025-03-31 23:22:32,399 - INFO - Step 8: Waiting for error popup to disappear (max 15 seconds)
2025-03-31 23:22:36,982 - INFO - Step 9: Verifying Download Current HTML button availability after error popup
2025-03-31 23:22:36,996 - INFO - ====== Completed Download Current HTML Button Flow Successfully ======
2025-03-31 23:22:36,999 - INFO - ====== Starting Download Current BSUT Report Data Button Flow ======
2025-03-31 23:22:36,999 - INFO - Step 1: Clicking Download Current BSUT Report Data button
2025-03-31 23:22:37,112 - INFO - Step 2: Waiting for popup OK and Cancel buttons
2025-03-31 23:22:37,135 - INFO - Step 2 Result: Popup OK and Cancel buttons are available
2025-03-31 23:22:37,135 - INFO - Step 3: Clicking Cancel
2025-03-31 23:22:37,177 - INFO - Step 4: Verifying Download Current BSUT Report Data button availability after Cancel
2025-03-31 23:22:37,197 - INFO - Step 4 Result: Download Current BSUT Report Data button is available after Cancel
2025-03-31 23:22:37,198 - INFO - Step 5: Clicking Download Current BSUT Report Data button again
2025-03-31 23:22:37,286 - INFO - Step 6: Clicking OK in popup
2025-03-31 23:22:37,353 - INFO - Step 7: Waiting for error popup to appear
2025-03-31 23:22:37,387 - INFO - Step 8: Waiting for error popup to disappear (max 15 seconds)
2025-03-31 23:22:43,006 - INFO - Step 9: Verifying Download Current BSUT Report Data button availability after error popup
2025-03-31 23:22:43,023 - INFO - ====== Completed Download Current BSUT Report Data Button Flow Successfully ======
2025-03-31 23:22:43,026 - INFO - ====== Starting Report Data Management Flow ======
2025-03-31 23:22:43,027 - INFO - Step 1: Clicking Report Data Management button
2025-03-31 23:22:43,132 - INFO - Step 2: Checking Delete Test Report button availability
2025-03-31 23:22:43,153 - INFO - Step 3: Checking Test results folder size label
2025-03-31 23:22:43,186 - INFO - Test results folder info: Test results folder size :0.00 MBs
2025-03-31 23:22:43,186 - INFO - Step 4: Checking Delete Report button availability
2025-03-31 23:22:43,204 - INFO - Step 5: Clicking Delete Report button
2025-03-31 23:22:43,333 - INFO - Step 5.1: Checking OK and Cancel buttons in popup
2025-03-31 23:22:43,359 - INFO - Step 5.2: Clicking Cancel on popup
2025-03-31 23:22:43,433 - INFO - Step 6: Clicking Download Report button
2025-03-31 23:22:43,539 - INFO - Step 6.1: Waiting for 10 seconds for download to process
2025-03-31 23:22:53,539 - INFO - Step 7: Clicking Delete Test Report button (Re-fetching due to possible stale)
2025-03-31 23:22:53,633 - INFO - Step 8: Checking Confirmation Text
2025-03-31 23:22:53,668 - INFO - Confirmation popup text: Are you sure you want to permanently delete all 2 folders?
2025-03-31 23:22:53,668 - INFO - Step 9: Checking OK and Cancel buttons in confirmation popup
2025-03-31 23:22:53,697 - INFO - Step 9.1: Clicking Cancel on confirmation popup
2025-03-31 23:22:53,843 - INFO - ====== Completed Report Data Management Flow Successfully ======
2025-03-31 23:22:53,846 - INFO - ====== Starting Synthetic File Popup Dropdown Value Print ======
2025-03-31 23:22:53,848 - INFO - Step 1: Clicking Synthetic File button
2025-03-31 23:22:54,088 - INFO - Waiting for popup to be fully loaded...
2025-03-31 23:22:54,101 - INFO - Step 3: Validating input box
2025-03-31 23:22:54,197 - INFO - Typed and verified: 12345
2025-03-31 23:22:54,299 - INFO - Typed and verified: abcDEF
2025-03-31 23:22:54,383 - INFO - Typed and verified: !@#$%
2025-03-31 23:22:54,469 - INFO - Typed and verified: abc123!@#
2025-03-31 23:22:54,469 - INFO - Step 4: Toggling VC-Tx checkbox
2025-03-31 23:22:54,553 - INFO - Checkbox clicked
2025-03-31 23:22:54,599 - INFO - Step 5: Handling dropdown: File Source
2025-03-31 23:22:55,135 - INFO - File Source dropdown options:
2025-03-31 23:22:55,141 - INFO -     File Source --> External File
2025-03-31 23:22:55,147 - INFO -     File Source --> TPT File
2025-03-31 23:22:55,655 - INFO - Step 5: Handling dropdown: Test Mode
2025-03-31 23:22:56,187 - INFO - Test Mode dropdown options:
2025-03-31 23:22:56,194 - INFO -     Test Mode --> 128kHz
2025-03-31 23:22:56,201 - INFO -     Test Mode --> 360kHz
2025-03-31 23:22:56,712 - INFO - Step 5: Handling dropdown: Test Type
2025-03-31 23:22:57,248 - INFO - Test Type dropdown options:
2025-03-31 23:22:57,259 - INFO -     Test Type --> 4.14.Eye test
2025-03-31 23:22:57,265 - INFO -     Test Type --> 4.15.Real test
2025-03-31 23:22:57,773 - INFO - Step 5: Handling dropdown: Channel Type
2025-03-31 23:22:58,317 - INFO - Channel Type dropdown options:
2025-03-31 23:22:58,323 - INFO -     Channel Type --> Magnitude
2025-03-31 23:22:58,328 - INFO -     Channel Type --> Phase
2025-03-31 23:22:58,335 - INFO -     Channel Type --> Both
2025-03-31 23:22:58,843 - INFO - ====== Completed Synthetic File Popup Dropdown Value Print Successfully ======
2025-03-31 23:24:13,539 - INFO - Using TEST_IP: 192.168.5.74
2025-03-31 23:24:14,777 - INFO - Opening browser using way1
2025-03-31 23:24:26,683 - INFO - Step: Checking Report Button availability
2025-03-31 23:24:26,703 - INFO - Report button is available.
2025-03-31 23:24:26,807 - INFO - Clicked Report button.
2025-03-31 23:24:28,811 - INFO - Step: Checking 'View Report' button availability
2025-03-31 23:24:28,837 - INFO - View Report button is available.
2025-03-31 23:24:28,840 - INFO - ====== Starting Download Current HTML Button Flow ======
2025-03-31 23:24:28,841 - INFO - Step 1: Clicking Download Current HTML button
2025-03-31 23:24:28,993 - INFO - Step 2: Waiting for popup OK and Cancel buttons
2025-03-31 23:24:29,025 - INFO - Step 2 Result: Popup OK and Cancel buttons are available
2025-03-31 23:24:29,026 - INFO - Step 3: Clicking Cancel
2025-03-31 23:24:29,123 - INFO - Step 4: Verifying Download Current HTML button availability after Cancel
2025-03-31 23:24:29,178 - INFO - Step 4 Result: Download Current HTML button is available after Cancel
2025-03-31 23:24:29,179 - INFO - Step 5: Clicking Download Current HTML button again
2025-03-31 23:24:29,287 - INFO - Step 6: Clicking OK in popup
2025-03-31 23:24:29,367 - INFO - Step 7: Waiting for error popup to appear
2025-03-31 23:24:30,436 - INFO - Step 8: Waiting for error popup to disappear (max 15 seconds)
2025-03-31 23:24:35,015 - INFO - Step 9: Verifying Download Current HTML button availability after error popup
2025-03-31 23:24:35,027 - INFO - ====== Completed Download Current HTML Button Flow Successfully ======
2025-03-31 23:24:35,030 - INFO - ====== Starting Download Current BSUT Report Data Button Flow ======
2025-03-31 23:24:35,031 - INFO - Step 1: Clicking Download Current BSUT Report Data button
2025-03-31 23:24:35,128 - INFO - Step 2: Waiting for popup OK and Cancel buttons
2025-03-31 23:24:35,168 - INFO - Step 2 Result: Popup OK and Cancel buttons are available
2025-03-31 23:24:35,169 - INFO - Step 3: Clicking Cancel
2025-03-31 23:24:35,274 - INFO - Step 4: Verifying Download Current BSUT Report Data button availability after Cancel
2025-03-31 23:24:35,304 - INFO - Step 4 Result: Download Current BSUT Report Data button is available after Cancel
2025-03-31 23:24:35,305 - INFO - Step 5: Clicking Download Current BSUT Report Data button again
2025-03-31 23:24:35,376 - INFO - Step 6: Clicking OK in popup
2025-03-31 23:24:35,448 - INFO - Step 7: Waiting for error popup to appear
2025-03-31 23:24:35,483 - INFO - Step 8: Waiting for error popup to disappear (max 15 seconds)
2025-03-31 23:24:41,082 - INFO - Step 9: Verifying Download Current BSUT Report Data button availability after error popup
2025-03-31 23:24:41,091 - INFO - ====== Completed Download Current BSUT Report Data Button Flow Successfully ======
2025-03-31 23:24:41,094 - INFO - ====== Starting Report Data Management Flow ======
2025-03-31 23:24:41,095 - INFO - Step 1: Clicking Report Data Management button
2025-03-31 23:24:41,190 - INFO - Step 2: Checking Delete Test Report button availability
2025-03-31 23:24:41,232 - INFO - Step 3: Checking Test results folder size label
2025-03-31 23:24:41,263 - INFO - Test results folder info: Test results folder size :0.00 MBs
2025-03-31 23:24:41,264 - INFO - Step 4: Checking Delete Report button availability
2025-03-31 23:24:41,284 - INFO - Step 5: Clicking Delete Report button
2025-03-31 23:24:41,372 - INFO - Step 5.1: Checking OK and Cancel buttons in popup
2025-03-31 23:24:41,402 - INFO - Step 5.2: Clicking Cancel on popup
2025-03-31 23:24:41,470 - INFO - Step 6: Clicking Download Report button
2025-03-31 23:24:41,547 - INFO - Step 6.1: Waiting for 10 seconds for download to process
2025-03-31 23:24:51,548 - INFO - Step 7: Clicking Delete Test Report button (Re-fetching due to possible stale)
2025-03-31 23:24:51,630 - INFO - Step 8: Checking Confirmation Text
2025-03-31 23:24:51,658 - INFO - Confirmation popup text: Are you sure you want to permanently delete all 2 folders?
2025-03-31 23:24:51,659 - INFO - Step 9: Checking OK and Cancel buttons in confirmation popup
2025-03-31 23:24:51,688 - INFO - Step 9.1: Clicking Cancel on confirmation popup
2025-03-31 23:24:51,825 - INFO - ====== Completed Report Data Management Flow Successfully ======
2025-03-31 23:24:51,830 - INFO - ====== Starting Synthetic File Popup Dropdown Value Print ======
2025-03-31 23:24:51,832 - INFO - Step 1: Clicking Synthetic File button
2025-03-31 23:24:52,017 - INFO - Waiting for popup to be fully loaded...
2025-03-31 23:24:52,026 - INFO - Step 3: Validating input box
2025-03-31 23:24:52,125 - INFO - Typed and verified: 12345
2025-03-31 23:24:52,226 - INFO - Typed and verified: abcDEF
2025-03-31 23:24:52,305 - INFO - Typed and verified: !@#$%
2025-03-31 23:24:52,411 - INFO - Typed and verified: abc123!@#
2025-03-31 23:24:52,412 - INFO - Step 4: Toggling VC-Tx checkbox
2025-03-31 23:24:52,485 - INFO - Checkbox clicked
2025-03-31 23:24:52,523 - INFO - Step 5: Handling dropdown: File Source
2025-03-31 23:24:53,063 - INFO - File Source dropdown options:
2025-03-31 23:24:53,071 - INFO -     File Source --> External File
2025-03-31 23:24:53,079 - INFO -     File Source --> TPT File
2025-03-31 23:24:53,587 - INFO - Step 5: Handling dropdown: Test Mode
2025-03-31 23:24:54,117 - INFO - Test Mode dropdown options:
2025-03-31 23:24:54,122 - INFO -     Test Mode --> 128kHz
2025-03-31 23:24:54,130 - INFO -     Test Mode --> 360kHz
2025-03-31 23:24:54,637 - INFO - Step 5: Handling dropdown: Test Type
2025-03-31 23:24:55,169 - INFO - Test Type dropdown options:
2025-03-31 23:24:55,180 - INFO -     Test Type --> 4.14.Eye test
2025-03-31 23:24:55,186 - INFO -     Test Type --> 4.15.Real test
2025-03-31 23:24:55,697 - INFO - Step 5: Handling dropdown: Channel Type
2025-03-31 23:24:56,225 - INFO - Channel Type dropdown options:
2025-03-31 23:24:56,232 - INFO -     Channel Type --> Magnitude
2025-03-31 23:24:56,238 - INFO -     Channel Type --> Phase
2025-03-31 23:24:56,244 - INFO -     Channel Type --> Both
2025-03-31 23:24:56,750 - INFO - ====== Completed Synthetic File Popup Dropdown Value Print Successfully ======
2025-03-31 23:26:40,327 - INFO - Using TEST_IP: 192.168.5.74
2025-03-31 23:26:41,499 - INFO - Opening browser using way1
2025-03-31 23:26:53,263 - INFO - Step: Checking Report Button availability
2025-03-31 23:26:53,287 - INFO - Report button is available.
2025-03-31 23:26:53,378 - INFO - Clicked Report button.
2025-03-31 23:26:55,384 - INFO - Step: Checking 'View Report' button availability
2025-03-31 23:26:55,401 - INFO - View Report button is available.
2025-03-31 23:26:55,404 - INFO - ====== Starting Download Current HTML Button Flow ======
2025-03-31 23:26:55,404 - INFO - Step 1: Clicking Download Current HTML button
2025-03-31 23:26:55,525 - INFO - Step 2: Waiting for popup OK and Cancel buttons
2025-03-31 23:26:55,549 - INFO - Step 2 Result: Popup OK and Cancel buttons are available
2025-03-31 23:26:55,550 - INFO - Step 3: Clicking Cancel
2025-03-31 23:26:55,627 - INFO - Step 4: Verifying Download Current HTML button availability after Cancel
2025-03-31 23:26:55,641 - INFO - Step 4 Result: Download Current HTML button is available after Cancel
2025-03-31 23:26:55,642 - INFO - Step 5: Clicking Download Current HTML button again
2025-03-31 23:26:55,765 - INFO - Step 6: Clicking OK in popup
2025-03-31 23:26:55,839 - INFO - Step 7: Waiting for error popup to appear
2025-03-31 23:26:56,909 - INFO - Step 8: Waiting for error popup to disappear (max 15 seconds)
2025-03-31 23:27:01,490 - INFO - Step 9: Verifying Download Current HTML button availability after error popup
2025-03-31 23:27:01,501 - INFO - ====== Completed Download Current HTML Button Flow Successfully ======
2025-03-31 23:27:01,503 - INFO - ====== Starting Download Current BSUT Report Data Button Flow ======
2025-03-31 23:27:01,504 - INFO - Step 1: Clicking Download Current BSUT Report Data button
2025-03-31 23:27:01,594 - INFO - Step 2: Waiting for popup OK and Cancel buttons
2025-03-31 23:27:01,635 - INFO - Step 2 Result: Popup OK and Cancel buttons are available
2025-03-31 23:27:01,635 - INFO - Step 3: Clicking Cancel
2025-03-31 23:27:01,685 - INFO - Step 4: Verifying Download Current BSUT Report Data button availability after Cancel
2025-03-31 23:27:01,700 - INFO - Step 4 Result: Download Current BSUT Report Data button is available after Cancel
2025-03-31 23:27:01,701 - INFO - Step 5: Clicking Download Current BSUT Report Data button again
2025-03-31 23:27:01,788 - INFO - Step 6: Clicking OK in popup
2025-03-31 23:27:01,853 - INFO - Step 7: Waiting for error popup to appear
2025-03-31 23:27:01,894 - INFO - Step 8: Waiting for error popup to disappear (max 15 seconds)
2025-03-31 23:27:07,489 - INFO - Step 9: Verifying Download Current BSUT Report Data button availability after error popup
2025-03-31 23:27:07,500 - INFO - ====== Completed Download Current BSUT Report Data Button Flow Successfully ======
2025-03-31 23:27:07,502 - INFO - ====== Starting Report Data Management Flow ======
2025-03-31 23:27:07,503 - INFO - Step 1: Clicking Report Data Management button
2025-03-31 23:27:07,600 - INFO - Step 2: Checking Delete Test Report button availability
2025-03-31 23:27:07,645 - INFO - Step 3: Checking Test results folder size label
2025-03-31 23:27:07,669 - INFO - Test results folder info: Test results folder size :0.00 MBs
2025-03-31 23:27:07,670 - INFO - Step 4: Checking Delete Report button availability
2025-03-31 23:27:07,694 - INFO - Step 5: Clicking Delete Report button
2025-03-31 23:27:07,783 - INFO - Step 5.1: Checking OK and Cancel buttons in popup
2025-03-31 23:27:07,816 - INFO - Step 5.2: Clicking Cancel on popup
2025-03-31 23:27:07,883 - INFO - Step 6: Clicking Download Report button
2025-03-31 23:27:07,964 - INFO - Step 6.1: Waiting for 10 seconds for download to process
2025-03-31 23:27:17,965 - INFO - Step 7: Clicking Delete Test Report button (Re-fetching due to possible stale)
2025-03-31 23:27:18,045 - INFO - Step 8: Checking Confirmation Text
2025-03-31 23:27:18,078 - INFO - Confirmation popup text: Are you sure you want to permanently delete all 2 folders?
2025-03-31 23:27:18,079 - INFO - Step 9: Checking OK and Cancel buttons in confirmation popup
2025-03-31 23:27:18,107 - INFO - Step 9.1: Clicking Cancel on confirmation popup
2025-03-31 23:27:18,244 - INFO - ====== Completed Report Data Management Flow Successfully ======
2025-03-31 23:27:18,247 - INFO - ====== Starting Synthetic File Popup Dropdown Value Print ======
2025-03-31 23:27:18,248 - INFO - Step 1: Clicking Synthetic File button
2025-03-31 23:27:18,464 - INFO - Waiting for popup to be fully loaded...
2025-03-31 23:27:18,502 - INFO - Step 3: Validating input box
2025-03-31 23:27:18,606 - INFO - Typed and verified: 12345
2025-03-31 23:27:18,707 - INFO - Typed and verified: abcDEF
2025-03-31 23:27:18,783 - INFO - Typed and verified: !@#$%
2025-03-31 23:27:18,874 - INFO - Typed and verified: abc123!@#
2025-03-31 23:27:18,875 - INFO - Step 4: Toggling VC-Tx checkbox
2025-03-31 23:27:18,937 - INFO - Checkbox clicked
2025-03-31 23:27:18,977 - INFO - Step 5: Handling dropdown: File Source
2025-03-31 23:27:19,516 - INFO - File Source dropdown options:
2025-03-31 23:27:19,527 - INFO -     File Source --> External File
2025-03-31 23:27:19,533 - INFO -     File Source --> TPT File
2025-03-31 23:27:20,041 - INFO - Step 5: Handling dropdown: Test Mode
2025-03-31 23:27:20,575 - INFO - Test Mode dropdown options:
2025-03-31 23:27:20,584 - INFO -     Test Mode --> 128kHz
2025-03-31 23:27:20,592 - INFO -     Test Mode --> 360kHz
2025-03-31 23:27:21,100 - INFO - Step 5: Handling dropdown: Test Type
2025-03-31 23:27:21,638 - INFO - Test Type dropdown options:
2025-03-31 23:27:21,647 - INFO -     Test Type --> 4.14.Eye test
2025-03-31 23:27:21,652 - INFO -     Test Type --> 4.15.Real test
2025-03-31 23:27:22,162 - INFO - Step 5: Handling dropdown: Channel Type
2025-03-31 23:27:22,694 - INFO - Channel Type dropdown options:
2025-03-31 23:27:22,700 - INFO -     Channel Type --> Magnitude
2025-03-31 23:27:22,706 - INFO -     Channel Type --> Phase
2025-03-31 23:27:22,713 - INFO -     Channel Type --> Both
2025-03-31 23:27:23,220 - INFO - ====== Completed Synthetic File Popup Dropdown Value Print Successfully ======
2025-03-31 23:27:38,979 - INFO - Using TEST_IP: 192.168.5.74
2025-03-31 23:27:40,173 - INFO - Opening browser using way1
2025-03-31 23:27:50,477 - INFO - Step: Checking Report Button availability
2025-03-31 23:27:50,496 - INFO - Report button is available.
2025-03-31 23:27:50,569 - INFO - Clicked Report button.
2025-03-31 23:27:52,574 - INFO - Step: Checking 'View Report' button availability
2025-03-31 23:27:52,593 - INFO - View Report button is available.
2025-03-31 23:27:52,595 - INFO - ====== Starting Download Current HTML Button Flow ======
2025-03-31 23:27:52,596 - INFO - Step 1: Clicking Download Current HTML button
2025-03-31 23:27:52,716 - INFO - Step 2: Waiting for popup OK and Cancel buttons
2025-03-31 23:27:52,741 - INFO - Step 2 Result: Popup OK and Cancel buttons are available
2025-03-31 23:27:52,742 - INFO - Step 3: Clicking Cancel
2025-03-31 23:27:52,823 - INFO - Step 4: Verifying Download Current HTML button availability after Cancel
2025-03-31 23:27:52,848 - INFO - Step 4 Result: Download Current HTML button is available after Cancel
2025-03-31 23:27:52,848 - INFO - Step 5: Clicking Download Current HTML button again
2025-03-31 23:27:52,933 - INFO - Step 6: Clicking OK in popup
2025-03-31 23:27:53,050 - INFO - Step 7: Waiting for error popup to appear
2025-03-31 23:27:54,126 - INFO - Step 8: Waiting for error popup to disappear (max 15 seconds)
2025-03-31 23:27:58,704 - INFO - Step 9: Verifying Download Current HTML button availability after error popup
2025-03-31 23:27:58,714 - INFO - ====== Completed Download Current HTML Button Flow Successfully ======
2025-03-31 23:27:58,718 - INFO - ====== Starting Download Current BSUT Report Data Button Flow ======
2025-03-31 23:27:58,718 - INFO - Step 1: Clicking Download Current BSUT Report Data button
2025-03-31 23:27:58,818 - INFO - Step 2: Waiting for popup OK and Cancel buttons
2025-03-31 23:27:58,838 - INFO - Step 2 Result: Popup OK and Cancel buttons are available
2025-03-31 23:27:58,840 - INFO - Step 3: Clicking Cancel
2025-03-31 23:27:58,899 - INFO - Step 4: Verifying Download Current BSUT Report Data button availability after Cancel
2025-03-31 23:27:58,912 - INFO - Step 4 Result: Download Current BSUT Report Data button is available after Cancel
2025-03-31 23:27:58,913 - INFO - Step 5: Clicking Download Current BSUT Report Data button again
2025-03-31 23:27:58,994 - INFO - Step 6: Clicking OK in popup
2025-03-31 23:27:59,079 - INFO - Step 7: Waiting for error popup to appear
2025-03-31 23:27:59,155 - INFO - Step 8: Waiting for error popup to disappear (max 15 seconds)
2025-03-31 23:28:04,760 - INFO - Step 9: Verifying Download Current BSUT Report Data button availability after error popup
2025-03-31 23:28:04,773 - INFO - ====== Completed Download Current BSUT Report Data Button Flow Successfully ======
2025-03-31 23:28:04,776 - INFO - ====== Starting Report Data Management Flow ======
2025-03-31 23:28:04,777 - INFO - Step 1: Clicking Report Data Management button
2025-03-31 23:28:04,876 - INFO - Step 2: Checking Delete Test Report button availability
2025-03-31 23:28:04,895 - INFO - Step 3: Checking Test results folder size label
2025-03-31 23:28:04,929 - INFO - Test results folder info: Test results folder size :0.00 MBs
2025-03-31 23:28:04,930 - INFO - Step 4: Checking Delete Report button availability
2025-03-31 23:28:04,950 - INFO - Step 5: Clicking Delete Report button
2025-03-31 23:28:05,043 - INFO - Step 5.1: Checking OK and Cancel buttons in popup
2025-03-31 23:28:05,110 - INFO - Step 5.2: Clicking Cancel on popup
2025-03-31 23:28:05,182 - INFO - Step 6: Clicking Download Report button
2025-03-31 23:28:05,275 - INFO - Step 6.1: Waiting for 10 seconds for download to process
2025-03-31 23:28:15,276 - INFO - Step 7: Clicking Delete Test Report button (Re-fetching due to possible stale)
2025-03-31 23:28:15,366 - INFO - Step 8: Checking Confirmation Text
2025-03-31 23:28:15,398 - INFO - Confirmation popup text: Are you sure you want to permanently delete all 2 folders?
2025-03-31 23:28:15,399 - INFO - Step 9: Checking OK and Cancel buttons in confirmation popup
2025-03-31 23:28:15,429 - INFO - Step 9.1: Clicking Cancel on confirmation popup
2025-03-31 23:28:15,583 - INFO - ====== Completed Report Data Management Flow Successfully ======
2025-03-31 23:28:15,586 - INFO - ====== Starting Synthetic File Popup Dropdown Value Print ======
2025-03-31 23:28:15,588 - INFO - Step 1: Clicking Synthetic File button
2025-03-31 23:28:15,824 - INFO - Waiting for popup to be fully loaded...
2025-03-31 23:28:15,837 - INFO - Step 3: Validating input box
2025-03-31 23:28:15,940 - INFO - Typed and verified: 12345
2025-03-31 23:28:16,034 - INFO - Typed and verified: abcDEF
2025-03-31 23:28:16,116 - INFO - Typed and verified: !@#$%
2025-03-31 23:28:16,209 - INFO - Typed and verified: abc123!@#
2025-03-31 23:28:16,209 - INFO - Step 4: Toggling VC-Tx checkbox
2025-03-31 23:28:16,274 - INFO - Checkbox clicked
2025-03-31 23:28:16,315 - INFO - Step 5: Handling dropdown: File Source
2025-03-31 23:28:16,857 - INFO - File Source dropdown options:
2025-03-31 23:28:16,864 - INFO -     File Source --> External File
2025-03-31 23:28:16,870 - INFO -     File Source --> TPT File
2025-03-31 23:28:17,379 - INFO - Step 5: Handling dropdown: Test Mode
2025-03-31 23:28:17,930 - INFO - Test Mode dropdown options:
2025-03-31 23:28:17,940 - INFO -     Test Mode --> 128kHz
2025-03-31 23:28:17,947 - INFO -     Test Mode --> 360kHz
2025-03-31 23:28:18,457 - INFO - Step 5: Handling dropdown: Test Type
2025-03-31 23:28:18,994 - INFO - Test Type dropdown options:
2025-03-31 23:28:19,001 - INFO -     Test Type --> 4.14.Eye test
2025-03-31 23:28:19,009 - INFO -     Test Type --> 4.15.Real test
2025-03-31 23:28:19,519 - INFO - Step 5: Handling dropdown: Channel Type
2025-03-31 23:28:20,052 - INFO - Channel Type dropdown options:
2025-03-31 23:28:20,061 - INFO -     Channel Type --> Magnitude
2025-03-31 23:28:20,067 - INFO -     Channel Type --> Phase
2025-03-31 23:28:20,074 - INFO -     Channel Type --> Both
2025-03-31 23:28:20,580 - INFO - ====== Completed Synthetic File Popup Dropdown Value Print Successfully ======
2025-03-31 23:28:20,584 - INFO - ====== Test: Write Button + Error Popup + Return to Report Page ======
2025-03-31 23:28:20,585 - INFO - ====== Starting Write Button Verification Flow ======
2025-03-31 23:28:20,585 - INFO - Step 1: Checking Write button availability
2025-03-31 23:28:20,586 - ERROR - Write button flow failed: cannot access local variable 'write_btn' where it is not associated with a value
2025-03-31 23:32:13,096 - INFO - Using TEST_IP: 192.168.5.74
2025-03-31 23:32:14,264 - INFO - Opening browser using way1
2025-03-31 23:32:24,499 - INFO - Step: Checking Report Button availability
2025-03-31 23:32:24,515 - INFO - Report button is available.
2025-03-31 23:32:24,606 - INFO - Clicked Report button.
2025-03-31 23:32:26,610 - INFO - Step: Checking 'View Report' button availability
2025-03-31 23:32:26,647 - INFO - View Report button is available.
2025-03-31 23:32:26,650 - INFO - ====== Starting Download Current HTML Button Flow ======
2025-03-31 23:32:26,651 - INFO - Step 1: Clicking Download Current HTML button
2025-03-31 23:32:26,776 - INFO - Step 2: Waiting for popup OK and Cancel buttons
2025-03-31 23:32:26,807 - INFO - Step 2 Result: Popup OK and Cancel buttons are available
2025-03-31 23:32:26,808 - INFO - Step 3: Clicking Cancel
2025-03-31 23:32:26,891 - INFO - Step 4: Verifying Download Current HTML button availability after Cancel
2025-03-31 23:32:26,921 - INFO - Step 4 Result: Download Current HTML button is available after Cancel
2025-03-31 23:32:26,921 - INFO - Step 5: Clicking Download Current HTML button again
2025-03-31 23:32:26,999 - INFO - Step 6: Clicking OK in popup
2025-03-31 23:32:27,074 - INFO - Step 7: Waiting for error popup to appear
2025-03-31 23:32:28,142 - INFO - Step 8: Waiting for error popup to disappear (max 15 seconds)
2025-03-31 23:32:32,717 - INFO - Step 9: Verifying Download Current HTML button availability after error popup
2025-03-31 23:32:32,727 - INFO - ====== Completed Download Current HTML Button Flow Successfully ======
2025-03-31 23:32:32,730 - INFO - ====== Starting Download Current BSUT Report Data Button Flow ======
2025-03-31 23:32:32,731 - INFO - Step 1: Clicking Download Current BSUT Report Data button
2025-03-31 23:32:32,848 - INFO - Step 2: Waiting for popup OK and Cancel buttons
2025-03-31 23:32:32,869 - INFO - Step 2 Result: Popup OK and Cancel buttons are available
2025-03-31 23:32:32,870 - INFO - Step 3: Clicking Cancel
2025-03-31 23:32:32,929 - INFO - Step 4: Verifying Download Current BSUT Report Data button availability after Cancel
2025-03-31 23:32:32,944 - INFO - Step 4 Result: Download Current BSUT Report Data button is available after Cancel
2025-03-31 23:32:32,944 - INFO - Step 5: Clicking Download Current BSUT Report Data button again
2025-03-31 23:32:33,036 - INFO - Step 6: Clicking OK in popup
2025-03-31 23:32:33,120 - INFO - Step 7: Waiting for error popup to appear
2025-03-31 23:32:33,180 - INFO - Step 8: Waiting for error popup to disappear (max 15 seconds)
2025-03-31 23:32:38,776 - INFO - Step 9: Verifying Download Current BSUT Report Data button availability after error popup
2025-03-31 23:32:38,787 - INFO - ====== Completed Download Current BSUT Report Data Button Flow Successfully ======
2025-03-31 23:32:38,790 - INFO - ====== Starting Report Data Management Flow ======
2025-03-31 23:32:38,791 - INFO - Step 1: Clicking Report Data Management button
2025-03-31 23:32:38,878 - INFO - Step 2: Checking Delete Test Report button availability
2025-03-31 23:32:38,899 - INFO - Step 3: Checking Test results folder size label
2025-03-31 23:32:38,927 - INFO - Test results folder info: Test results folder size :0.00 MBs
2025-03-31 23:32:38,928 - INFO - Step 4: Checking Delete Report button availability
2025-03-31 23:32:38,952 - INFO - Step 5: Clicking Delete Report button
2025-03-31 23:32:39,042 - INFO - Step 5.1: Checking OK and Cancel buttons in popup
2025-03-31 23:32:39,142 - INFO - Step 5.2: Clicking Cancel on popup
2025-03-31 23:32:39,216 - INFO - Step 6: Clicking Download Report button
2025-03-31 23:32:39,299 - INFO - Step 6.1: Waiting for 10 seconds for download to process
2025-03-31 23:32:49,300 - INFO - Step 7: Clicking Delete Test Report button (Re-fetching due to possible stale)
2025-03-31 23:32:49,384 - INFO - Step 8: Checking Confirmation Text
2025-03-31 23:32:49,419 - INFO - Confirmation popup text: Are you sure you want to permanently delete all 2 folders?
2025-03-31 23:32:49,420 - INFO - Step 9: Checking OK and Cancel buttons in confirmation popup
2025-03-31 23:32:49,445 - INFO - Step 9.1: Clicking Cancel on confirmation popup
2025-03-31 23:32:49,594 - INFO - ====== Completed Report Data Management Flow Successfully ======
2025-03-31 23:32:49,599 - INFO - ====== Starting Synthetic File Popup Dropdown Value Print ======
2025-03-31 23:32:49,600 - INFO - Step 1: Clicking Synthetic File button
2025-03-31 23:32:49,827 - INFO - Waiting for popup to be fully loaded...
2025-03-31 23:32:49,837 - INFO - Step 3: Validating input box
2025-03-31 23:32:49,937 - INFO - Typed and verified: 12345
2025-03-31 23:32:50,053 - INFO - Typed and verified: abcDEF
2025-03-31 23:32:50,127 - INFO - Typed and verified: !@#$%
2025-03-31 23:32:50,224 - INFO - Typed and verified: abc123!@#
2025-03-31 23:32:50,224 - INFO - Step 4: Toggling VC-Tx checkbox
2025-03-31 23:32:50,285 - INFO - Checkbox clicked
2025-03-31 23:32:50,325 - INFO - Step 5: Handling dropdown: File Source
2025-03-31 23:32:50,870 - INFO - File Source dropdown options:
2025-03-31 23:32:50,892 - INFO -     File Source --> External File
2025-03-31 23:32:50,902 - INFO -     File Source --> TPT File
2025-03-31 23:32:51,415 - INFO - Step 5: Handling dropdown: Test Mode
2025-03-31 23:32:51,954 - INFO - Test Mode dropdown options:
2025-03-31 23:32:51,960 - INFO -     Test Mode --> 128kHz
2025-03-31 23:32:51,968 - INFO -     Test Mode --> 360kHz
2025-03-31 23:32:52,478 - INFO - Step 5: Handling dropdown: Test Type
2025-03-31 23:32:53,013 - INFO - Test Type dropdown options:
2025-03-31 23:32:53,021 - INFO -     Test Type --> 4.14.Eye test
2025-03-31 23:32:53,027 - INFO -     Test Type --> 4.15.Real test
2025-03-31 23:32:53,536 - INFO - Step 5: Handling dropdown: Channel Type
2025-03-31 23:32:54,069 - INFO - Channel Type dropdown options:
2025-03-31 23:32:54,076 - INFO -     Channel Type --> Magnitude
2025-03-31 23:32:54,083 - INFO -     Channel Type --> Phase
2025-03-31 23:32:54,090 - INFO -     Channel Type --> Both
2025-03-31 23:32:54,601 - INFO - ====== Completed Synthetic File Popup Dropdown Value Print Successfully ======
2025-03-31 23:32:54,604 - INFO - ====== Test: Write Button + Error Popup + Return to Report Page ======
2025-03-31 23:32:54,604 - INFO - ====== Starting Write Button Verification Flow ======
2025-03-31 23:32:54,604 - INFO - Step 1: Checking Write button availability
2025-03-31 23:32:54,622 - INFO - Write button is available and visible.
2025-03-31 23:32:54,623 - INFO - Step 2: Checking Write button clickability
2025-03-31 23:32:54,639 - INFO - Step 3: Clicking Write button
2025-03-31 23:32:54,675 - INFO - Step 4: Verifying Error popup
2025-03-31 23:32:55,200 - INFO - Error popup appeared as expected
2025-03-31 23:32:55,200 - INFO - Step 5: Clicking Close button on error popup
2025-03-31 23:32:55,259 - INFO - Step 6: Verifying navigation back to Report page
2025-03-31 23:32:55,276 - INFO - Successfully navigated back to Report page after closing the popup
2025-03-31 23:32:55,276 - INFO - ====== Completed Write Button Verification Flow Successfully ======
2025-03-31 23:33:11,290 - INFO - Using TEST_IP: 192.168.5.74
2025-03-31 23:33:12,502 - INFO - Opening browser using way1
2025-03-31 23:33:22,658 - INFO - Step: Checking Report Button availability
2025-03-31 23:33:22,677 - INFO - Report button is available.
2025-03-31 23:33:22,767 - INFO - Clicked Report button.
2025-03-31 23:33:24,774 - INFO - Step: Checking 'View Report' button availability
2025-03-31 23:33:24,797 - INFO - View Report button is available.
2025-03-31 23:33:24,801 - INFO - ====== Starting Download Current HTML Button Flow ======
2025-03-31 23:33:24,801 - INFO - Step 1: Clicking Download Current HTML button
2025-03-31 23:33:24,903 - INFO - Step 2: Waiting for popup OK and Cancel buttons
2025-03-31 23:33:24,926 - INFO - Step 2 Result: Popup OK and Cancel buttons are available
2025-03-31 23:33:24,927 - INFO - Step 3: Clicking Cancel
2025-03-31 23:33:24,991 - INFO - Step 4: Verifying Download Current HTML button availability after Cancel
2025-03-31 23:33:25,004 - INFO - Step 4 Result: Download Current HTML button is available after Cancel
2025-03-31 23:33:25,005 - INFO - Step 5: Clicking Download Current HTML button again
2025-03-31 23:33:25,092 - INFO - Step 6: Clicking OK in popup
2025-03-31 23:33:25,179 - INFO - Step 7: Waiting for error popup to appear
2025-03-31 23:33:26,247 - INFO - Step 8: Waiting for error popup to disappear (max 15 seconds)
2025-03-31 23:33:30,820 - INFO - Step 9: Verifying Download Current HTML button availability after error popup
2025-03-31 23:33:30,831 - INFO - ====== Completed Download Current HTML Button Flow Successfully ======
2025-03-31 23:33:30,834 - INFO - ====== Starting Download Current BSUT Report Data Button Flow ======
2025-03-31 23:33:30,835 - INFO - Step 1: Clicking Download Current BSUT Report Data button
2025-03-31 23:33:30,941 - INFO - Step 2: Waiting for popup OK and Cancel buttons
2025-03-31 23:33:30,959 - INFO - Step 2 Result: Popup OK and Cancel buttons are available
2025-03-31 23:33:30,960 - INFO - Step 3: Clicking Cancel
2025-03-31 23:33:31,008 - INFO - Step 4: Verifying Download Current BSUT Report Data button availability after Cancel
2025-03-31 23:33:31,020 - INFO - Step 4 Result: Download Current BSUT Report Data button is available after Cancel
2025-03-31 23:33:31,021 - INFO - Step 5: Clicking Download Current BSUT Report Data button again
2025-03-31 23:33:31,084 - INFO - Step 6: Clicking OK in popup
2025-03-31 23:33:31,201 - INFO - Step 7: Waiting for error popup to appear
2025-03-31 23:33:31,235 - INFO - Step 8: Waiting for error popup to disappear (max 15 seconds)
2025-03-31 23:33:36,825 - INFO - Step 9: Verifying Download Current BSUT Report Data button availability after error popup
2025-03-31 23:33:36,836 - INFO - ====== Completed Download Current BSUT Report Data Button Flow Successfully ======
2025-03-31 23:33:36,838 - INFO - ====== Starting Report Data Management Flow ======
2025-03-31 23:33:36,839 - INFO - Step 1: Clicking Report Data Management button
2025-03-31 23:33:36,938 - INFO - Step 2: Checking Delete Test Report button availability
2025-03-31 23:33:36,956 - INFO - Step 3: Checking Test results folder size label
2025-03-31 23:33:36,983 - INFO - Test results folder info: Test results folder size :0.00 MBs
2025-03-31 23:33:36,984 - INFO - Step 4: Checking Delete Report button availability
2025-03-31 23:33:37,001 - INFO - Step 5: Clicking Delete Report button
2025-03-31 23:33:37,073 - INFO - Step 5.1: Checking OK and Cancel buttons in popup
2025-03-31 23:33:37,179 - INFO - Step 5.2: Clicking Cancel on popup
2025-03-31 23:33:37,249 - INFO - Step 6: Clicking Download Report button
2025-03-31 23:33:37,339 - INFO - Step 6.1: Waiting for 10 seconds for download to process
2025-03-31 23:33:47,340 - INFO - Step 7: Clicking Delete Test Report button (Re-fetching due to possible stale)
2025-03-31 23:33:47,427 - INFO - Step 8: Checking Confirmation Text
2025-03-31 23:33:47,456 - INFO - Confirmation popup text: Are you sure you want to permanently delete all 2 folders?
2025-03-31 23:33:47,457 - INFO - Step 9: Checking OK and Cancel buttons in confirmation popup
2025-03-31 23:33:47,486 - INFO - Step 9.1: Clicking Cancel on confirmation popup
2025-03-31 23:33:47,636 - INFO - ====== Completed Report Data Management Flow Successfully ======
2025-03-31 23:33:47,638 - INFO - ====== Starting Synthetic File Popup Dropdown Value Print ======
2025-03-31 23:33:47,639 - INFO - Step 1: Clicking Synthetic File button
2025-03-31 23:33:47,888 - INFO - Waiting for popup to be fully loaded...
2025-03-31 23:33:47,900 - INFO - Step 3: Validating input box
2025-03-31 23:33:48,010 - INFO - Typed and verified: 12345
2025-03-31 23:33:48,118 - INFO - Typed and verified: abcDEF
2025-03-31 23:33:48,197 - INFO - Typed and verified: !@#$%
2025-03-31 23:33:48,288 - INFO - Typed and verified: abc123!@#
2025-03-31 23:33:48,289 - INFO - Step 4: Toggling VC-Tx checkbox
2025-03-31 23:33:48,357 - INFO - Checkbox clicked
2025-03-31 23:33:48,400 - INFO - Step 5: Handling dropdown: File Source
2025-03-31 23:33:48,961 - INFO - File Source dropdown options:
2025-03-31 23:33:48,970 - INFO -     File Source --> External File
2025-03-31 23:33:48,977 - INFO -     File Source --> TPT File
2025-03-31 23:33:49,485 - INFO - Step 5: Handling dropdown: Test Mode
2025-03-31 23:33:50,019 - INFO - Test Mode dropdown options:
2025-03-31 23:33:50,025 - INFO -     Test Mode --> 128kHz
2025-03-31 23:33:50,033 - INFO -     Test Mode --> 360kHz
2025-03-31 23:33:50,542 - INFO - Step 5: Handling dropdown: Test Type
2025-03-31 23:33:51,077 - INFO - Test Type dropdown options:
2025-03-31 23:33:51,085 - INFO -     Test Type --> 4.14.Eye test
2025-03-31 23:33:51,090 - INFO -     Test Type --> 4.15.Real test
2025-03-31 23:33:51,600 - INFO - Step 5: Handling dropdown: Channel Type
2025-03-31 23:33:52,135 - INFO - Channel Type dropdown options:
2025-03-31 23:33:52,144 - INFO -     Channel Type --> Magnitude
2025-03-31 23:33:52,150 - INFO -     Channel Type --> Phase
2025-03-31 23:33:52,155 - INFO -     Channel Type --> Both
2025-03-31 23:33:52,666 - INFO - ====== Completed Synthetic File Popup Dropdown Value Print Successfully ======
2025-03-31 23:33:52,668 - INFO - ====== Test: Write Button + Error Popup + Return to Report Page ======
2025-03-31 23:33:52,669 - INFO - ====== Starting Write Button Verification Flow ======
2025-03-31 23:33:52,669 - INFO - Step 1: Checking Write button availability
2025-03-31 23:33:52,685 - INFO - Write button is available and visible.
2025-03-31 23:33:52,685 - INFO - Step 2: Checking Write button clickability
2025-03-31 23:33:52,701 - INFO - Step 3: Clicking Write button
2025-03-31 23:33:52,743 - INFO - Step 4: Verifying Error popup
2025-03-31 23:33:52,761 - ERROR - Write button flow failed: Error popup did not appear after clicking Write
2025-03-31 23:34:24,669 - INFO - Using TEST_IP: 192.168.5.74
2025-03-31 23:34:25,930 - INFO - Opening browser using way1
2025-03-31 23:34:37,733 - INFO - Step: Checking Report Button availability
2025-03-31 23:34:37,749 - INFO - Report button is available.
2025-03-31 23:34:37,825 - INFO - Clicked Report button.
2025-03-31 23:34:39,830 - INFO - Step: Checking 'View Report' button availability
2025-03-31 23:34:39,847 - INFO - View Report button is available.
2025-03-31 23:34:39,849 - INFO - ====== Starting Download Current HTML Button Flow ======
2025-03-31 23:34:39,850 - INFO - Step 1: Clicking Download Current HTML button
2025-03-31 23:34:39,980 - INFO - Step 2: Waiting for popup OK and Cancel buttons
2025-03-31 23:34:40,001 - INFO - Step 2 Result: Popup OK and Cancel buttons are available
2025-03-31 23:34:40,002 - INFO - Step 3: Clicking Cancel
2025-03-31 23:34:40,072 - INFO - Step 4: Verifying Download Current HTML button availability after Cancel
2025-03-31 23:34:40,089 - INFO - Step 4 Result: Download Current HTML button is available after Cancel
2025-03-31 23:34:40,089 - INFO - Step 5: Clicking Download Current HTML button again
2025-03-31 23:34:40,183 - INFO - Step 6: Clicking OK in popup
2025-03-31 23:34:40,270 - INFO - Step 7: Waiting for error popup to appear
2025-03-31 23:34:41,342 - INFO - Step 8: Waiting for error popup to disappear (max 15 seconds)
2025-03-31 23:34:45,925 - INFO - Step 9: Verifying Download Current HTML button availability after error popup
2025-03-31 23:34:45,934 - INFO - ====== Completed Download Current HTML Button Flow Successfully ======
2025-03-31 23:34:45,937 - INFO - ====== Starting Download Current BSUT Report Data Button Flow ======
2025-03-31 23:34:45,937 - INFO - Step 1: Clicking Download Current BSUT Report Data button
2025-03-31 23:34:46,027 - INFO - Step 2: Waiting for popup OK and Cancel buttons
2025-03-31 23:34:46,048 - INFO - Step 2 Result: Popup OK and Cancel buttons are available
2025-03-31 23:34:46,048 - INFO - Step 3: Clicking Cancel
2025-03-31 23:34:46,098 - INFO - Step 4: Verifying Download Current BSUT Report Data button availability after Cancel
2025-03-31 23:34:46,110 - INFO - Step 4 Result: Download Current BSUT Report Data button is available after Cancel
2025-03-31 23:34:46,111 - INFO - Step 5: Clicking Download Current BSUT Report Data button again
2025-03-31 23:34:46,173 - INFO - Step 6: Clicking OK in popup
2025-03-31 23:34:46,282 - INFO - Step 7: Waiting for error popup to appear
2025-03-31 23:34:46,319 - INFO - Step 8: Waiting for error popup to disappear (max 15 seconds)
2025-03-31 23:34:51,915 - INFO - Step 9: Verifying Download Current BSUT Report Data button availability after error popup
2025-03-31 23:34:51,925 - INFO - ====== Completed Download Current BSUT Report Data Button Flow Successfully ======
2025-03-31 23:34:51,928 - INFO - ====== Starting Report Data Management Flow ======
2025-03-31 23:34:51,929 - INFO - Step 1: Clicking Report Data Management button
2025-03-31 23:34:52,013 - INFO - Step 2: Checking Delete Test Report button availability
2025-03-31 23:34:52,032 - INFO - Step 3: Checking Test results folder size label
2025-03-31 23:34:52,058 - INFO - Test results folder info: Test results folder size :0.00 MBs
2025-03-31 23:34:52,060 - INFO - Step 4: Checking Delete Report button availability
2025-03-31 23:34:52,076 - INFO - Step 5: Clicking Delete Report button
2025-03-31 23:34:52,148 - INFO - Step 5.1: Checking OK and Cancel buttons in popup
2025-03-31 23:34:52,255 - INFO - Step 5.2: Clicking Cancel on popup
2025-03-31 23:34:52,324 - INFO - Step 6: Clicking Download Report button
2025-03-31 23:34:52,418 - INFO - Step 6.1: Waiting for 10 seconds for download to process
2025-03-31 23:35:02,419 - INFO - Step 7: Clicking Delete Test Report button (Re-fetching due to possible stale)
2025-03-31 23:35:02,496 - INFO - Step 8: Checking Confirmation Text
2025-03-31 23:35:02,552 - INFO - Confirmation popup text: Are you sure you want to permanently delete all 2 folders?
2025-03-31 23:35:02,552 - INFO - Step 9: Checking OK and Cancel buttons in confirmation popup
2025-03-31 23:35:02,584 - INFO - Step 9.1: Clicking Cancel on confirmation popup
2025-03-31 23:35:02,724 - INFO - ====== Completed Report Data Management Flow Successfully ======
2025-03-31 23:35:02,728 - INFO - ====== Starting Synthetic File Popup Dropdown Value Print ======
2025-03-31 23:35:02,729 - INFO - Step 1: Clicking Synthetic File button
2025-03-31 23:35:02,925 - INFO - Waiting for popup to be fully loaded...
2025-03-31 23:35:02,945 - INFO - Step 3: Validating input box
2025-03-31 23:35:03,042 - INFO - Typed and verified: 12345
2025-03-31 23:35:03,150 - INFO - Typed and verified: abcDEF
2025-03-31 23:35:03,240 - INFO - Typed and verified: !@#$%
2025-03-31 23:35:03,332 - INFO - Typed and verified: abc123!@#
2025-03-31 23:35:03,333 - INFO - Step 4: Toggling VC-Tx checkbox
2025-03-31 23:35:03,392 - INFO - Checkbox clicked
2025-03-31 23:35:03,431 - INFO - Step 5: Handling dropdown: File Source
2025-03-31 23:35:03,970 - INFO - File Source dropdown options:
2025-03-31 23:35:03,981 - INFO -     File Source --> External File
2025-03-31 23:35:03,989 - INFO -     File Source --> TPT File
2025-03-31 23:35:04,499 - INFO - Step 5: Handling dropdown: Test Mode
2025-03-31 23:35:05,075 - INFO - Test Mode dropdown options:
2025-03-31 23:35:05,082 - INFO -     Test Mode --> 128kHz
2025-03-31 23:35:05,087 - INFO -     Test Mode --> 360kHz
2025-03-31 23:35:05,597 - INFO - Step 5: Handling dropdown: Test Type
2025-03-31 23:35:06,137 - INFO - Test Type dropdown options:
2025-03-31 23:35:06,152 - INFO -     Test Type --> 4.14.Eye test
2025-03-31 23:35:06,159 - INFO -     Test Type --> 4.15.Real test
2025-03-31 23:35:06,667 - INFO - Step 5: Handling dropdown: Channel Type
2025-03-31 23:35:07,198 - INFO - Channel Type dropdown options:
2025-03-31 23:35:07,204 - INFO -     Channel Type --> Magnitude
2025-03-31 23:35:07,212 - INFO -     Channel Type --> Phase
2025-03-31 23:35:07,218 - INFO -     Channel Type --> Both
2025-03-31 23:35:07,730 - INFO - ====== Completed Synthetic File Popup Dropdown Value Print Successfully ======
2025-03-31 23:35:07,734 - INFO - ====== Test: Write Button + Error Popup + Return to Report Page ======
2025-03-31 23:35:07,734 - INFO - ====== Starting Write Button Verification Flow ======
2025-03-31 23:35:07,735 - INFO - Step 1: Checking Write button availability
2025-03-31 23:35:07,751 - INFO - Write button is available and visible.
2025-03-31 23:35:07,752 - INFO - Step 2: Checking Write button clickability
2025-03-31 23:35:07,767 - INFO - Step 3: Clicking Write button
2025-03-31 23:35:07,807 - INFO - Step 4: Verifying Error popup
2025-03-31 23:35:07,824 - ERROR - Write button flow failed: Error popup did not appear after clicking Write
2025-03-31 23:38:18,383 - INFO - Using TEST_IP: 192.168.5.74
2025-03-31 23:38:19,589 - INFO - Opening browser using way1
2025-03-31 23:38:29,770 - INFO - Step: Checking Report Button availability
2025-03-31 23:38:29,792 - INFO - Report button is available.
2025-03-31 23:38:29,896 - INFO - Clicked Report button.
2025-03-31 23:38:31,901 - INFO - Step: Checking 'View Report' button availability
2025-03-31 23:38:31,924 - INFO - View Report button is available.
2025-03-31 23:38:31,927 - INFO - ====== Starting Download Current HTML Button Flow ======
2025-03-31 23:38:31,928 - INFO - Step 1: Clicking Download Current HTML button
2025-03-31 23:38:32,032 - INFO - Step 2: Waiting for popup OK and Cancel buttons
2025-03-31 23:38:32,052 - INFO - Step 2 Result: Popup OK and Cancel buttons are available
2025-03-31 23:38:32,052 - INFO - Step 3: Clicking Cancel
2025-03-31 23:38:32,127 - INFO - Step 4: Verifying Download Current HTML button availability after Cancel
2025-03-31 23:38:32,143 - INFO - Step 4 Result: Download Current HTML button is available after Cancel
2025-03-31 23:38:32,143 - INFO - Step 5: Clicking Download Current HTML button again
2025-03-31 23:38:32,236 - INFO - Step 6: Clicking OK in popup
2025-03-31 23:38:32,313 - INFO - Step 7: Waiting for error popup to appear
2025-03-31 23:38:33,401 - INFO - Step 8: Waiting for error popup to disappear (max 15 seconds)
2025-03-31 23:38:37,982 - INFO - Step 9: Verifying Download Current HTML button availability after error popup
2025-03-31 23:38:37,992 - INFO - ====== Completed Download Current HTML Button Flow Successfully ======
2025-03-31 23:38:37,995 - INFO - ====== Starting Download Current BSUT Report Data Button Flow ======
2025-03-31 23:38:37,995 - INFO - Step 1: Clicking Download Current BSUT Report Data button
2025-03-31 23:38:38,084 - INFO - Step 2: Waiting for popup OK and Cancel buttons
2025-03-31 23:38:38,100 - INFO - Step 2 Result: Popup OK and Cancel buttons are available
2025-03-31 23:38:38,100 - INFO - Step 3: Clicking Cancel
2025-03-31 23:38:38,152 - INFO - Step 4: Verifying Download Current BSUT Report Data button availability after Cancel
2025-03-31 23:38:38,175 - INFO - Step 4 Result: Download Current BSUT Report Data button is available after Cancel
2025-03-31 23:38:38,176 - INFO - Step 5: Clicking Download Current BSUT Report Data button again
2025-03-31 23:38:38,293 - INFO - Step 6: Clicking OK in popup
2025-03-31 23:38:38,365 - INFO - Step 7: Waiting for error popup to appear
2025-03-31 23:38:38,425 - INFO - Step 8: Waiting for error popup to disappear (max 15 seconds)
2025-03-31 23:38:44,030 - INFO - Step 9: Verifying Download Current BSUT Report Data button availability after error popup
2025-03-31 23:38:44,040 - INFO - ====== Completed Download Current BSUT Report Data Button Flow Successfully ======
2025-03-31 23:38:44,043 - INFO - ====== Starting Report Data Management Flow ======
2025-03-31 23:38:44,043 - INFO - Step 1: Clicking Report Data Management button
2025-03-31 23:38:44,135 - INFO - Step 2: Checking Delete Test Report button availability
2025-03-31 23:38:44,178 - INFO - Step 3: Checking Test results folder size label
2025-03-31 23:38:44,209 - INFO - Test results folder info: Test results folder size :0.00 MBs
2025-03-31 23:38:44,210 - INFO - Step 4: Checking Delete Report button availability
2025-03-31 23:38:44,229 - INFO - Step 5: Clicking Delete Report button
2025-03-31 23:38:44,329 - INFO - Step 5.1: Checking OK and Cancel buttons in popup
2025-03-31 23:38:44,365 - INFO - Step 5.2: Clicking Cancel on popup
2025-03-31 23:38:44,444 - INFO - Step 6: Clicking Download Report button
2025-03-31 23:38:44,519 - INFO - Step 6.1: Waiting for 10 seconds for download to process
2025-03-31 23:38:54,523 - INFO - Step 7: Clicking Delete Test Report button (Re-fetching due to possible stale)
2025-03-31 23:38:54,617 - INFO - Step 8: Checking Confirmation Text
2025-03-31 23:38:54,664 - INFO - Confirmation popup text: Are you sure you want to permanently delete all 2 folders?
2025-03-31 23:38:54,664 - INFO - Step 9: Checking OK and Cancel buttons in confirmation popup
2025-03-31 23:38:54,698 - INFO - Step 9.1: Clicking Cancel on confirmation popup
2025-03-31 23:38:54,878 - INFO - ====== Completed Report Data Management Flow Successfully ======
2025-03-31 23:38:54,880 - INFO - ====== Starting Synthetic File Popup Dropdown Value Print ======
2025-03-31 23:38:54,881 - INFO - Step 1: Clicking Synthetic File button
2025-03-31 23:38:55,012 - INFO - Waiting for popup to be fully loaded...
2025-03-31 23:38:55,023 - INFO - Step 3: Validating input box
2025-03-31 23:38:55,121 - INFO - Typed and verified: 12345
2025-03-31 23:38:55,223 - INFO - Typed and verified: abcDEF
2025-03-31 23:38:55,299 - INFO - Typed and verified: !@#$%
2025-03-31 23:38:55,393 - INFO - Typed and verified: abc123!@#
2025-03-31 23:38:55,394 - INFO - Step 4: Toggling VC-Tx checkbox
2025-03-31 23:38:55,459 - INFO - Checkbox clicked
2025-03-31 23:38:55,499 - INFO - Step 5: Handling dropdown: File Source
2025-03-31 23:38:56,088 - INFO - File Source dropdown options:
2025-03-31 23:38:56,099 - INFO -     File Source --> External File
2025-03-31 23:38:56,107 - INFO -     File Source --> TPT File
2025-03-31 23:38:56,615 - INFO - Step 5: Handling dropdown: Test Mode
2025-03-31 23:38:57,152 - INFO - Test Mode dropdown options:
2025-03-31 23:38:57,160 - INFO -     Test Mode --> 128kHz
2025-03-31 23:38:57,165 - INFO -     Test Mode --> 360kHz
2025-03-31 23:38:57,674 - INFO - Step 5: Handling dropdown: Test Type
2025-03-31 23:38:58,207 - INFO - Test Type dropdown options:
2025-03-31 23:38:58,215 - INFO -     Test Type --> 4.14.Eye test
2025-03-31 23:38:58,224 - INFO -     Test Type --> 4.15.Real test
2025-03-31 23:38:58,733 - INFO - Step 5: Handling dropdown: Channel Type
2025-03-31 23:38:59,264 - INFO - Channel Type dropdown options:
2025-03-31 23:38:59,271 - INFO -     Channel Type --> Magnitude
2025-03-31 23:38:59,278 - INFO -     Channel Type --> Phase
2025-03-31 23:38:59,284 - INFO -     Channel Type --> Both
2025-03-31 23:38:59,793 - INFO - ====== Completed Synthetic File Popup Dropdown Value Print Successfully ======
2025-03-31 23:38:59,795 - INFO - ====== Test: Write Button + Error Popup + Return to Report Page ======
2025-03-31 23:38:59,796 - INFO - ====== Starting Write Button Verification Flow ======
2025-03-31 23:38:59,796 - INFO - Step 1: Checking Write button availability
2025-03-31 23:38:59,812 - ERROR - Write button flow failed: Write button is not visible
2025-03-31 23:39:26,559 - INFO - Using TEST_IP: 192.168.5.74
2025-03-31 23:39:27,796 - INFO - Opening browser using way1
2025-03-31 23:39:39,591 - INFO - Step: Checking Report Button availability
2025-03-31 23:39:39,610 - INFO - Report button is available.
2025-03-31 23:39:39,692 - INFO - Clicked Report button.
2025-03-31 23:39:41,698 - INFO - Step: Checking 'View Report' button availability
2025-03-31 23:39:41,721 - INFO - View Report button is available.
2025-03-31 23:39:41,723 - INFO - ====== Starting Download Current HTML Button Flow ======
2025-03-31 23:39:41,725 - INFO - Step 1: Clicking Download Current HTML button
2025-03-31 23:39:41,846 - INFO - Step 2: Waiting for popup OK and Cancel buttons
2025-03-31 23:39:41,872 - INFO - Step 2 Result: Popup OK and Cancel buttons are available
2025-03-31 23:39:41,873 - INFO - Step 3: Clicking Cancel
2025-03-31 23:39:41,978 - INFO - Step 4: Verifying Download Current HTML button availability after Cancel
2025-03-31 23:39:42,009 - INFO - Step 4 Result: Download Current HTML button is available after Cancel
2025-03-31 23:39:42,010 - INFO - Step 5: Clicking Download Current HTML button again
2025-03-31 23:39:42,088 - INFO - Step 6: Clicking OK in popup
2025-03-31 23:39:42,165 - INFO - Step 7: Waiting for error popup to appear
2025-03-31 23:39:43,228 - INFO - Step 8: Waiting for error popup to disappear (max 15 seconds)
2025-03-31 23:39:47,807 - INFO - Step 9: Verifying Download Current HTML button availability after error popup
2025-03-31 23:39:47,819 - INFO - ====== Completed Download Current HTML Button Flow Successfully ======
2025-03-31 23:39:47,822 - INFO - ====== Starting Download Current BSUT Report Data Button Flow ======
2025-03-31 23:39:47,823 - INFO - Step 1: Clicking Download Current BSUT Report Data button
2025-03-31 23:39:47,917 - INFO - Step 2: Waiting for popup OK and Cancel buttons
2025-03-31 23:39:47,940 - INFO - Step 2 Result: Popup OK and Cancel buttons are available
2025-03-31 23:39:47,941 - INFO - Step 3: Clicking Cancel
2025-03-31 23:39:47,992 - INFO - Step 4: Verifying Download Current BSUT Report Data button availability after Cancel
2025-03-31 23:39:48,008 - INFO - Step 4 Result: Download Current BSUT Report Data button is available after Cancel
2025-03-31 23:39:48,009 - INFO - Step 5: Clicking Download Current BSUT Report Data button again
2025-03-31 23:39:48,081 - INFO - Step 6: Clicking OK in popup
2025-03-31 23:39:48,164 - INFO - Step 7: Waiting for error popup to appear
2025-03-31 23:39:48,200 - INFO - Step 8: Waiting for error popup to disappear (max 15 seconds)
2025-03-31 23:39:53,794 - INFO - Step 9: Verifying Download Current BSUT Report Data button availability after error popup
2025-03-31 23:39:53,805 - INFO - ====== Completed Download Current BSUT Report Data Button Flow Successfully ======
2025-03-31 23:39:53,807 - INFO - ====== Starting Report Data Management Flow ======
2025-03-31 23:39:53,808 - INFO - Step 1: Clicking Report Data Management button
2025-03-31 23:39:54,678 - INFO - Step 2: Checking Delete Test Report button availability
2025-03-31 23:39:54,699 - INFO - Step 3: Checking Test results folder size label
2025-03-31 23:39:54,731 - INFO - Test results folder info: Test results folder size :0.00 MBs
2025-03-31 23:39:54,731 - INFO - Step 4: Checking Delete Report button availability
2025-03-31 23:39:54,751 - INFO - Step 5: Clicking Delete Report button
2025-03-31 23:39:54,842 - INFO - Step 5.1: Checking OK and Cancel buttons in popup
2025-03-31 23:39:54,922 - INFO - Step 5.2: Clicking Cancel on popup
2025-03-31 23:39:54,990 - INFO - Step 6: Clicking Download Report button
2025-03-31 23:39:55,077 - INFO - Step 6.1: Waiting for 10 seconds for download to process
2025-03-31 23:40:05,078 - INFO - Step 7: Clicking Delete Test Report button (Re-fetching due to possible stale)
2025-03-31 23:40:05,154 - INFO - Step 8: Checking Confirmation Text
2025-03-31 23:40:05,190 - INFO - Confirmation popup text: Are you sure you want to permanently delete all 2 folders?
2025-03-31 23:40:05,190 - INFO - Step 9: Checking OK and Cancel buttons in confirmation popup
2025-03-31 23:40:05,216 - INFO - Step 9.1: Clicking Cancel on confirmation popup
2025-03-31 23:40:05,348 - INFO - ====== Completed Report Data Management Flow Successfully ======
2025-03-31 23:40:05,353 - INFO - ====== Starting Synthetic File Popup Dropdown Value Print ======
2025-03-31 23:40:05,354 - INFO - Step 1: Clicking Synthetic File button
2025-03-31 23:40:05,546 - INFO - Waiting for popup to be fully loaded...
2025-03-31 23:40:05,558 - INFO - Step 3: Validating input box
2025-03-31 23:40:05,654 - INFO - Typed and verified: 12345
2025-03-31 23:40:05,747 - INFO - Typed and verified: abcDEF
2025-03-31 23:40:05,825 - INFO - Typed and verified: !@#$%
2025-03-31 23:40:05,922 - INFO - Typed and verified: abc123!@#
2025-03-31 23:40:05,923 - INFO - Step 4: Toggling VC-Tx checkbox
2025-03-31 23:40:05,981 - INFO - Checkbox clicked
2025-03-31 23:40:06,019 - INFO - Step 5: Handling dropdown: File Source
2025-03-31 23:40:06,559 - INFO - File Source dropdown options:
2025-03-31 23:40:06,567 - INFO -     File Source --> External File
2025-03-31 23:40:06,574 - INFO -     File Source --> TPT File
2025-03-31 23:40:07,082 - INFO - Step 5: Handling dropdown: Test Mode
2025-03-31 23:40:07,616 - INFO - Test Mode dropdown options:
2025-03-31 23:40:07,625 - INFO -     Test Mode --> 128kHz
2025-03-31 23:40:07,632 - INFO -     Test Mode --> 360kHz
2025-03-31 23:40:08,140 - INFO - Step 5: Handling dropdown: Test Type
2025-03-31 23:40:08,675 - INFO - Test Type dropdown options:
2025-03-31 23:40:08,685 - INFO -     Test Type --> 4.14.Eye test
2025-03-31 23:40:08,691 - INFO -     Test Type --> 4.15.Real test
2025-03-31 23:40:09,203 - INFO - Step 5: Handling dropdown: Channel Type
2025-03-31 23:40:09,731 - INFO - Channel Type dropdown options:
2025-03-31 23:40:09,737 - INFO -     Channel Type --> Magnitude
2025-03-31 23:40:09,744 - INFO -     Channel Type --> Phase
2025-03-31 23:40:09,751 - INFO -     Channel Type --> Both
2025-03-31 23:40:10,259 - INFO - ====== Completed Synthetic File Popup Dropdown Value Print Successfully ======
2025-03-31 23:40:10,261 - INFO - ====== Test: Write Button + Error Popup + Return to Report Page ======
2025-03-31 23:40:10,262 - INFO - ====== Starting Write Button Verification Flow ======
2025-03-31 23:40:10,263 - INFO - Step 1: Checking Write button availability
2025-03-31 23:40:10,278 - INFO - Write button is available and visible.
2025-03-31 23:40:10,278 - INFO - Step 2: Checking Write button clickability
2025-03-31 23:40:10,294 - INFO - Step 3: Clicking Write button
2025-03-31 23:40:10,355 - INFO - Waiting 1.5 seconds to allow popup to render
2025-03-31 23:40:11,856 - INFO - Step 4: Verifying Error popup
2025-03-31 23:40:11,876 - INFO - Error popup appeared as expected
2025-03-31 23:40:11,876 - INFO - Step 5: Clicking Close button on error popup
2025-03-31 23:40:32,270 - ERROR - Write button flow failed: Message: 
Stacktrace:
	GetHandleVerifier [0x00007FF6F56B4C25+3179557]
	(No symbol) [0x00007FF6F53188A0]
	(No symbol) [0x00007FF6F51A91CA]
	(No symbol) [0x00007FF6F51FFA67]
	(No symbol) [0x00007FF6F51FFC9C]
	(No symbol) [0x00007FF6F5253627]
	(No symbol) [0x00007FF6F5227C6F]
	(No symbol) [0x00007FF6F52502F3]
	(No symbol) [0x00007FF6F5227A03]
	(No symbol) [0x00007FF6F51F06D0]
	(No symbol) [0x00007FF6F51F1983]
	GetHandleVerifier [0x00007FF6F57167CD+3579853]
	GetHandleVerifier [0x00007FF6F572D1D2+3672530]
	GetHandleVerifier [0x00007FF6F5722153+3627347]
	GetHandleVerifier [0x00007FF6F548092A+868650]
	(No symbol) [0x00007FF6F5322FFF]
	(No symbol) [0x00007FF6F531F4A4]
	(No symbol) [0x00007FF6F531F646]
	(No symbol) [0x00007FF6F530EAA9]
	BaseThreadInitThunk [0x00007FF9358D54E0+16]
	RtlUserThreadStart [0x00007FF936AA485B+43]

2025-03-31 23:41:36,528 - INFO - Using TEST_IP: 192.168.5.74
2025-03-31 23:41:37,758 - INFO - Opening browser using way1
2025-03-31 23:41:47,987 - INFO - Step: Checking Report Button availability
2025-03-31 23:41:48,009 - INFO - Report button is available.
2025-03-31 23:41:48,102 - INFO - Clicked Report button.
2025-03-31 23:41:50,109 - INFO - Step: Checking 'View Report' button availability
2025-03-31 23:41:50,128 - INFO - View Report button is available.
2025-03-31 23:41:50,131 - INFO - ====== Starting Download Current HTML Button Flow ======
2025-03-31 23:41:50,133 - INFO - Step 1: Clicking Download Current HTML button
2025-03-31 23:41:50,266 - INFO - Step 2: Waiting for popup OK and Cancel buttons
2025-03-31 23:41:50,298 - INFO - Step 2 Result: Popup OK and Cancel buttons are available
2025-03-31 23:41:50,299 - INFO - Step 3: Clicking Cancel
2025-03-31 23:41:50,372 - INFO - Step 4: Verifying Download Current HTML button availability after Cancel
2025-03-31 23:41:50,403 - INFO - Step 4 Result: Download Current HTML button is available after Cancel
2025-03-31 23:41:50,404 - INFO - Step 5: Clicking Download Current HTML button again
2025-03-31 23:41:50,487 - INFO - Step 6: Clicking OK in popup
2025-03-31 23:41:50,560 - INFO - Step 7: Waiting for error popup to appear
2025-03-31 23:41:51,623 - INFO - Step 8: Waiting for error popup to disappear (max 15 seconds)
2025-03-31 23:41:56,204 - INFO - Step 9: Verifying Download Current HTML button availability after error popup
2025-03-31 23:41:56,213 - INFO - ====== Completed Download Current HTML Button Flow Successfully ======
2025-03-31 23:41:56,217 - INFO - ====== Starting Download Current BSUT Report Data Button Flow ======
2025-03-31 23:41:56,217 - INFO - Step 1: Clicking Download Current BSUT Report Data button
2025-03-31 23:41:56,319 - INFO - Step 2: Waiting for popup OK and Cancel buttons
2025-03-31 23:41:56,340 - INFO - Step 2 Result: Popup OK and Cancel buttons are available
2025-03-31 23:41:56,341 - INFO - Step 3: Clicking Cancel
2025-03-31 23:41:56,399 - INFO - Step 4: Verifying Download Current BSUT Report Data button availability after Cancel
2025-03-31 23:41:56,419 - INFO - Step 4 Result: Download Current BSUT Report Data button is available after Cancel
2025-03-31 23:41:56,419 - INFO - Step 5: Clicking Download Current BSUT Report Data button again
2025-03-31 23:41:56,506 - INFO - Step 6: Clicking OK in popup
2025-03-31 23:41:56,597 - INFO - Step 7: Waiting for error popup to appear
2025-03-31 23:41:56,638 - INFO - Step 8: Waiting for error popup to disappear (max 15 seconds)
2025-03-31 23:42:02,244 - INFO - Step 9: Verifying Download Current BSUT Report Data button availability after error popup
2025-03-31 23:42:02,256 - INFO - ====== Completed Download Current BSUT Report Data Button Flow Successfully ======
2025-03-31 23:42:02,258 - INFO - ====== Starting Report Data Management Flow ======
2025-03-31 23:42:02,258 - INFO - Step 1: Clicking Report Data Management button
2025-03-31 23:42:02,344 - INFO - Step 2: Checking Delete Test Report button availability
2025-03-31 23:42:02,362 - INFO - Step 3: Checking Test results folder size label
2025-03-31 23:42:02,389 - INFO - Test results folder info: Test results folder size :0.00 MBs
2025-03-31 23:42:02,389 - INFO - Step 4: Checking Delete Report button availability
2025-03-31 23:42:02,407 - INFO - Step 5: Clicking Delete Report button
2025-03-31 23:42:02,484 - INFO - Step 5.1: Checking OK and Cancel buttons in popup
2025-03-31 23:42:02,633 - INFO - Step 5.2: Clicking Cancel on popup
2025-03-31 23:42:02,699 - INFO - Step 6: Clicking Download Report button
2025-03-31 23:42:02,786 - INFO - Step 6.1: Waiting for 10 seconds for download to process
2025-03-31 23:42:12,787 - INFO - Step 7: Clicking Delete Test Report button (Re-fetching due to possible stale)
2025-03-31 23:42:12,869 - INFO - Step 8: Checking Confirmation Text
2025-03-31 23:42:12,896 - INFO - Confirmation popup text: Are you sure you want to permanently delete all 2 folders?
2025-03-31 23:42:12,897 - INFO - Step 9: Checking OK and Cancel buttons in confirmation popup
2025-03-31 23:42:12,925 - INFO - Step 9.1: Clicking Cancel on confirmation popup
2025-03-31 23:42:13,068 - INFO - ====== Completed Report Data Management Flow Successfully ======
2025-03-31 23:42:13,071 - INFO - ====== Starting Synthetic File Popup Dropdown Value Print ======
2025-03-31 23:42:13,072 - INFO - Step 1: Clicking Synthetic File button
2025-03-31 23:42:13,271 - INFO - Waiting for popup to be fully loaded...
2025-03-31 23:42:13,283 - INFO - Step 3: Validating input box
2025-03-31 23:42:13,386 - INFO - Typed and verified: 12345
2025-03-31 23:42:13,487 - INFO - Typed and verified: abcDEF
2025-03-31 23:42:13,564 - INFO - Typed and verified: !@#$%
2025-03-31 23:42:13,654 - INFO - Typed and verified: abc123!@#
2025-03-31 23:42:13,655 - INFO - Step 4: Toggling VC-Tx checkbox
2025-03-31 23:42:13,733 - INFO - Checkbox clicked
2025-03-31 23:42:13,771 - INFO - Step 5: Handling dropdown: File Source
2025-03-31 23:42:14,319 - INFO - File Source dropdown options:
2025-03-31 23:42:14,324 - INFO -     File Source --> External File
2025-03-31 23:42:14,330 - INFO -     File Source --> TPT File
2025-03-31 23:42:14,839 - INFO - Step 5: Handling dropdown: Test Mode
2025-03-31 23:42:15,378 - INFO - Test Mode dropdown options:
2025-03-31 23:42:15,385 - INFO -     Test Mode --> 128kHz
2025-03-31 23:42:15,391 - INFO -     Test Mode --> 360kHz
2025-03-31 23:42:15,900 - INFO - Step 5: Handling dropdown: Test Type
2025-03-31 23:42:16,436 - INFO - Test Type dropdown options:
2025-03-31 23:42:16,444 - INFO -     Test Type --> 4.14.Eye test
2025-03-31 23:42:16,452 - INFO -     Test Type --> 4.15.Real test
2025-03-31 23:42:16,960 - INFO - Step 5: Handling dropdown: Channel Type
2025-03-31 23:42:17,491 - INFO - Channel Type dropdown options:
2025-03-31 23:42:17,500 - INFO -     Channel Type --> Magnitude
2025-03-31 23:42:17,506 - INFO -     Channel Type --> Phase
2025-03-31 23:42:17,512 - INFO -     Channel Type --> Both
2025-03-31 23:42:18,020 - INFO - ====== Completed Synthetic File Popup Dropdown Value Print Successfully ======
2025-03-31 23:42:18,023 - INFO - ====== Test: Write Button + Error Popup + Return to Report Page ======
2025-03-31 23:42:18,023 - INFO - ====== Starting Write Button Verification Flow ======
2025-03-31 23:42:18,023 - INFO - Step 1: Checking Write button availability
2025-03-31 23:42:18,040 - INFO - Write button is available and visible.
2025-03-31 23:42:18,040 - INFO - Step 2: Checking Write button clickability
2025-03-31 23:42:18,055 - INFO - Step 3: Clicking Write button
2025-03-31 23:42:18,093 - INFO - Waiting 1.5 seconds to allow popup to render
2025-03-31 23:42:19,595 - INFO - Step 4: Verifying Error popup
2025-03-31 23:42:19,612 - INFO - Error popup appeared as expected
2025-03-31 23:42:19,612 - INFO - Step 5: Clicking Close button on error popup
2025-03-31 23:42:19,687 - INFO - Step 6: Verifying navigation back to Report page
2025-03-31 23:42:19,704 - INFO - Successfully navigated back to Report page after closing the popup
2025-03-31 23:42:19,704 - INFO - ====== Completed Write Button Verification Flow Successfully ======
2025-04-01 00:18:32,662 - INFO - Using TEST_IP: 192.168.5.74
2025-04-01 00:18:34,557 - INFO - Opening browser using way1
2025-04-01 00:18:44,861 - INFO - Step: Checking Report Button availability
2025-04-01 00:18:44,897 - INFO - Report button is available.
2025-04-01 00:18:45,027 - INFO - Clicked Report button.
2025-04-01 00:18:47,036 - INFO - Step: Checking 'View Report' button availability
2025-04-01 00:18:47,075 - INFO - View Report button is available.
2025-04-01 00:18:47,105 - INFO - ====== Starting Download Current HTML Button Flow ======
2025-04-01 00:18:47,107 - INFO - Step 1: Clicking Download Current HTML button
2025-04-01 00:18:47,302 - INFO - Step 2: Waiting for popup OK and Cancel buttons
2025-04-01 00:18:47,336 - INFO - Step 2 Result: Popup OK and Cancel buttons are available
2025-04-01 00:18:47,337 - INFO - Step 3: Clicking Cancel
2025-04-01 00:18:47,465 - INFO - Step 4: Verifying Download Current HTML button availability after Cancel
2025-04-01 00:18:47,494 - INFO - Step 4 Result: Download Current HTML button is available after Cancel
2025-04-01 00:18:47,495 - INFO - Step 5: Clicking Download Current HTML button again
2025-04-01 00:18:47,624 - INFO - Step 6: Clicking OK in popup
2025-04-01 00:18:47,742 - INFO - Step 7: Waiting for error popup to appear
2025-04-01 00:18:48,884 - INFO - Step 8: Waiting for error popup to disappear (max 15 seconds)
2025-04-01 00:18:53,532 - INFO - Step 9: Verifying Download Current HTML button availability after error popup
2025-04-01 00:18:53,565 - INFO - ====== Completed Download Current HTML Button Flow Successfully ======
2025-04-01 00:18:53,572 - INFO - ====== Starting Download Current HTML Button Flow ======
2025-04-01 00:18:53,576 - INFO - Step 1: Clicking Download Current HTML button
2025-04-01 00:18:53,864 - INFO - Step 2: Waiting for popup OK and Cancel buttons
2025-04-01 00:18:53,894 - INFO - Step 2 Result: Popup OK and Cancel buttons are available
2025-04-01 00:18:53,895 - INFO - Step 3: Clicking Cancel
2025-04-01 00:18:53,983 - INFO - Step 4: Verifying Download Current HTML button availability after Cancel
2025-04-01 00:18:54,020 - INFO - Step 4 Result: Download Current HTML button is available after Cancel
2025-04-01 00:18:54,022 - INFO - Step 5: Clicking Download Current HTML button again
2025-04-01 00:18:54,136 - INFO - Step 6: Clicking OK in popup
2025-04-01 00:18:54,248 - INFO - Step 7: Waiting for error popup to appear
2025-04-01 00:18:55,330 - INFO - Step 8: Waiting for error popup to disappear (max 15 seconds)
2025-04-01 00:18:59,978 - INFO - Step 9: Verifying Download Current HTML button availability after error popup
2025-04-01 00:19:00,012 - INFO - ====== Completed Download Current HTML Button Flow Successfully ======
2025-04-01 00:19:00,079 - INFO - ====== Starting Download Current BSUT Report Data Button Flow ======
2025-04-01 00:19:00,081 - INFO - Step 1: Clicking Download Current BSUT Report Data button
2025-04-01 00:19:00,279 - INFO - Step 2: Waiting for popup OK and Cancel buttons
2025-04-01 00:19:00,323 - INFO - Step 2 Result: Popup OK and Cancel buttons are available
2025-04-01 00:19:00,324 - INFO - Step 3: Clicking Cancel
2025-04-01 00:19:00,430 - INFO - Step 4: Verifying Download Current BSUT Report Data button availability after Cancel
2025-04-01 00:19:00,457 - INFO - Step 4 Result: Download Current BSUT Report Data button is available after Cancel
2025-04-01 00:19:00,458 - INFO - Step 5: Clicking Download Current BSUT Report Data button again
2025-04-01 00:19:00,577 - INFO - Step 6: Clicking OK in popup
2025-04-01 00:19:00,715 - INFO - Step 7: Waiting for error popup to appear
2025-04-01 00:19:00,773 - INFO - Step 8: Waiting for error popup to disappear (max 15 seconds)
2025-04-01 00:19:06,453 - INFO - Step 9: Verifying Download Current BSUT Report Data button availability after error popup
2025-04-01 00:19:06,484 - INFO - ====== Completed Download Current BSUT Report Data Button Flow Successfully ======
2025-04-01 00:19:06,492 - INFO - ====== Starting Download Current BSUT Report Data Button Flow ======
2025-04-01 00:19:06,494 - INFO - Step 1: Clicking Download Current BSUT Report Data button
2025-04-01 00:19:06,693 - INFO - Step 2: Waiting for popup OK and Cancel buttons
2025-04-01 00:19:06,725 - INFO - Step 2 Result: Popup OK and Cancel buttons are available
2025-04-01 00:19:06,726 - INFO - Step 3: Clicking Cancel
2025-04-01 00:19:06,831 - INFO - Step 4: Verifying Download Current BSUT Report Data button availability after Cancel
2025-04-01 00:19:06,874 - INFO - Step 4 Result: Download Current BSUT Report Data button is available after Cancel
2025-04-01 00:19:06,876 - INFO - Step 5: Clicking Download Current BSUT Report Data button again
2025-04-01 00:19:07,010 - INFO - Step 6: Clicking OK in popup
2025-04-01 00:19:07,144 - INFO - Step 7: Waiting for error popup to appear
2025-04-01 00:19:07,214 - INFO - Step 8: Waiting for error popup to disappear (max 15 seconds)
2025-04-01 00:19:12,890 - INFO - Step 9: Verifying Download Current BSUT Report Data button availability after error popup
2025-04-01 00:19:12,927 - INFO - ====== Completed Download Current BSUT Report Data Button Flow Successfully ======
2025-04-01 00:19:12,972 - INFO - ====== Starting Report Data Management Flow ======
2025-04-01 00:19:12,974 - INFO - Step 1: Clicking Report Data Management button
2025-04-01 00:19:13,179 - INFO - Step 2: Checking Delete Test Report button availability
2025-04-01 00:19:13,213 - INFO - Step 3: Checking Test results folder size label
2025-04-01 00:19:13,280 - INFO - Test results folder info: Test results folder size :0.00 MBs
2025-04-01 00:19:13,281 - INFO - Step 4: Checking Delete Report button availability
2025-04-01 00:19:13,328 - INFO - Step 5: Clicking Delete Report button
2025-04-01 00:19:13,461 - INFO - Step 5.1: Checking OK and Cancel buttons in popup
2025-04-01 00:19:13,526 - INFO - Step 5.2: Clicking Cancel on popup
2025-04-01 00:19:13,715 - INFO - Step 6: Clicking Download Report button
2025-04-01 00:19:13,834 - INFO - Step 6.1: Waiting for 10 seconds for download to process
2025-04-01 00:19:23,836 - INFO - Step 7: Clicking Delete Test Report button (Re-fetching due to possible stale)
2025-04-01 00:19:24,039 - INFO - Step 8: Checking Confirmation Text
2025-04-01 00:19:24,111 - INFO - Confirmation popup text: Are you sure you want to permanently delete all 2 folders?
2025-04-01 00:19:24,112 - INFO - Step 9: Checking OK and Cancel buttons in confirmation popup
2025-04-01 00:19:24,211 - INFO - Step 9.1: Clicking Cancel on confirmation popup
2025-04-01 00:19:24,417 - INFO - ====== Completed Report Data Management Flow Successfully ======
2025-04-01 00:19:24,946 - INFO - ====== Starting Report Data Management Flow ======
2025-04-01 00:19:24,948 - INFO - Step 1: Clicking Report Data Management button
2025-04-01 00:19:25,122 - INFO - Step 2: Checking Delete Test Report button availability
2025-04-01 00:19:25,154 - INFO - Step 3: Checking Test results folder size label
2025-04-01 00:19:25,199 - INFO - Test results folder info: Test results folder size :0.00 MBs
2025-04-01 00:19:25,201 - INFO - Step 4: Checking Delete Report button availability
2025-04-01 00:19:25,228 - INFO - Step 5: Clicking Delete Report button
2025-04-01 00:19:25,356 - INFO - Step 5.1: Checking OK and Cancel buttons in popup
2025-04-01 00:19:25,401 - INFO - Step 5.2: Clicking Cancel on popup
2025-04-01 00:19:25,508 - INFO - Step 6: Clicking Download Report button
2025-04-01 00:19:25,625 - INFO - Step 6.1: Waiting for 10 seconds for download to process
2025-04-01 00:19:35,627 - INFO - Step 7: Clicking Delete Test Report button (Re-fetching due to possible stale)
2025-04-01 00:19:35,807 - INFO - Step 8: Checking Confirmation Text
2025-04-01 00:19:35,874 - INFO - Confirmation popup text: Are you sure you want to permanently delete all 2 folders?
2025-04-01 00:19:35,875 - INFO - Step 9: Checking OK and Cancel buttons in confirmation popup
2025-04-01 00:19:35,967 - INFO - Step 9.1: Clicking Cancel on confirmation popup
2025-04-01 00:19:36,161 - INFO - ====== Completed Report Data Management Flow Successfully ======
2025-04-01 00:19:36,377 - INFO - ====== Starting Synthetic File Popup Dropdown Value Print ======
2025-04-01 00:19:36,380 - INFO - Step 1: Clicking Synthetic File button
2025-04-01 00:19:36,553 - INFO - Waiting for popup to be fully loaded...
2025-04-01 00:19:36,578 - INFO - Step 3: Validating input box
2025-04-01 00:19:36,761 - INFO - Typed and verified: 12345
2025-04-01 00:19:36,907 - INFO - Typed and verified: abcDEF
2025-04-01 00:19:37,032 - INFO - Typed and verified: !@#$%
2025-04-01 00:19:37,178 - INFO - Typed and verified: abc123!@#
2025-04-01 00:19:37,179 - INFO - Step 4: Toggling VC-Tx checkbox
2025-04-01 00:19:37,290 - INFO - Checkbox clicked
2025-04-01 00:19:37,366 - INFO - Step 5: Handling dropdown: File Source
2025-04-01 00:19:37,931 - INFO - File Source dropdown options:
2025-04-01 00:19:37,950 - INFO -     File Source --> External File
2025-04-01 00:19:37,969 - INFO -     File Source --> TPT File
2025-04-01 00:19:38,485 - INFO - Step 5: Handling dropdown: Test Mode
2025-04-01 00:19:39,051 - INFO - Test Mode dropdown options:
2025-04-01 00:19:39,071 - INFO -     Test Mode --> 128kHz
2025-04-01 00:19:39,087 - INFO -     Test Mode --> 360kHz
2025-04-01 00:19:39,602 - INFO - Step 5: Handling dropdown: Test Type
2025-04-01 00:19:40,184 - INFO - Test Type dropdown options:
2025-04-01 00:19:40,210 - INFO -     Test Type --> 4.14.Eye test
2025-04-01 00:19:40,227 - INFO -     Test Type --> 4.15.Real test
2025-04-01 00:19:40,742 - INFO - Step 5: Handling dropdown: Channel Type
2025-04-01 00:19:41,327 - INFO - Channel Type dropdown options:
2025-04-01 00:19:41,344 - INFO -     Channel Type --> Magnitude
2025-04-01 00:19:41,360 - INFO -     Channel Type --> Phase
2025-04-01 00:19:41,380 - INFO -     Channel Type --> Both
2025-04-01 00:19:41,898 - INFO - ====== Completed Synthetic File Popup Dropdown Value Print Successfully ======
2025-04-01 00:19:41,905 - INFO - ====== Starting Synthetic File Popup Dropdown Value Print ======
2025-04-01 00:19:41,907 - INFO - Step 1: Clicking Synthetic File button
2025-04-01 00:19:43,033 - ERROR - Synthetic File Popup Dropdown Print Failed: Message: element click intercepted: Element <button type="button" id="report_toolbar_settings_button" class="grl-button btn-primary refresh-btn btn btn-primary">...</button> is not clickable at point (898, 86). Other element would receive the click: <div class="boldText modal-header">...</div>
  (Session info: chrome=134.0.6998.178)
Stacktrace:
	GetHandleVerifier [0x00007FF739784C25+3179557]
	(No symbol) [0x00007FF7393E88A0]
	(No symbol) [0x00007FF7392791CA]
	(No symbol) [0x00007FF7392D7929]
	(No symbol) [0x00007FF7392D52E2]
	(No symbol) [0x00007FF7392D2381]
	(No symbol) [0x00007FF7392D1281]
	(No symbol) [0x00007FF7392C2A24]
	(No symbol) [0x00007FF7392F7C2A]
	(No symbol) [0x00007FF7392C22D6]
	(No symbol) [0x00007FF7392F7E40]
	(No symbol) [0x00007FF7393202F3]
	(No symbol) [0x00007FF7392F7A03]
	(No symbol) [0x00007FF7392C06D0]
	(No symbol) [0x00007FF7392C1983]
	GetHandleVerifier [0x00007FF7397E67CD+3579853]
	GetHandleVerifier [0x00007FF7397FD1D2+3672530]
	GetHandleVerifier [0x00007FF7397F2153+3627347]
	GetHandleVerifier [0x00007FF73955092A+868650]
	(No symbol) [0x00007FF7393F2FFF]
	(No symbol) [0x00007FF7393EF4A4]
	(No symbol) [0x00007FF7393EF646]
	(No symbol) [0x00007FF7393DEAA9]
	BaseThreadInitThunk [0x00007FF9358D54E0+16]
	RtlUserThreadStart [0x00007FF936AA485B+43]

2025-04-01 00:19:43,327 - INFO - ====== Starting Synthetic File Popup Dropdown Value Print ======
2025-04-01 00:19:43,330 - INFO - Step 1: Clicking Synthetic File button
2025-04-01 00:19:44,492 - ERROR - Synthetic File Popup Dropdown Print Failed: Message: element click intercepted: Element <button type="button" id="report_toolbar_settings_button" class="grl-button btn-primary refresh-btn btn btn-primary">...</button> is not clickable at point (898, 86). Other element would receive the click: <div class="boldText modal-header">...</div>
  (Session info: chrome=134.0.6998.178)
Stacktrace:
	GetHandleVerifier [0x00007FF739784C25+3179557]
	(No symbol) [0x00007FF7393E88A0]
	(No symbol) [0x00007FF7392791CA]
	(No symbol) [0x00007FF7392D7929]
	(No symbol) [0x00007FF7392D52E2]
	(No symbol) [0x00007FF7392D2381]
	(No symbol) [0x00007FF7392D1281]
	(No symbol) [0x00007FF7392C2A24]
	(No symbol) [0x00007FF7392F7C2A]
	(No symbol) [0x00007FF7392C22D6]
	(No symbol) [0x00007FF7392F7E40]
	(No symbol) [0x00007FF7393202F3]
	(No symbol) [0x00007FF7392F7A03]
	(No symbol) [0x00007FF7392C06D0]
	(No symbol) [0x00007FF7392C1983]
	GetHandleVerifier [0x00007FF7397E67CD+3579853]
	GetHandleVerifier [0x00007FF7397FD1D2+3672530]
	GetHandleVerifier [0x00007FF7397F2153+3627347]
	GetHandleVerifier [0x00007FF73955092A+868650]
	(No symbol) [0x00007FF7393F2FFF]
	(No symbol) [0x00007FF7393EF4A4]
	(No symbol) [0x00007FF7393EF646]
	(No symbol) [0x00007FF7393DEAA9]
	BaseThreadInitThunk [0x00007FF9358D54E0+16]
	RtlUserThreadStart [0x00007FF936AA485B+43]

2025-04-01 00:19:44,786 - INFO - ====== Starting Synthetic File Popup Dropdown Value Print ======
2025-04-01 00:19:44,789 - INFO - Step 1: Clicking Synthetic File button
2025-04-01 00:19:45,941 - ERROR - Synthetic File Popup Dropdown Print Failed: Message: element click intercepted: Element <button type="button" id="report_toolbar_settings_button" class="grl-button btn-primary refresh-btn btn btn-primary">...</button> is not clickable at point (898, 86). Other element would receive the click: <div class="boldText modal-header">...</div>
  (Session info: chrome=134.0.6998.178)
Stacktrace:
	GetHandleVerifier [0x00007FF739784C25+3179557]
	(No symbol) [0x00007FF7393E88A0]
	(No symbol) [0x00007FF7392791CA]
	(No symbol) [0x00007FF7392D7929]
	(No symbol) [0x00007FF7392D52E2]
	(No symbol) [0x00007FF7392D2381]
	(No symbol) [0x00007FF7392D1281]
	(No symbol) [0x00007FF7392C2A24]
	(No symbol) [0x00007FF7392F7C2A]
	(No symbol) [0x00007FF7392C22D6]
	(No symbol) [0x00007FF7392F7E40]
	(No symbol) [0x00007FF7393202F3]
	(No symbol) [0x00007FF7392F7A03]
	(No symbol) [0x00007FF7392C06D0]
	(No symbol) [0x00007FF7392C1983]
	GetHandleVerifier [0x00007FF7397E67CD+3579853]
	GetHandleVerifier [0x00007FF7397FD1D2+3672530]
	GetHandleVerifier [0x00007FF7397F2153+3627347]
	GetHandleVerifier [0x00007FF73955092A+868650]
	(No symbol) [0x00007FF7393F2FFF]
	(No symbol) [0x00007FF7393EF4A4]
	(No symbol) [0x00007FF7393EF646]
	(No symbol) [0x00007FF7393DEAA9]
	BaseThreadInitThunk [0x00007FF9358D54E0+16]
	RtlUserThreadStart [0x00007FF936AA485B+43]

2025-04-01 00:19:46,265 - INFO - ====== Starting Synthetic File Popup Dropdown Value Print ======
2025-04-01 00:19:46,267 - INFO - Step 1: Clicking Synthetic File button
2025-04-01 00:19:47,428 - ERROR - Synthetic File Popup Dropdown Print Failed: Message: element click intercepted: Element <button type="button" id="report_toolbar_settings_button" class="grl-button btn-primary refresh-btn btn btn-primary">...</button> is not clickable at point (898, 86). Other element would receive the click: <div class="boldText modal-header">...</div>
  (Session info: chrome=134.0.6998.178)
Stacktrace:
	GetHandleVerifier [0x00007FF739784C25+3179557]
	(No symbol) [0x00007FF7393E88A0]
	(No symbol) [0x00007FF7392791CA]
	(No symbol) [0x00007FF7392D7929]
	(No symbol) [0x00007FF7392D52E2]
	(No symbol) [0x00007FF7392D2381]
	(No symbol) [0x00007FF7392D1281]
	(No symbol) [0x00007FF7392C2A24]
	(No symbol) [0x00007FF7392F7C2A]
	(No symbol) [0x00007FF7392C22D6]
	(No symbol) [0x00007FF7392F7E40]
	(No symbol) [0x00007FF7393202F3]
	(No symbol) [0x00007FF7392F7A03]
	(No symbol) [0x00007FF7392C06D0]
	(No symbol) [0x00007FF7392C1983]
	GetHandleVerifier [0x00007FF7397E67CD+3579853]
	GetHandleVerifier [0x00007FF7397FD1D2+3672530]
	GetHandleVerifier [0x00007FF7397F2153+3627347]
	GetHandleVerifier [0x00007FF73955092A+868650]
	(No symbol) [0x00007FF7393F2FFF]
	(No symbol) [0x00007FF7393EF4A4]
	(No symbol) [0x00007FF7393EF646]
	(No symbol) [0x00007FF7393DEAA9]
	BaseThreadInitThunk [0x00007FF9358D54E0+16]
	RtlUserThreadStart [0x00007FF936AA485B+43]

2025-04-01 00:19:47,727 - INFO - ====== Starting Synthetic File Popup Dropdown Value Print ======
2025-04-01 00:19:47,729 - INFO - Step 1: Clicking Synthetic File button
2025-04-01 00:19:48,827 - ERROR - Synthetic File Popup Dropdown Print Failed: Message: element click intercepted: Element <button type="button" id="report_toolbar_settings_button" class="grl-button btn-primary refresh-btn btn btn-primary">...</button> is not clickable at point (898, 86). Other element would receive the click: <div class="boldText modal-header">...</div>
  (Session info: chrome=134.0.6998.178)
Stacktrace:
	GetHandleVerifier [0x00007FF739784C25+3179557]
	(No symbol) [0x00007FF7393E88A0]
	(No symbol) [0x00007FF7392791CA]
	(No symbol) [0x00007FF7392D7929]
	(No symbol) [0x00007FF7392D52E2]
	(No symbol) [0x00007FF7392D2381]
	(No symbol) [0x00007FF7392D1281]
	(No symbol) [0x00007FF7392C2A24]
	(No symbol) [0x00007FF7392F7C2A]
	(No symbol) [0x00007FF7392C22D6]
	(No symbol) [0x00007FF7392F7E40]
	(No symbol) [0x00007FF7393202F3]
	(No symbol) [0x00007FF7392F7A03]
	(No symbol) [0x00007FF7392C06D0]
	(No symbol) [0x00007FF7392C1983]
	GetHandleVerifier [0x00007FF7397E67CD+3579853]
	GetHandleVerifier [0x00007FF7397FD1D2+3672530]
	GetHandleVerifier [0x00007FF7397F2153+3627347]
	GetHandleVerifier [0x00007FF73955092A+868650]
	(No symbol) [0x00007FF7393F2FFF]
	(No symbol) [0x00007FF7393EF4A4]
	(No symbol) [0x00007FF7393EF646]
	(No symbol) [0x00007FF7393DEAA9]
	BaseThreadInitThunk [0x00007FF9358D54E0+16]
	RtlUserThreadStart [0x00007FF936AA485B+43]

2025-04-01 00:19:49,122 - INFO - ====== Starting Synthetic File Popup Dropdown Value Print ======
2025-04-01 00:19:49,125 - INFO - Step 1: Clicking Synthetic File button
2025-04-01 00:19:50,284 - ERROR - Synthetic File Popup Dropdown Print Failed: Message: element click intercepted: Element <button type="button" id="report_toolbar_settings_button" class="grl-button btn-primary refresh-btn btn btn-primary">...</button> is not clickable at point (898, 86). Other element would receive the click: <div class="boldText modal-header">...</div>
  (Session info: chrome=134.0.6998.178)
Stacktrace:
	GetHandleVerifier [0x00007FF739784C25+3179557]
	(No symbol) [0x00007FF7393E88A0]
	(No symbol) [0x00007FF7392791CA]
	(No symbol) [0x00007FF7392D7929]
	(No symbol) [0x00007FF7392D52E2]
	(No symbol) [0x00007FF7392D2381]
	(No symbol) [0x00007FF7392D1281]
	(No symbol) [0x00007FF7392C2A24]
	(No symbol) [0x00007FF7392F7C2A]
	(No symbol) [0x00007FF7392C22D6]
	(No symbol) [0x00007FF7392F7E40]
	(No symbol) [0x00007FF7393202F3]
	(No symbol) [0x00007FF7392F7A03]
	(No symbol) [0x00007FF7392C06D0]
	(No symbol) [0x00007FF7392C1983]
	GetHandleVerifier [0x00007FF7397E67CD+3579853]
	GetHandleVerifier [0x00007FF7397FD1D2+3672530]
	GetHandleVerifier [0x00007FF7397F2153+3627347]
	GetHandleVerifier [0x00007FF73955092A+868650]
	(No symbol) [0x00007FF7393F2FFF]
	(No symbol) [0x00007FF7393EF4A4]
	(No symbol) [0x00007FF7393EF646]
	(No symbol) [0x00007FF7393DEAA9]
	BaseThreadInitThunk [0x00007FF9358D54E0+16]
	RtlUserThreadStart [0x00007FF936AA485B+43]

2025-04-01 00:19:50,613 - INFO - ====== Starting Write Button Verification Flow ======
2025-04-01 00:19:50,616 - INFO - Step 1: Checking Write button availability
2025-04-01 00:19:50,643 - INFO - Write button is available and visible.
2025-04-01 00:19:50,644 - INFO - Step 2: Checking Write button clickability
2025-04-01 00:19:50,687 - INFO - Step 3: Clicking Write button
2025-04-01 00:19:50,775 - INFO - Waiting 1.5 seconds to allow popup to render
2025-04-01 00:19:52,278 - INFO - Step 4: Verifying Error popup
2025-04-01 00:19:52,311 - INFO - Error popup appeared as expected
2025-04-01 00:19:52,312 - INFO - Step 5: Clicking Close button on error popup
2025-04-01 00:19:52,461 - INFO - Step 6: Verifying navigation back to Report page
2025-04-01 00:19:52,497 - INFO - Successfully navigated back to Report page after closing the popup
2025-04-01 00:19:52,498 - INFO - ====== Completed Write Button Verification Flow Successfully ======
2025-04-01 00:19:52,506 - INFO - ====== Starting Write Button Verification Flow ======
2025-04-01 00:19:52,509 - INFO - Step 1: Checking Write button availability
2025-04-01 00:19:52,541 - INFO - Write button is available and visible.
2025-04-01 00:19:52,542 - INFO - Step 2: Checking Write button clickability
2025-04-01 00:19:52,583 - INFO - Step 3: Clicking Write button
2025-04-01 00:19:52,676 - ERROR - Write button flow failed: Message: stale element reference: stale element not found in the current frame
  (Session info: chrome=134.0.6998.178); For documentation on this error, please visit: https://www.selenium.dev/documentation/webdriver/troubleshooting/errors#stale-element-reference-exception
Stacktrace:
	GetHandleVerifier [0x00007FF739784C25+3179557]
	(No symbol) [0x00007FF7393E88A0]
	(No symbol) [0x00007FF7392791CA]
	(No symbol) [0x00007FF739280B98]
	(No symbol) [0x00007FF739283BCC]
	(No symbol) [0x00007FF739283C9F]
	(No symbol) [0x00007FF7392D49D9]
	(No symbol) [0x00007FF7392D2381]
	(No symbol) [0x00007FF7392D1281]
	(No symbol) [0x00007FF7392C2A24]
	(No symbol) [0x00007FF7392F7C2A]
	(No symbol) [0x00007FF7392C22D6]
	(No symbol) [0x00007FF7392F7E40]
	(No symbol) [0x00007FF7393202F3]
	(No symbol) [0x00007FF7392F7A03]
	(No symbol) [0x00007FF7392C06D0]
	(No symbol) [0x00007FF7392C1983]
	GetHandleVerifier [0x00007FF7397E67CD+3579853]
	GetHandleVerifier [0x00007FF7397FD1D2+3672530]
	GetHandleVerifier [0x00007FF7397F2153+3627347]
	GetHandleVerifier [0x00007FF73955092A+868650]
	(No symbol) [0x00007FF7393F2FFF]
	(No symbol) [0x00007FF7393EF4A4]
	(No symbol) [0x00007FF7393EF646]
	(No symbol) [0x00007FF7393DEAA9]
	BaseThreadInitThunk [0x00007FF9358D54E0+16]
	RtlUserThreadStart [0x00007FF936AA485B+43]

2025-04-01 00:22:07,800 - INFO - Using TEST_IP: 192.168.5.74
2025-04-01 00:22:09,224 - INFO - Opening browser using way1
2025-04-01 00:22:19,405 - INFO - Step: Checking Report Button availability
2025-04-01 00:22:19,439 - INFO - Report button is available.
2025-04-01 00:22:19,570 - INFO - Clicked Report button.
2025-04-01 00:22:21,578 - INFO - Step: Checking 'View Report' button availability
2025-04-01 00:22:21,621 - INFO - View Report button is available.
2025-04-01 00:22:21,648 - INFO - ====== Starting Download Current HTML Button Flow ======
2025-04-01 00:22:21,651 - INFO - Step 1: Clicking Download Current HTML button
2025-04-01 00:22:21,823 - INFO - Step 2: Waiting for popup OK and Cancel buttons
2025-04-01 00:22:21,858 - INFO - Step 2 Result: Popup OK and Cancel buttons are available
2025-04-01 00:22:21,859 - INFO - Step 3: Clicking Cancel
2025-04-01 00:22:22,010 - INFO - Step 4: Verifying Download Current HTML button availability after Cancel
2025-04-01 00:22:22,038 - INFO - Step 4 Result: Download Current HTML button is available after Cancel
2025-04-01 00:22:22,039 - INFO - Step 5: Clicking Download Current HTML button again
2025-04-01 00:22:22,191 - INFO - Step 6: Clicking OK in popup
2025-04-01 00:22:22,310 - INFO - Step 7: Waiting for error popup to appear
2025-04-01 00:22:23,450 - INFO - Step 8: Waiting for error popup to disappear (max 15 seconds)
2025-04-01 00:22:28,094 - INFO - Step 9: Verifying Download Current HTML button availability after error popup
2025-04-01 00:22:28,127 - INFO - ====== Completed Download Current HTML Button Flow Successfully ======
2025-04-01 00:22:28,135 - INFO - ====== Starting Download Current HTML Button Flow ======
2025-04-01 00:22:28,138 - INFO - Step 1: Clicking Download Current HTML button
2025-04-01 00:22:28,359 - INFO - Step 2: Waiting for popup OK and Cancel buttons
2025-04-01 00:22:28,399 - INFO - Step 2 Result: Popup OK and Cancel buttons are available
2025-04-01 00:22:28,401 - INFO - Step 3: Clicking Cancel
2025-04-01 00:22:28,509 - INFO - Step 4: Verifying Download Current HTML button availability after Cancel
2025-04-01 00:22:28,535 - INFO - Step 4 Result: Download Current HTML button is available after Cancel
2025-04-01 00:22:28,536 - INFO - Step 5: Clicking Download Current HTML button again
2025-04-01 00:22:28,646 - INFO - Step 6: Clicking OK in popup
2025-04-01 00:22:28,759 - INFO - Step 7: Waiting for error popup to appear
2025-04-01 00:22:29,851 - INFO - Step 8: Waiting for error popup to disappear (max 15 seconds)
2025-04-01 00:22:34,510 - INFO - Step 9: Verifying Download Current HTML button availability after error popup
2025-04-01 00:22:34,540 - INFO - ====== Completed Download Current HTML Button Flow Successfully ======
2025-04-01 00:22:34,612 - INFO - ====== Starting Download Current BSUT Report Data Button Flow ======
2025-04-01 00:22:34,614 - INFO - Step 1: Clicking Download Current BSUT Report Data button
2025-04-01 00:22:34,794 - INFO - Step 2: Waiting for popup OK and Cancel buttons
2025-04-01 00:22:34,827 - INFO - Step 2 Result: Popup OK and Cancel buttons are available
2025-04-01 00:22:34,828 - INFO - Step 3: Clicking Cancel
2025-04-01 00:22:34,927 - INFO - Step 4: Verifying Download Current BSUT Report Data button availability after Cancel
2025-04-01 00:22:34,993 - INFO - Step 4 Result: Download Current BSUT Report Data button is available after Cancel
2025-04-01 00:22:34,994 - INFO - Step 5: Clicking Download Current BSUT Report Data button again
2025-04-01 00:22:35,102 - INFO - Step 6: Clicking OK in popup
2025-04-01 00:22:35,232 - INFO - Step 7: Waiting for error popup to appear
2025-04-01 00:22:35,308 - INFO - Step 8: Waiting for error popup to disappear (max 15 seconds)
2025-04-01 00:22:40,993 - INFO - Step 9: Verifying Download Current BSUT Report Data button availability after error popup
2025-04-01 00:22:41,022 - INFO - ====== Completed Download Current BSUT Report Data Button Flow Successfully ======
2025-04-01 00:22:41,030 - INFO - ====== Starting Download Current BSUT Report Data Button Flow ======
2025-04-01 00:22:41,032 - INFO - Step 1: Clicking Download Current BSUT Report Data button
2025-04-01 00:22:41,236 - INFO - Step 2: Waiting for popup OK and Cancel buttons
2025-04-01 00:22:41,271 - INFO - Step 2 Result: Popup OK and Cancel buttons are available
2025-04-01 00:22:41,272 - INFO - Step 3: Clicking Cancel
2025-04-01 00:22:41,378 - INFO - Step 4: Verifying Download Current BSUT Report Data button availability after Cancel
2025-04-01 00:22:41,417 - INFO - Step 4 Result: Download Current BSUT Report Data button is available after Cancel
2025-04-01 00:22:41,419 - INFO - Step 5: Clicking Download Current BSUT Report Data button again
2025-04-01 00:22:41,540 - INFO - Step 6: Clicking OK in popup
2025-04-01 00:22:41,662 - INFO - Step 7: Waiting for error popup to appear
2025-04-01 00:22:41,726 - INFO - Step 8: Waiting for error popup to disappear (max 15 seconds)
2025-04-01 00:22:47,415 - INFO - Step 9: Verifying Download Current BSUT Report Data button availability after error popup
2025-04-01 00:22:47,446 - INFO - ====== Completed Download Current BSUT Report Data Button Flow Successfully ======
2025-04-01 00:22:47,494 - INFO - ====== Starting Report Data Management Flow ======
2025-04-01 00:22:47,498 - INFO - Step 1: Clicking Report Data Management button
2025-04-01 00:22:47,670 - INFO - Step 2: Checking Delete Test Report button availability
2025-04-01 00:22:47,710 - INFO - Step 3: Checking Test results folder size label
2025-04-01 00:22:47,770 - INFO - Test results folder info: Test results folder size :0.00 MBs
2025-04-01 00:22:47,771 - INFO - Step 4: Checking Delete Report button availability
2025-04-01 00:22:47,823 - INFO - Step 5: Clicking Delete Report button
2025-04-01 00:22:47,939 - INFO - Step 5.1: Checking OK and Cancel buttons in popup
2025-04-01 00:22:47,996 - INFO - Step 5.2: Clicking Cancel on popup
2025-04-01 00:22:48,103 - INFO - Step 6: Clicking Download Report button
2025-04-01 00:22:48,224 - INFO - Step 6.1: Waiting for 10 seconds for download to process
2025-04-01 00:22:58,226 - INFO - Step 7: Clicking Delete Test Report button (Re-fetching due to possible stale)
2025-04-01 00:22:58,404 - INFO - Step 8: Checking Confirmation Text
2025-04-01 00:22:58,461 - INFO - Confirmation popup text: Are you sure you want to permanently delete all 2 folders?
2025-04-01 00:22:58,462 - INFO - Step 9: Checking OK and Cancel buttons in confirmation popup
2025-04-01 00:22:58,542 - INFO - Step 9.1: Clicking Cancel on confirmation popup
2025-04-01 00:22:58,805 - INFO - ====== Completed Report Data Management Flow Successfully ======
2025-04-01 00:22:59,373 - INFO - ====== Starting Report Data Management Flow ======
2025-04-01 00:22:59,375 - INFO - Step 1: Clicking Report Data Management button
2025-04-01 00:22:59,543 - INFO - Step 2: Checking Delete Test Report button availability
2025-04-01 00:22:59,571 - INFO - Step 3: Checking Test results folder size label
2025-04-01 00:22:59,615 - INFO - Test results folder info: Test results folder size :0.00 MBs
2025-04-01 00:22:59,617 - INFO - Step 4: Checking Delete Report button availability
2025-04-01 00:22:59,645 - INFO - Step 5: Clicking Delete Report button
2025-04-01 00:22:59,764 - INFO - Step 5.1: Checking OK and Cancel buttons in popup
2025-04-01 00:22:59,822 - INFO - Step 5.2: Clicking Cancel on popup
2025-04-01 00:22:59,933 - INFO - Step 6: Clicking Download Report button
2025-04-01 00:23:00,044 - INFO - Step 6.1: Waiting for 10 seconds for download to process
2025-04-01 00:23:10,046 - INFO - Step 7: Clicking Delete Test Report button (Re-fetching due to possible stale)
2025-04-01 00:23:10,202 - INFO - Step 8: Checking Confirmation Text
2025-04-01 00:23:10,255 - INFO - Confirmation popup text: Are you sure you want to permanently delete all 2 folders?
2025-04-01 00:23:10,256 - INFO - Step 9: Checking OK and Cancel buttons in confirmation popup
2025-04-01 00:23:10,320 - INFO - Step 9.1: Clicking Cancel on confirmation popup
2025-04-01 00:23:10,596 - INFO - ====== Completed Report Data Management Flow Successfully ======
2025-04-01 00:23:10,752 - INFO - ====== Starting Synthetic File Popup Dropdown Value Print ======
2025-04-01 00:23:10,755 - INFO - Step 1: Clicking Synthetic File button
2025-04-01 00:23:10,922 - INFO - Waiting for popup to be fully loaded...
2025-04-01 00:23:10,941 - INFO - Step 3: Validating input box
2025-04-01 00:23:11,123 - INFO - Typed and verified: 12345
2025-04-01 00:23:11,264 - INFO - Typed and verified: abcDEF
2025-04-01 00:23:11,386 - INFO - Typed and verified: !@#$%
2025-04-01 00:23:11,527 - INFO - Typed and verified: abc123!@#
2025-04-01 00:23:11,528 - INFO - Step 4: Toggling VC-Tx checkbox
2025-04-01 00:23:11,639 - INFO - Checkbox clicked
2025-04-01 00:23:11,719 - INFO - Step 5: Handling dropdown: File Source
2025-04-01 00:23:12,292 - INFO - File Source dropdown options:
2025-04-01 00:23:12,310 - INFO -     File Source --> External File
2025-04-01 00:23:12,328 - INFO -     File Source --> TPT File
2025-04-01 00:23:12,843 - INFO - Step 5: Handling dropdown: Test Mode
2025-04-01 00:23:13,410 - INFO - Test Mode dropdown options:
2025-04-01 00:23:13,427 - INFO -     Test Mode --> 128kHz
2025-04-01 00:23:13,442 - INFO -     Test Mode --> 360kHz
2025-04-01 00:23:13,956 - INFO - Step 5: Handling dropdown: Test Type
2025-04-01 00:23:14,540 - INFO - Test Type dropdown options:
2025-04-01 00:23:14,561 - INFO -     Test Type --> 4.14.Eye test
2025-04-01 00:23:14,578 - INFO -     Test Type --> 4.15.Real test
2025-04-01 00:23:15,092 - INFO - Step 5: Handling dropdown: Channel Type
2025-04-01 00:23:15,665 - INFO - Channel Type dropdown options:
2025-04-01 00:23:15,684 - INFO -     Channel Type --> Magnitude
2025-04-01 00:23:15,700 - INFO -     Channel Type --> Phase
2025-04-01 00:23:15,715 - INFO -     Channel Type --> Both
2025-04-01 00:23:16,235 - INFO - ====== Completed Synthetic File Popup Dropdown Value Print Successfully ======
2025-04-01 00:23:16,242 - INFO - ====== Starting Synthetic File Popup Dropdown Value Print ======
2025-04-01 00:23:16,245 - INFO - Step 1: Clicking Synthetic File button
2025-04-01 00:23:17,401 - ERROR - Synthetic File Popup Dropdown Print Failed: Message: element click intercepted: Element <button type="button" id="report_toolbar_settings_button" class="grl-button btn-primary refresh-btn btn btn-primary">...</button> is not clickable at point (898, 86). Other element would receive the click: <div class="boldText modal-header">...</div>
  (Session info: chrome=134.0.6998.178)
Stacktrace:
	GetHandleVerifier [0x00007FF739784C25+3179557]
	(No symbol) [0x00007FF7393E88A0]
	(No symbol) [0x00007FF7392791CA]
	(No symbol) [0x00007FF7392D7929]
	(No symbol) [0x00007FF7392D52E2]
	(No symbol) [0x00007FF7392D2381]
	(No symbol) [0x00007FF7392D1281]
	(No symbol) [0x00007FF7392C2A24]
	(No symbol) [0x00007FF7392F7C2A]
	(No symbol) [0x00007FF7392C22D6]
	(No symbol) [0x00007FF7392F7E40]
	(No symbol) [0x00007FF7393202F3]
	(No symbol) [0x00007FF7392F7A03]
	(No symbol) [0x00007FF7392C06D0]
	(No symbol) [0x00007FF7392C1983]
	GetHandleVerifier [0x00007FF7397E67CD+3579853]
	GetHandleVerifier [0x00007FF7397FD1D2+3672530]
	GetHandleVerifier [0x00007FF7397F2153+3627347]
	GetHandleVerifier [0x00007FF73955092A+868650]
	(No symbol) [0x00007FF7393F2FFF]
	(No symbol) [0x00007FF7393EF4A4]
	(No symbol) [0x00007FF7393EF646]
	(No symbol) [0x00007FF7393DEAA9]
	BaseThreadInitThunk [0x00007FF9358D54E0+16]
	RtlUserThreadStart [0x00007FF936AA485B+43]

2025-04-01 00:23:17,721 - INFO - ====== Starting Synthetic File Popup Dropdown Value Print ======
2025-04-01 00:23:17,726 - INFO - Step 1: Clicking Synthetic File button
2025-04-01 00:23:18,848 - ERROR - Synthetic File Popup Dropdown Print Failed: Message: element click intercepted: Element <button type="button" id="report_toolbar_settings_button" class="grl-button btn-primary refresh-btn btn btn-primary">...</button> is not clickable at point (898, 86). Other element would receive the click: <div class="boldText modal-header">...</div>
  (Session info: chrome=134.0.6998.178)
Stacktrace:
	GetHandleVerifier [0x00007FF739784C25+3179557]
	(No symbol) [0x00007FF7393E88A0]
	(No symbol) [0x00007FF7392791CA]
	(No symbol) [0x00007FF7392D7929]
	(No symbol) [0x00007FF7392D52E2]
	(No symbol) [0x00007FF7392D2381]
	(No symbol) [0x00007FF7392D1281]
	(No symbol) [0x00007FF7392C2A24]
	(No symbol) [0x00007FF7392F7C2A]
	(No symbol) [0x00007FF7392C22D6]
	(No symbol) [0x00007FF7392F7E40]
	(No symbol) [0x00007FF7393202F3]
	(No symbol) [0x00007FF7392F7A03]
	(No symbol) [0x00007FF7392C06D0]
	(No symbol) [0x00007FF7392C1983]
	GetHandleVerifier [0x00007FF7397E67CD+3579853]
	GetHandleVerifier [0x00007FF7397FD1D2+3672530]
	GetHandleVerifier [0x00007FF7397F2153+3627347]
	GetHandleVerifier [0x00007FF73955092A+868650]
	(No symbol) [0x00007FF7393F2FFF]
	(No symbol) [0x00007FF7393EF4A4]
	(No symbol) [0x00007FF7393EF646]
	(No symbol) [0x00007FF7393DEAA9]
	BaseThreadInitThunk [0x00007FF9358D54E0+16]
	RtlUserThreadStart [0x00007FF936AA485B+43]

2025-04-01 00:23:19,192 - INFO - ====== Starting Synthetic File Popup Dropdown Value Print ======
2025-04-01 00:23:19,194 - INFO - Step 1: Clicking Synthetic File button
2025-04-01 00:23:20,358 - ERROR - Synthetic File Popup Dropdown Print Failed: Message: element click intercepted: Element <button type="button" id="report_toolbar_settings_button" class="grl-button btn-primary refresh-btn btn btn-primary">...</button> is not clickable at point (898, 86). Other element would receive the click: <div class="boldText modal-header">...</div>
  (Session info: chrome=134.0.6998.178)
Stacktrace:
	GetHandleVerifier [0x00007FF739784C25+3179557]
	(No symbol) [0x00007FF7393E88A0]
	(No symbol) [0x00007FF7392791CA]
	(No symbol) [0x00007FF7392D7929]
	(No symbol) [0x00007FF7392D52E2]
	(No symbol) [0x00007FF7392D2381]
	(No symbol) [0x00007FF7392D1281]
	(No symbol) [0x00007FF7392C2A24]
	(No symbol) [0x00007FF7392F7C2A]
	(No symbol) [0x00007FF7392C22D6]
	(No symbol) [0x00007FF7392F7E40]
	(No symbol) [0x00007FF7393202F3]
	(No symbol) [0x00007FF7392F7A03]
	(No symbol) [0x00007FF7392C06D0]
	(No symbol) [0x00007FF7392C1983]
	GetHandleVerifier [0x00007FF7397E67CD+3579853]
	GetHandleVerifier [0x00007FF7397FD1D2+3672530]
	GetHandleVerifier [0x00007FF7397F2153+3627347]
	GetHandleVerifier [0x00007FF73955092A+868650]
	(No symbol) [0x00007FF7393F2FFF]
	(No symbol) [0x00007FF7393EF4A4]
	(No symbol) [0x00007FF7393EF646]
	(No symbol) [0x00007FF7393DEAA9]
	BaseThreadInitThunk [0x00007FF9358D54E0+16]
	RtlUserThreadStart [0x00007FF936AA485B+43]

2025-04-01 00:23:20,710 - INFO - ====== Starting Synthetic File Popup Dropdown Value Print ======
2025-04-01 00:23:20,713 - INFO - Step 1: Clicking Synthetic File button
2025-04-01 00:23:21,844 - ERROR - Synthetic File Popup Dropdown Print Failed: Message: element click intercepted: Element <button type="button" id="report_toolbar_settings_button" class="grl-button btn-primary refresh-btn btn btn-primary">...</button> is not clickable at point (898, 86). Other element would receive the click: <div class="boldText modal-header">...</div>
  (Session info: chrome=134.0.6998.178)
Stacktrace:
	GetHandleVerifier [0x00007FF739784C25+3179557]
	(No symbol) [0x00007FF7393E88A0]
	(No symbol) [0x00007FF7392791CA]
	(No symbol) [0x00007FF7392D7929]
	(No symbol) [0x00007FF7392D52E2]
	(No symbol) [0x00007FF7392D2381]
	(No symbol) [0x00007FF7392D1281]
	(No symbol) [0x00007FF7392C2A24]
	(No symbol) [0x00007FF7392F7C2A]
	(No symbol) [0x00007FF7392C22D6]
	(No symbol) [0x00007FF7392F7E40]
	(No symbol) [0x00007FF7393202F3]
	(No symbol) [0x00007FF7392F7A03]
	(No symbol) [0x00007FF7392C06D0]
	(No symbol) [0x00007FF7392C1983]
	GetHandleVerifier [0x00007FF7397E67CD+3579853]
	GetHandleVerifier [0x00007FF7397FD1D2+3672530]
	GetHandleVerifier [0x00007FF7397F2153+3627347]
	GetHandleVerifier [0x00007FF73955092A+868650]
	(No symbol) [0x00007FF7393F2FFF]
	(No symbol) [0x00007FF7393EF4A4]
	(No symbol) [0x00007FF7393EF646]
	(No symbol) [0x00007FF7393DEAA9]
	BaseThreadInitThunk [0x00007FF9358D54E0+16]
	RtlUserThreadStart [0x00007FF936AA485B+43]

2025-04-01 00:23:22,158 - INFO - ====== Starting Synthetic File Popup Dropdown Value Print ======
2025-04-01 00:23:22,160 - INFO - Step 1: Clicking Synthetic File button
2025-04-01 00:23:23,275 - ERROR - Synthetic File Popup Dropdown Print Failed: Message: element click intercepted: Element <button type="button" id="report_toolbar_settings_button" class="grl-button btn-primary refresh-btn btn btn-primary">...</button> is not clickable at point (898, 86). Other element would receive the click: <div class="boldText modal-header">...</div>
  (Session info: chrome=134.0.6998.178)
Stacktrace:
	GetHandleVerifier [0x00007FF739784C25+3179557]
	(No symbol) [0x00007FF7393E88A0]
	(No symbol) [0x00007FF7392791CA]
	(No symbol) [0x00007FF7392D7929]
	(No symbol) [0x00007FF7392D52E2]
	(No symbol) [0x00007FF7392D2381]
	(No symbol) [0x00007FF7392D1281]
	(No symbol) [0x00007FF7392C2A24]
	(No symbol) [0x00007FF7392F7C2A]
	(No symbol) [0x00007FF7392C22D6]
	(No symbol) [0x00007FF7392F7E40]
	(No symbol) [0x00007FF7393202F3]
	(No symbol) [0x00007FF7392F7A03]
	(No symbol) [0x00007FF7392C06D0]
	(No symbol) [0x00007FF7392C1983]
	GetHandleVerifier [0x00007FF7397E67CD+3579853]
	GetHandleVerifier [0x00007FF7397FD1D2+3672530]
	GetHandleVerifier [0x00007FF7397F2153+3627347]
	GetHandleVerifier [0x00007FF73955092A+868650]
	(No symbol) [0x00007FF7393F2FFF]
	(No symbol) [0x00007FF7393EF4A4]
	(No symbol) [0x00007FF7393EF646]
	(No symbol) [0x00007FF7393DEAA9]
	BaseThreadInitThunk [0x00007FF9358D54E0+16]
	RtlUserThreadStart [0x00007FF936AA485B+43]

2025-04-01 00:23:23,610 - INFO - ====== Starting Synthetic File Popup Dropdown Value Print ======
2025-04-01 00:23:23,613 - INFO - Step 1: Clicking Synthetic File button
2025-04-01 00:23:24,770 - ERROR - Synthetic File Popup Dropdown Print Failed: Message: element click intercepted: Element <button type="button" id="report_toolbar_settings_button" class="grl-button btn-primary refresh-btn btn btn-primary">...</button> is not clickable at point (898, 86). Other element would receive the click: <div class="boldText modal-header">...</div>
  (Session info: chrome=134.0.6998.178)
Stacktrace:
	GetHandleVerifier [0x00007FF739784C25+3179557]
	(No symbol) [0x00007FF7393E88A0]
	(No symbol) [0x00007FF7392791CA]
	(No symbol) [0x00007FF7392D7929]
	(No symbol) [0x00007FF7392D52E2]
	(No symbol) [0x00007FF7392D2381]
	(No symbol) [0x00007FF7392D1281]
	(No symbol) [0x00007FF7392C2A24]
	(No symbol) [0x00007FF7392F7C2A]
	(No symbol) [0x00007FF7392C22D6]
	(No symbol) [0x00007FF7392F7E40]
	(No symbol) [0x00007FF7393202F3]
	(No symbol) [0x00007FF7392F7A03]
	(No symbol) [0x00007FF7392C06D0]
	(No symbol) [0x00007FF7392C1983]
	GetHandleVerifier [0x00007FF7397E67CD+3579853]
	GetHandleVerifier [0x00007FF7397FD1D2+3672530]
	GetHandleVerifier [0x00007FF7397F2153+3627347]
	GetHandleVerifier [0x00007FF73955092A+868650]
	(No symbol) [0x00007FF7393F2FFF]
	(No symbol) [0x00007FF7393EF4A4]
	(No symbol) [0x00007FF7393EF646]
	(No symbol) [0x00007FF7393DEAA9]
	BaseThreadInitThunk [0x00007FF9358D54E0+16]
	RtlUserThreadStart [0x00007FF936AA485B+43]

2025-04-01 00:23:25,159 - INFO - ====== Starting Write Button Verification Flow ======
2025-04-01 00:23:25,161 - INFO - Step 1: Checking Write button availability
2025-04-01 00:23:25,192 - INFO - Write button is available and visible.
2025-04-01 00:23:25,193 - INFO - Step 2: Checking Write button clickability
2025-04-01 00:23:25,241 - INFO - Step 3: Clicking Write button
2025-04-01 00:23:25,339 - INFO - Waiting 1.5 seconds to allow popup to render
2025-04-01 00:23:30,341 - INFO - Step 4: Verifying Error popup
2025-04-01 00:23:30,378 - INFO - Error popup appeared as expected
2025-04-01 00:23:30,379 - INFO - Step 5: Clicking Close button on error popup
2025-04-01 00:23:30,535 - INFO - Step 6: Verifying navigation back to Report page
2025-04-01 00:23:30,573 - INFO - Successfully navigated back to Report page after closing the popup
2025-04-01 00:23:30,574 - INFO - ====== Completed Write Button Verification Flow Successfully ======
2025-04-01 00:23:30,580 - INFO - ====== Starting Write Button Verification Flow ======
2025-04-01 00:23:30,583 - INFO - Step 1: Checking Write button availability
2025-04-01 00:23:30,614 - INFO - Write button is available and visible.
2025-04-01 00:23:30,615 - INFO - Step 2: Checking Write button clickability
2025-04-01 00:23:30,658 - INFO - Step 3: Clicking Write button
2025-04-01 00:23:30,742 - ERROR - Write button flow failed: Message: stale element reference: stale element not found in the current frame
  (Session info: chrome=134.0.6998.178); For documentation on this error, please visit: https://www.selenium.dev/documentation/webdriver/troubleshooting/errors#stale-element-reference-exception
Stacktrace:
	GetHandleVerifier [0x00007FF739784C25+3179557]
	(No symbol) [0x00007FF7393E88A0]
	(No symbol) [0x00007FF7392791CA]
	(No symbol) [0x00007FF739280B98]
	(No symbol) [0x00007FF739283BCC]
	(No symbol) [0x00007FF739283C9F]
	(No symbol) [0x00007FF7392D1F37]
	(No symbol) [0x00007FF7392D1041]
	(No symbol) [0x00007FF7392C2A24]
	(No symbol) [0x00007FF7392F7C2A]
	(No symbol) [0x00007FF7392C22D6]
	(No symbol) [0x00007FF7392F7E40]
	(No symbol) [0x00007FF7393202F3]
	(No symbol) [0x00007FF7392F7A03]
	(No symbol) [0x00007FF7392C06D0]
	(No symbol) [0x00007FF7392C1983]
	GetHandleVerifier [0x00007FF7397E67CD+3579853]
	GetHandleVerifier [0x00007FF7397FD1D2+3672530]
	GetHandleVerifier [0x00007FF7397F2153+3627347]
	GetHandleVerifier [0x00007FF73955092A+868650]
	(No symbol) [0x00007FF7393F2FFF]
	(No symbol) [0x00007FF7393EF4A4]
	(No symbol) [0x00007FF7393EF646]
	(No symbol) [0x00007FF7393DEAA9]
	BaseThreadInitThunk [0x00007FF9358D54E0+16]
	RtlUserThreadStart [0x00007FF936AA485B+43]

2025-04-01 00:24:09,371 - INFO - Using TEST_IP: 192.168.5.74
2025-04-01 00:24:10,762 - INFO - Opening browser using way1
2025-04-01 00:24:21,305 - INFO - Step: Checking Report Button availability
2025-04-01 00:24:21,341 - INFO - Report button is available.
2025-04-01 00:24:21,472 - INFO - Clicked Report button.
2025-04-01 00:24:23,479 - INFO - Step: Checking 'View Report' button availability
2025-04-01 00:24:23,518 - INFO - View Report button is available.
2025-04-01 00:24:23,551 - INFO - ====== Starting Download Current HTML Button Flow ======
2025-04-01 00:24:23,553 - INFO - Step 1: Clicking Download Current HTML button
2025-04-01 00:24:23,735 - INFO - Step 2: Waiting for popup OK and Cancel buttons
2025-04-01 00:24:23,771 - INFO - Step 2 Result: Popup OK and Cancel buttons are available
2025-04-01 00:24:23,773 - INFO - Step 3: Clicking Cancel
2025-04-01 00:24:23,900 - INFO - Step 4: Verifying Download Current HTML button availability after Cancel
2025-04-01 00:24:23,952 - INFO - Step 4 Result: Download Current HTML button is available after Cancel
2025-04-01 00:24:23,953 - INFO - Step 5: Clicking Download Current HTML button again
2025-04-01 00:24:24,077 - INFO - Step 6: Clicking OK in popup
2025-04-01 00:24:24,192 - INFO - Step 7: Waiting for error popup to appear
2025-04-01 00:24:25,317 - INFO - Step 8: Waiting for error popup to disappear (max 15 seconds)
2025-04-01 00:24:29,932 - INFO - Step 9: Verifying Download Current HTML button availability after error popup
2025-04-01 00:24:29,953 - INFO - ====== Completed Download Current HTML Button Flow Successfully ======
2025-04-01 00:24:29,961 - INFO - ====== Starting Download Current HTML Button Flow ======
2025-04-01 00:24:29,963 - INFO - Step 1: Clicking Download Current HTML button
2025-04-01 00:24:30,132 - INFO - Step 2: Waiting for popup OK and Cancel buttons
2025-04-01 00:24:30,166 - INFO - Step 2 Result: Popup OK and Cancel buttons are available
2025-04-01 00:24:30,167 - INFO - Step 3: Clicking Cancel
2025-04-01 00:24:30,253 - INFO - Step 4: Verifying Download Current HTML button availability after Cancel
2025-04-01 00:24:30,288 - INFO - Step 4 Result: Download Current HTML button is available after Cancel
2025-04-01 00:24:30,289 - INFO - Step 5: Clicking Download Current HTML button again
2025-04-01 00:24:30,416 - INFO - Step 6: Clicking OK in popup
2025-04-01 00:24:30,533 - INFO - Step 7: Waiting for error popup to appear
2025-04-01 00:24:31,606 - INFO - Step 8: Waiting for error popup to disappear (max 15 seconds)
2025-04-01 00:24:36,241 - INFO - Step 9: Verifying Download Current HTML button availability after error popup
2025-04-01 00:24:36,270 - INFO - ====== Completed Download Current HTML Button Flow Successfully ======
2025-04-01 00:24:36,336 - INFO - ====== Starting Download Current BSUT Report Data Button Flow ======
2025-04-01 00:24:36,338 - INFO - Step 1: Clicking Download Current BSUT Report Data button
2025-04-01 00:24:36,503 - INFO - Step 2: Waiting for popup OK and Cancel buttons
2025-04-01 00:24:36,534 - INFO - Step 2 Result: Popup OK and Cancel buttons are available
2025-04-01 00:24:36,536 - INFO - Step 3: Clicking Cancel
2025-04-01 00:24:36,630 - INFO - Step 4: Verifying Download Current BSUT Report Data button availability after Cancel
2025-04-01 00:24:36,669 - INFO - Step 4 Result: Download Current BSUT Report Data button is available after Cancel
2025-04-01 00:24:36,671 - INFO - Step 5: Clicking Download Current BSUT Report Data button again
2025-04-01 00:24:36,785 - INFO - Step 6: Clicking OK in popup
2025-04-01 00:24:36,918 - INFO - Step 7: Waiting for error popup to appear
2025-04-01 00:24:36,973 - INFO - Step 8: Waiting for error popup to disappear (max 15 seconds)
2025-04-01 00:24:42,644 - INFO - Step 9: Verifying Download Current BSUT Report Data button availability after error popup
2025-04-01 00:24:42,671 - INFO - ====== Completed Download Current BSUT Report Data Button Flow Successfully ======
2025-04-01 00:24:42,680 - INFO - ====== Starting Download Current BSUT Report Data Button Flow ======
2025-04-01 00:24:42,683 - INFO - Step 1: Clicking Download Current BSUT Report Data button
2025-04-01 00:24:42,843 - INFO - Step 2: Waiting for popup OK and Cancel buttons
2025-04-01 00:24:42,871 - INFO - Step 2 Result: Popup OK and Cancel buttons are available
2025-04-01 00:24:42,872 - INFO - Step 3: Clicking Cancel
2025-04-01 00:24:42,961 - INFO - Step 4: Verifying Download Current BSUT Report Data button availability after Cancel
2025-04-01 00:24:43,000 - INFO - Step 4 Result: Download Current BSUT Report Data button is available after Cancel
2025-04-01 00:24:43,001 - INFO - Step 5: Clicking Download Current BSUT Report Data button again
2025-04-01 00:24:43,106 - INFO - Step 6: Clicking OK in popup
2025-04-01 00:24:43,220 - INFO - Step 7: Waiting for error popup to appear
2025-04-01 00:24:43,290 - INFO - Step 8: Waiting for error popup to disappear (max 15 seconds)
2025-04-01 00:24:48,954 - INFO - Step 9: Verifying Download Current BSUT Report Data button availability after error popup
2025-04-01 00:24:48,982 - INFO - ====== Completed Download Current BSUT Report Data Button Flow Successfully ======
2025-04-01 00:24:49,025 - INFO - ====== Starting Report Data Management Flow ======
2025-04-01 00:24:49,026 - INFO - Step 1: Clicking Report Data Management button
2025-04-01 00:24:49,205 - INFO - Step 2: Checking Delete Test Report button availability
2025-04-01 00:24:49,241 - INFO - Step 3: Checking Test results folder size label
2025-04-01 00:24:49,303 - INFO - Test results folder info: Test results folder size :0.00 MBs
2025-04-01 00:24:49,304 - INFO - Step 4: Checking Delete Report button availability
2025-04-01 00:24:49,355 - INFO - Step 5: Clicking Delete Report button
2025-04-01 00:24:49,474 - INFO - Step 5.1: Checking OK and Cancel buttons in popup
2025-04-01 00:24:49,535 - INFO - Step 5.2: Clicking Cancel on popup
2025-04-01 00:24:49,734 - INFO - Step 6: Clicking Download Report button
2025-04-01 00:24:49,856 - INFO - Step 6.1: Waiting for 10 seconds for download to process
2025-04-01 00:24:59,857 - INFO - Step 7: Clicking Delete Test Report button (Re-fetching due to possible stale)
2025-04-01 00:25:00,004 - INFO - Step 8: Checking Confirmation Text
2025-04-01 00:25:00,057 - INFO - Confirmation popup text: Are you sure you want to permanently delete all 2 folders?
2025-04-01 00:25:00,058 - INFO - Step 9: Checking OK and Cancel buttons in confirmation popup
2025-04-01 00:25:00,123 - INFO - Step 9.1: Clicking Cancel on confirmation popup
2025-04-01 00:25:00,358 - INFO - ====== Completed Report Data Management Flow Successfully ======
2025-04-01 00:25:00,869 - INFO - ====== Starting Report Data Management Flow ======
2025-04-01 00:25:00,871 - INFO - Step 1: Clicking Report Data Management button
2025-04-01 00:25:01,007 - INFO - Step 2: Checking Delete Test Report button availability
2025-04-01 00:25:01,031 - INFO - Step 3: Checking Test results folder size label
2025-04-01 00:25:01,072 - INFO - Test results folder info: Test results folder size :0.00 MBs
2025-04-01 00:25:01,073 - INFO - Step 4: Checking Delete Report button availability
2025-04-01 00:25:01,106 - INFO - Step 5: Clicking Delete Report button
2025-04-01 00:25:01,231 - INFO - Step 5.1: Checking OK and Cancel buttons in popup
2025-04-01 00:25:01,292 - INFO - Step 5.2: Clicking Cancel on popup
2025-04-01 00:25:01,459 - INFO - Step 6: Clicking Download Report button
2025-04-01 00:25:01,573 - INFO - Step 6.1: Waiting for 10 seconds for download to process
2025-04-01 00:25:11,575 - INFO - Step 7: Clicking Delete Test Report button (Re-fetching due to possible stale)
2025-04-01 00:25:11,719 - INFO - Step 8: Checking Confirmation Text
2025-04-01 00:25:11,762 - INFO - Confirmation popup text: Are you sure you want to permanently delete all 2 folders?
2025-04-01 00:25:11,766 - INFO - Step 9: Checking OK and Cancel buttons in confirmation popup
2025-04-01 00:25:11,835 - INFO - Step 9.1: Clicking Cancel on confirmation popup
2025-04-01 00:25:12,073 - INFO - ====== Completed Report Data Management Flow Successfully ======
2025-04-01 00:25:12,270 - INFO - ====== Starting Synthetic File Popup Dropdown Value Print ======
2025-04-01 00:25:12,272 - INFO - Step 1: Clicking Synthetic File button
2025-04-01 00:25:12,446 - INFO - Waiting for popup to be fully loaded...
2025-04-01 00:25:12,461 - INFO - Step 3: Validating input box
2025-04-01 00:25:12,631 - INFO - Typed and verified: 12345
2025-04-01 00:25:12,772 - INFO - Typed and verified: abcDEF
2025-04-01 00:25:12,904 - INFO - Typed and verified: !@#$%
2025-04-01 00:25:13,038 - INFO - Typed and verified: abc123!@#
2025-04-01 00:25:13,039 - INFO - Step 4: Toggling VC-Tx checkbox
2025-04-01 00:25:13,140 - INFO - Checkbox clicked
2025-04-01 00:25:13,215 - INFO - Step 5: Handling dropdown: File Source
2025-04-01 00:25:13,785 - INFO - File Source dropdown options:
2025-04-01 00:25:13,806 - INFO -     File Source --> External File
2025-04-01 00:25:13,820 - INFO -     File Source --> TPT File
2025-04-01 00:25:14,336 - INFO - Step 5: Handling dropdown: Test Mode
2025-04-01 00:25:14,902 - INFO - Test Mode dropdown options:
2025-04-01 00:25:14,917 - INFO -     Test Mode --> 128kHz
2025-04-01 00:25:14,931 - INFO -     Test Mode --> 360kHz
2025-04-01 00:25:15,448 - INFO - Step 5: Handling dropdown: Test Type
2025-04-01 00:25:16,010 - INFO - Test Type dropdown options:
2025-04-01 00:25:16,028 - INFO -     Test Type --> 4.14.Eye test
2025-04-01 00:25:16,044 - INFO -     Test Type --> 4.15.Real test
2025-04-01 00:25:16,557 - INFO - Step 5: Handling dropdown: Channel Type
2025-04-01 00:25:17,118 - INFO - Channel Type dropdown options:
2025-04-01 00:25:17,132 - INFO -     Channel Type --> Magnitude
2025-04-01 00:25:17,149 - INFO -     Channel Type --> Phase
2025-04-01 00:25:17,165 - INFO -     Channel Type --> Both
2025-04-01 00:25:17,684 - INFO - ====== Completed Synthetic File Popup Dropdown Value Print Successfully ======
2025-04-01 00:25:17,691 - INFO - ====== Starting Synthetic File Popup Dropdown Value Print ======
2025-04-01 00:25:17,694 - INFO - Step 1: Clicking Synthetic File button
2025-04-01 00:25:18,849 - ERROR - Synthetic File Popup Dropdown Print Failed: Message: element click intercepted: Element <button type="button" id="report_toolbar_settings_button" class="grl-button btn-primary refresh-btn btn btn-primary">...</button> is not clickable at point (898, 86). Other element would receive the click: <div class="boldText modal-header">...</div>
  (Session info: chrome=134.0.6998.178)
Stacktrace:
	GetHandleVerifier [0x00007FF739784C25+3179557]
	(No symbol) [0x00007FF7393E88A0]
	(No symbol) [0x00007FF7392791CA]
	(No symbol) [0x00007FF7392D7929]
	(No symbol) [0x00007FF7392D52E2]
	(No symbol) [0x00007FF7392D2381]
	(No symbol) [0x00007FF7392D1281]
	(No symbol) [0x00007FF7392C2A24]
	(No symbol) [0x00007FF7392F7C2A]
	(No symbol) [0x00007FF7392C22D6]
	(No symbol) [0x00007FF7392F7E40]
	(No symbol) [0x00007FF7393202F3]
	(No symbol) [0x00007FF7392F7A03]
	(No symbol) [0x00007FF7392C06D0]
	(No symbol) [0x00007FF7392C1983]
	GetHandleVerifier [0x00007FF7397E67CD+3579853]
	GetHandleVerifier [0x00007FF7397FD1D2+3672530]
	GetHandleVerifier [0x00007FF7397F2153+3627347]
	GetHandleVerifier [0x00007FF73955092A+868650]
	(No symbol) [0x00007FF7393F2FFF]
	(No symbol) [0x00007FF7393EF4A4]
	(No symbol) [0x00007FF7393EF646]
	(No symbol) [0x00007FF7393DEAA9]
	BaseThreadInitThunk [0x00007FF9358D54E0+16]
	RtlUserThreadStart [0x00007FF936AA485B+43]

2025-04-01 00:25:19,152 - INFO - ====== Starting Synthetic File Popup Dropdown Value Print ======
2025-04-01 00:25:19,155 - INFO - Step 1: Clicking Synthetic File button
2025-04-01 00:25:20,290 - ERROR - Synthetic File Popup Dropdown Print Failed: Message: element click intercepted: Element <button type="button" id="report_toolbar_settings_button" class="grl-button btn-primary refresh-btn btn btn-primary">...</button> is not clickable at point (898, 86). Other element would receive the click: <div class="boldText modal-header">...</div>
  (Session info: chrome=134.0.6998.178)
Stacktrace:
	GetHandleVerifier [0x00007FF739784C25+3179557]
	(No symbol) [0x00007FF7393E88A0]
	(No symbol) [0x00007FF7392791CA]
	(No symbol) [0x00007FF7392D7929]
	(No symbol) [0x00007FF7392D52E2]
	(No symbol) [0x00007FF7392D2381]
	(No symbol) [0x00007FF7392D1281]
	(No symbol) [0x00007FF7392C2A24]
	(No symbol) [0x00007FF7392F7C2A]
	(No symbol) [0x00007FF7392C22D6]
	(No symbol) [0x00007FF7392F7E40]
	(No symbol) [0x00007FF7393202F3]
	(No symbol) [0x00007FF7392F7A03]
	(No symbol) [0x00007FF7392C06D0]
	(No symbol) [0x00007FF7392C1983]
	GetHandleVerifier [0x00007FF7397E67CD+3579853]
	GetHandleVerifier [0x00007FF7397FD1D2+3672530]
	GetHandleVerifier [0x00007FF7397F2153+3627347]
	GetHandleVerifier [0x00007FF73955092A+868650]
	(No symbol) [0x00007FF7393F2FFF]
	(No symbol) [0x00007FF7393EF4A4]
	(No symbol) [0x00007FF7393EF646]
	(No symbol) [0x00007FF7393DEAA9]
	BaseThreadInitThunk [0x00007FF9358D54E0+16]
	RtlUserThreadStart [0x00007FF936AA485B+43]

2025-04-01 00:25:20,598 - INFO - ====== Starting Synthetic File Popup Dropdown Value Print ======
2025-04-01 00:25:20,600 - INFO - Step 1: Clicking Synthetic File button
2025-04-01 00:25:21,875 - ERROR - Synthetic File Popup Dropdown Print Failed: Message: element click intercepted: Element <button type="button" id="report_toolbar_settings_button" class="grl-button btn-primary refresh-btn btn btn-primary">...</button> is not clickable at point (898, 86). Other element would receive the click: <div class="boldText modal-header">...</div>
  (Session info: chrome=134.0.6998.178)
Stacktrace:
	GetHandleVerifier [0x00007FF739784C25+3179557]
	(No symbol) [0x00007FF7393E88A0]
	(No symbol) [0x00007FF7392791CA]
	(No symbol) [0x00007FF7392D7929]
	(No symbol) [0x00007FF7392D52E2]
	(No symbol) [0x00007FF7392D2381]
	(No symbol) [0x00007FF7392D1281]
	(No symbol) [0x00007FF7392C2A24]
	(No symbol) [0x00007FF7392F7C2A]
	(No symbol) [0x00007FF7392C22D6]
	(No symbol) [0x00007FF7392F7E40]
	(No symbol) [0x00007FF7393202F3]
	(No symbol) [0x00007FF7392F7A03]
	(No symbol) [0x00007FF7392C06D0]
	(No symbol) [0x00007FF7392C1983]
	GetHandleVerifier [0x00007FF7397E67CD+3579853]
	GetHandleVerifier [0x00007FF7397FD1D2+3672530]
	GetHandleVerifier [0x00007FF7397F2153+3627347]
	GetHandleVerifier [0x00007FF73955092A+868650]
	(No symbol) [0x00007FF7393F2FFF]
	(No symbol) [0x00007FF7393EF4A4]
	(No symbol) [0x00007FF7393EF646]
	(No symbol) [0x00007FF7393DEAA9]
	BaseThreadInitThunk [0x00007FF9358D54E0+16]
	RtlUserThreadStart [0x00007FF936AA485B+43]

2025-04-01 00:25:22,186 - INFO - ====== Starting Synthetic File Popup Dropdown Value Print ======
2025-04-01 00:25:22,188 - INFO - Step 1: Clicking Synthetic File button
2025-04-01 00:25:23,314 - ERROR - Synthetic File Popup Dropdown Print Failed: Message: element click intercepted: Element <button type="button" id="report_toolbar_settings_button" class="grl-button btn-primary refresh-btn btn btn-primary">...</button> is not clickable at point (898, 86). Other element would receive the click: <div class="boldText modal-header">...</div>
  (Session info: chrome=134.0.6998.178)
Stacktrace:
	GetHandleVerifier [0x00007FF739784C25+3179557]
	(No symbol) [0x00007FF7393E88A0]
	(No symbol) [0x00007FF7392791CA]
	(No symbol) [0x00007FF7392D7929]
	(No symbol) [0x00007FF7392D52E2]
	(No symbol) [0x00007FF7392D2381]
	(No symbol) [0x00007FF7392D1281]
	(No symbol) [0x00007FF7392C2A24]
	(No symbol) [0x00007FF7392F7C2A]
	(No symbol) [0x00007FF7392C22D6]
	(No symbol) [0x00007FF7392F7E40]
	(No symbol) [0x00007FF7393202F3]
	(No symbol) [0x00007FF7392F7A03]
	(No symbol) [0x00007FF7392C06D0]
	(No symbol) [0x00007FF7392C1983]
	GetHandleVerifier [0x00007FF7397E67CD+3579853]
	GetHandleVerifier [0x00007FF7397FD1D2+3672530]
	GetHandleVerifier [0x00007FF7397F2153+3627347]
	GetHandleVerifier [0x00007FF73955092A+868650]
	(No symbol) [0x00007FF7393F2FFF]
	(No symbol) [0x00007FF7393EF4A4]
	(No symbol) [0x00007FF7393EF646]
	(No symbol) [0x00007FF7393DEAA9]
	BaseThreadInitThunk [0x00007FF9358D54E0+16]
	RtlUserThreadStart [0x00007FF936AA485B+43]

2025-04-01 00:25:23,632 - INFO - ====== Starting Synthetic File Popup Dropdown Value Print ======
2025-04-01 00:25:23,634 - INFO - Step 1: Clicking Synthetic File button
2025-04-01 00:25:24,768 - ERROR - Synthetic File Popup Dropdown Print Failed: Message: element click intercepted: Element <button type="button" id="report_toolbar_settings_button" class="grl-button btn-primary refresh-btn btn btn-primary">...</button> is not clickable at point (898, 86). Other element would receive the click: <div class="boldText modal-header">...</div>
  (Session info: chrome=134.0.6998.178)
Stacktrace:
	GetHandleVerifier [0x00007FF739784C25+3179557]
	(No symbol) [0x00007FF7393E88A0]
	(No symbol) [0x00007FF7392791CA]
	(No symbol) [0x00007FF7392D7929]
	(No symbol) [0x00007FF7392D52E2]
	(No symbol) [0x00007FF7392D2381]
	(No symbol) [0x00007FF7392D1281]
	(No symbol) [0x00007FF7392C2A24]
	(No symbol) [0x00007FF7392F7C2A]
	(No symbol) [0x00007FF7392C22D6]
	(No symbol) [0x00007FF7392F7E40]
	(No symbol) [0x00007FF7393202F3]
	(No symbol) [0x00007FF7392F7A03]
	(No symbol) [0x00007FF7392C06D0]
	(No symbol) [0x00007FF7392C1983]
	GetHandleVerifier [0x00007FF7397E67CD+3579853]
	GetHandleVerifier [0x00007FF7397FD1D2+3672530]
	GetHandleVerifier [0x00007FF7397F2153+3627347]
	GetHandleVerifier [0x00007FF73955092A+868650]
	(No symbol) [0x00007FF7393F2FFF]
	(No symbol) [0x00007FF7393EF4A4]
	(No symbol) [0x00007FF7393EF646]
	(No symbol) [0x00007FF7393DEAA9]
	BaseThreadInitThunk [0x00007FF9358D54E0+16]
	RtlUserThreadStart [0x00007FF936AA485B+43]

2025-04-01 00:25:25,076 - INFO - ====== Starting Synthetic File Popup Dropdown Value Print ======
2025-04-01 00:25:25,078 - INFO - Step 1: Clicking Synthetic File button
2025-04-01 00:25:26,167 - ERROR - Synthetic File Popup Dropdown Print Failed: Message: element click intercepted: Element <button type="button" id="report_toolbar_settings_button" class="grl-button btn-primary refresh-btn btn btn-primary">...</button> is not clickable at point (898, 86). Other element would receive the click: <div class="boldText modal-header">...</div>
  (Session info: chrome=134.0.6998.178)
Stacktrace:
	GetHandleVerifier [0x00007FF739784C25+3179557]
	(No symbol) [0x00007FF7393E88A0]
	(No symbol) [0x00007FF7392791CA]
	(No symbol) [0x00007FF7392D7929]
	(No symbol) [0x00007FF7392D52E2]
	(No symbol) [0x00007FF7392D2381]
	(No symbol) [0x00007FF7392D1281]
	(No symbol) [0x00007FF7392C2A24]
	(No symbol) [0x00007FF7392F7C2A]
	(No symbol) [0x00007FF7392C22D6]
	(No symbol) [0x00007FF7392F7E40]
	(No symbol) [0x00007FF7393202F3]
	(No symbol) [0x00007FF7392F7A03]
	(No symbol) [0x00007FF7392C06D0]
	(No symbol) [0x00007FF7392C1983]
	GetHandleVerifier [0x00007FF7397E67CD+3579853]
	GetHandleVerifier [0x00007FF7397FD1D2+3672530]
	GetHandleVerifier [0x00007FF7397F2153+3627347]
	GetHandleVerifier [0x00007FF73955092A+868650]
	(No symbol) [0x00007FF7393F2FFF]
	(No symbol) [0x00007FF7393EF4A4]
	(No symbol) [0x00007FF7393EF646]
	(No symbol) [0x00007FF7393DEAA9]
	BaseThreadInitThunk [0x00007FF9358D54E0+16]
	RtlUserThreadStart [0x00007FF936AA485B+43]

2025-04-01 00:25:26,521 - INFO - ====== Starting Write Button Verification Flow ======
2025-04-01 00:25:26,524 - INFO - Step 1: Checking Write button availability
2025-04-01 00:25:26,551 - INFO - Write button is available and visible.
2025-04-01 00:25:26,552 - INFO - Step 2: Checking Write button clickability
2025-04-01 00:25:26,585 - INFO - Step 3: Clicking Write button
2025-04-01 00:25:26,665 - INFO - Waiting 1.5 seconds to allow popup to render
2025-04-01 00:25:31,666 - INFO - Step 4: Verifying Error popup
2025-04-01 00:25:31,704 - INFO - Error popup appeared as expected
2025-04-01 00:25:31,705 - INFO - Step 5: Clicking Close button on error popup
2025-04-01 00:25:31,822 - INFO - Step 6: Verifying navigation back to Report page
2025-04-01 00:25:31,851 - INFO - Successfully navigated back to Report page after closing the popup
2025-04-01 00:25:31,853 - INFO - ====== Completed Write Button Verification Flow Successfully ======
2025-04-01 00:25:31,860 - INFO - ====== Starting Write Button Verification Flow ======
2025-04-01 00:25:31,862 - INFO - Step 1: Checking Write button availability
2025-04-01 00:25:31,887 - INFO - Write button is available and visible.
2025-04-01 00:25:31,889 - INFO - Step 2: Checking Write button clickability
2025-04-01 00:25:31,936 - INFO - Step 3: Clicking Write button
2025-04-01 00:25:32,028 - ERROR - Write button flow failed: Message: stale element reference: stale element not found in the current frame
  (Session info: chrome=134.0.6998.178); For documentation on this error, please visit: https://www.selenium.dev/documentation/webdriver/troubleshooting/errors#stale-element-reference-exception
Stacktrace:
	GetHandleVerifier [0x00007FF739784C25+3179557]
	(No symbol) [0x00007FF7393E88A0]
	(No symbol) [0x00007FF7392791CA]
	(No symbol) [0x00007FF739280B98]
	(No symbol) [0x00007FF739283BCC]
	(No symbol) [0x00007FF739283C9F]
	(No symbol) [0x00007FF7392D780B]
	(No symbol) [0x00007FF7392D4D45]
	(No symbol) [0x00007FF7392D2381]
	(No symbol) [0x00007FF7392D1281]
	(No symbol) [0x00007FF7392C2A24]
	(No symbol) [0x00007FF7392F7C2A]
	(No symbol) [0x00007FF7392C22D6]
	(No symbol) [0x00007FF7392F7E40]
	(No symbol) [0x00007FF7393202F3]
	(No symbol) [0x00007FF7392F7A03]
	(No symbol) [0x00007FF7392C06D0]
	(No symbol) [0x00007FF7392C1983]
	GetHandleVerifier [0x00007FF7397E67CD+3579853]
	GetHandleVerifier [0x00007FF7397FD1D2+3672530]
	GetHandleVerifier [0x00007FF7397F2153+3627347]
	GetHandleVerifier [0x00007FF73955092A+868650]
	(No symbol) [0x00007FF7393F2FFF]
	(No symbol) [0x00007FF7393EF4A4]
	(No symbol) [0x00007FF7393EF646]
	(No symbol) [0x00007FF7393DEAA9]
	BaseThreadInitThunk [0x00007FF9358D54E0+16]
	RtlUserThreadStart [0x00007FF936AA485B+43]

2025-04-01 00:25:51,430 - INFO - Using TEST_IP: 192.168.5.74
2025-04-01 00:25:52,808 - INFO - Opening browser using way1
2025-04-01 00:26:03,146 - INFO - Step: Checking Report Button availability
2025-04-01 00:26:03,184 - INFO - Report button is available.
2025-04-01 00:26:03,318 - INFO - Clicked Report button.
2025-04-01 00:26:05,327 - INFO - Step: Checking 'View Report' button availability
2025-04-01 00:26:05,366 - INFO - View Report button is available.
2025-04-01 00:26:05,371 - INFO - ====== Starting Download Current HTML Button Flow ======
2025-04-01 00:26:05,373 - INFO - Step 1: Clicking Download Current HTML button
2025-04-01 00:26:05,602 - INFO - Step 2: Waiting for popup OK and Cancel buttons
2025-04-01 00:26:05,650 - INFO - Step 2 Result: Popup OK and Cancel buttons are available
2025-04-01 00:26:05,651 - INFO - Step 3: Clicking Cancel
2025-04-01 00:26:05,811 - INFO - Step 4: Verifying Download Current HTML button availability after Cancel
2025-04-01 00:26:05,833 - INFO - Step 4 Result: Download Current HTML button is available after Cancel
2025-04-01 00:26:05,834 - INFO - Step 5: Clicking Download Current HTML button again
2025-04-01 00:26:05,974 - INFO - Step 6: Clicking OK in popup
2025-04-01 00:26:06,130 - INFO - Step 7: Waiting for error popup to appear
2025-04-01 00:26:07,252 - INFO - Step 8: Waiting for error popup to disappear (max 15 seconds)
2025-04-01 00:26:11,885 - INFO - Step 9: Verifying Download Current HTML button availability after error popup
2025-04-01 00:26:11,913 - INFO - ====== Completed Download Current HTML Button Flow Successfully ======
2025-04-01 00:26:11,920 - INFO - ====== Starting Download Current BSUT Report Data Button Flow ======
2025-04-01 00:26:11,923 - INFO - Step 1: Clicking Download Current BSUT Report Data button
2025-04-01 00:26:12,103 - INFO - Step 2: Waiting for popup OK and Cancel buttons
2025-04-01 00:26:12,128 - INFO - Step 2 Result: Popup OK and Cancel buttons are available
2025-04-01 00:26:12,130 - INFO - Step 3: Clicking Cancel
2025-04-01 00:26:12,222 - INFO - Step 4: Verifying Download Current BSUT Report Data button availability after Cancel
2025-04-01 00:26:12,255 - INFO - Step 4 Result: Download Current BSUT Report Data button is available after Cancel
2025-04-01 00:26:12,256 - INFO - Step 5: Clicking Download Current BSUT Report Data button again
2025-04-01 00:26:12,375 - INFO - Step 6: Clicking OK in popup
2025-04-01 00:26:12,489 - INFO - Step 7: Waiting for error popup to appear
2025-04-01 00:26:12,584 - INFO - Step 8: Waiting for error popup to disappear (max 15 seconds)
2025-04-01 00:26:18,245 - INFO - Step 9: Verifying Download Current BSUT Report Data button availability after error popup
2025-04-01 00:26:18,274 - INFO - ====== Completed Download Current BSUT Report Data Button Flow Successfully ======
2025-04-01 00:26:18,282 - INFO - ====== Starting Report Data Management Flow ======
2025-04-01 00:26:18,284 - INFO - Step 1: Clicking Report Data Management button
2025-04-01 00:26:18,472 - INFO - Step 2: Checking Delete Test Report button availability
2025-04-01 00:26:18,514 - INFO - Step 3: Checking Test results folder size label
2025-04-01 00:26:18,567 - INFO - Test results folder info: Test results folder size :0.00 MBs
2025-04-01 00:26:18,568 - INFO - Step 4: Checking Delete Report button availability
2025-04-01 00:26:18,600 - INFO - Step 5: Clicking Delete Report button
2025-04-01 00:26:18,736 - INFO - Step 5.1: Checking OK and Cancel buttons in popup
2025-04-01 00:26:18,798 - INFO - Step 5.2: Clicking Cancel on popup
2025-04-01 00:26:18,968 - INFO - Step 6: Clicking Download Report button
2025-04-01 00:26:19,088 - INFO - Step 6.1: Waiting for 10 seconds for download to process
2025-04-01 00:26:29,090 - INFO - Step 7: Clicking Delete Test Report button (Re-fetching due to possible stale)
2025-04-01 00:26:29,252 - INFO - Step 8: Checking Confirmation Text
2025-04-01 00:26:29,299 - INFO - Confirmation popup text: Are you sure you want to permanently delete all 2 folders?
2025-04-01 00:26:29,300 - INFO - Step 9: Checking OK and Cancel buttons in confirmation popup
2025-04-01 00:26:29,356 - INFO - Step 9.1: Clicking Cancel on confirmation popup
2025-04-01 00:26:29,625 - INFO - ====== Completed Report Data Management Flow Successfully ======
2025-04-01 00:26:29,632 - INFO - ====== Starting Synthetic File Popup Dropdown Value Print ======
2025-04-01 00:26:29,634 - INFO - Step 1: Clicking Synthetic File button
2025-04-01 00:26:29,808 - INFO - Waiting for popup to be fully loaded...
2025-04-01 00:26:29,828 - INFO - Step 3: Validating input box
2025-04-01 00:26:29,990 - INFO - Typed and verified: 12345
2025-04-01 00:26:30,124 - INFO - Typed and verified: abcDEF
2025-04-01 00:26:30,247 - INFO - Typed and verified: !@#$%
2025-04-01 00:26:30,398 - INFO - Typed and verified: abc123!@#
2025-04-01 00:26:30,399 - INFO - Step 4: Toggling VC-Tx checkbox
2025-04-01 00:26:30,499 - INFO - Checkbox clicked
2025-04-01 00:26:30,575 - INFO - Step 5: Handling dropdown: File Source
2025-04-01 00:26:31,137 - INFO - File Source dropdown options:
2025-04-01 00:26:31,151 - INFO -     File Source --> External File
2025-04-01 00:26:31,165 - INFO -     File Source --> TPT File
2025-04-01 00:26:31,680 - INFO - Step 5: Handling dropdown: Test Mode
2025-04-01 00:26:32,249 - INFO - Test Mode dropdown options:
2025-04-01 00:26:32,265 - INFO -     Test Mode --> 128kHz
2025-04-01 00:26:32,281 - INFO -     Test Mode --> 360kHz
2025-04-01 00:26:32,799 - INFO - Step 5: Handling dropdown: Test Type
2025-04-01 00:26:33,367 - INFO - Test Type dropdown options:
2025-04-01 00:26:33,399 - INFO -     Test Type --> 4.14.Eye test
2025-04-01 00:26:33,421 - INFO -     Test Type --> 4.15.Real test
2025-04-01 00:26:33,934 - INFO - Step 5: Handling dropdown: Channel Type
2025-04-01 00:26:34,512 - INFO - Channel Type dropdown options:
2025-04-01 00:26:34,529 - INFO -     Channel Type --> Magnitude
2025-04-01 00:26:34,544 - INFO -     Channel Type --> Phase
2025-04-01 00:26:34,561 - INFO -     Channel Type --> Both
2025-04-01 00:26:35,074 - INFO - ====== Completed Synthetic File Popup Dropdown Value Print Successfully ======
2025-04-01 00:26:35,082 - INFO - ====== Test: Write Button + Error Popup + Return to Report Page ======
2025-04-01 00:26:35,084 - INFO - ====== Starting Write Button Verification Flow ======
2025-04-01 00:26:35,085 - INFO - Step 1: Checking Write button availability
2025-04-01 00:26:35,118 - INFO - Write button is available and visible.
2025-04-01 00:26:35,119 - INFO - Step 2: Checking Write button clickability
2025-04-01 00:26:35,167 - INFO - Step 3: Clicking Write button
2025-04-01 00:26:35,245 - INFO - Waiting 1.5 seconds to allow popup to render
2025-04-01 00:26:40,247 - INFO - Step 4: Verifying Error popup
2025-04-01 00:26:40,281 - INFO - Error popup appeared as expected
2025-04-01 00:26:40,283 - INFO - Step 5: Clicking Close button on error popup
2025-04-01 00:26:40,408 - INFO - Step 6: Verifying navigation back to Report page
2025-04-01 00:26:40,432 - INFO - Successfully navigated back to Report page after closing the popup
2025-04-01 00:26:40,433 - INFO - ====== Completed Write Button Verification Flow Successfully ======
2025-04-01 10:49:09,759 - INFO - Using TEST_IP: 192.168.5.74
2025-04-01 10:49:12,121 - INFO - Opening browser using way1
2025-04-01 10:49:22,559 - INFO - Step: Checking Report Button availability
2025-04-01 10:49:22,586 - INFO - Report button is available.
2025-04-01 10:49:22,676 - INFO - Clicked Report button.
2025-04-01 10:49:24,683 - INFO - Step: Checking 'View Report' button availability
2025-04-01 10:49:24,712 - INFO - View Report button is available.
2025-04-01 10:49:24,716 - INFO - ====== Starting Download Current HTML Button Flow ======
2025-04-01 10:49:24,717 - INFO - Step 1: Clicking Download Current HTML button
2025-04-01 10:49:24,872 - INFO - Step 2: Waiting for popup OK and Cancel buttons
2025-04-01 10:49:24,898 - INFO - Step 2 Result: Popup OK and Cancel buttons are available
2025-04-01 10:49:24,899 - INFO - Step 3: Clicking Cancel
2025-04-01 10:49:24,984 - INFO - Step 4: Verifying Download Current HTML button availability after Cancel
2025-04-01 10:49:25,018 - INFO - Step 4 Result: Download Current HTML button is available after Cancel
2025-04-01 10:49:25,019 - INFO - Step 5: Clicking Download Current HTML button again
2025-04-01 10:49:25,122 - INFO - Step 6: Clicking OK in popup
2025-04-01 10:49:25,224 - INFO - Step 7: Waiting for error popup to appear
2025-04-01 10:49:26,300 - INFO - Step 8: Waiting for error popup to disappear (max 15 seconds)
2025-04-01 10:49:30,900 - INFO - Step 9: Verifying Download Current HTML button availability after error popup
2025-04-01 10:49:30,926 - INFO - ====== Completed Download Current HTML Button Flow Successfully ======
2025-04-01 10:49:30,930 - INFO - ====== Starting Download Current BSUT Report Data Button Flow ======
2025-04-01 10:49:30,933 - INFO - Step 1: Clicking Download Current BSUT Report Data button
2025-04-01 10:49:31,071 - INFO - Step 2: Waiting for popup OK and Cancel buttons
2025-04-01 10:49:31,098 - INFO - Step 2 Result: Popup OK and Cancel buttons are available
2025-04-01 10:49:31,099 - INFO - Step 3: Clicking Cancel
2025-04-01 10:49:31,155 - INFO - Step 4: Verifying Download Current BSUT Report Data button availability after Cancel
2025-04-01 10:49:31,179 - INFO - Step 4 Result: Download Current BSUT Report Data button is available after Cancel
2025-04-01 10:49:31,180 - INFO - Step 5: Clicking Download Current BSUT Report Data button again
2025-04-01 10:49:31,274 - INFO - Step 6: Clicking OK in popup
2025-04-01 10:49:31,361 - INFO - Step 7: Waiting for error popup to appear
2025-04-01 10:49:31,403 - INFO - Step 8: Waiting for error popup to disappear (max 15 seconds)
2025-04-01 10:49:37,034 - INFO - Step 9: Verifying Download Current BSUT Report Data button availability after error popup
2025-04-01 10:49:37,051 - INFO - ====== Completed Download Current BSUT Report Data Button Flow Successfully ======
2025-04-01 10:49:37,058 - INFO - ====== Starting Report Data Management Flow ======
2025-04-01 10:49:37,059 - INFO - Step 1: Clicking Report Data Management button
2025-04-01 10:49:37,212 - INFO - Step 2: Checking Delete Test Report button availability
2025-04-01 10:49:37,244 - INFO - Step 3: Checking Test results folder size label
2025-04-01 10:49:37,285 - INFO - Test results folder info: Test results folder size :0.00 MBs
2025-04-01 10:49:37,286 - INFO - Step 4: Checking Delete Report button availability
2025-04-01 10:49:37,345 - INFO - Step 5: Clicking Delete Report button
2025-04-01 10:49:37,517 - INFO - Step 5.1: Checking OK and Cancel buttons in popup
2025-04-01 10:49:37,565 - INFO - Step 5.2: Clicking Cancel on popup
2025-04-01 10:49:37,663 - INFO - Step 6: Clicking Download Report button
2025-04-01 10:49:37,814 - INFO - Step 6.1: Waiting for 10 seconds for download to process
2025-04-01 10:49:47,815 - INFO - Step 7: Clicking Delete Test Report button (Re-fetching due to possible stale)
2025-04-01 10:49:47,967 - INFO - Step 8: Checking Confirmation Text
2025-04-01 10:49:48,027 - INFO - Confirmation popup text: Are you sure you want to permanently delete all 2 folders?
2025-04-01 10:49:48,028 - INFO - Step 9: Checking OK and Cancel buttons in confirmation popup
2025-04-01 10:49:48,164 - INFO - Step 9.1: Clicking Cancel on confirmation popup
2025-04-01 10:49:48,416 - INFO - ====== Completed Report Data Management Flow Successfully ======
2025-04-01 10:49:48,420 - INFO - ====== Starting Synthetic File Popup Dropdown Value Print ======
2025-04-01 10:49:48,422 - INFO - Step 1: Clicking Synthetic File button
2025-04-01 10:49:48,691 - INFO - Waiting for popup to be fully loaded...
2025-04-01 10:49:48,729 - INFO - Step 3: Validating input box
2025-04-01 10:49:49,096 - INFO - Typed and verified: 12345
2025-04-01 10:49:49,240 - INFO - Typed and verified: abcDEF
2025-04-01 10:49:49,374 - INFO - Typed and verified: !@#$%
2025-04-01 10:49:49,517 - INFO - Typed and verified: abc123!@#
2025-04-01 10:49:49,518 - INFO - Step 4: Toggling VC-Tx checkbox
2025-04-01 10:49:49,618 - INFO - Checkbox clicked
2025-04-01 10:49:49,701 - INFO - Step 5: Handling dropdown: File Source
2025-04-01 10:49:50,269 - INFO - File Source dropdown options:
2025-04-01 10:49:50,280 - INFO -     File Source --> External File
2025-04-01 10:49:50,291 - INFO -     File Source --> TPT File
2025-04-01 10:49:50,799 - INFO - Step 5: Handling dropdown: Test Mode
2025-04-01 10:49:51,353 - INFO - Test Mode dropdown options:
2025-04-01 10:49:51,363 - INFO -     Test Mode --> 128kHz
2025-04-01 10:49:51,374 - INFO -     Test Mode --> 360kHz
2025-04-01 10:49:51,884 - INFO - Step 5: Handling dropdown: Test Type
2025-04-01 10:49:52,512 - INFO - Test Type dropdown options:
2025-04-01 10:49:52,524 - INFO -     Test Type --> 4.14.Eye test
2025-04-01 10:49:52,535 - INFO -     Test Type --> 4.15.Real test
2025-04-01 10:49:53,045 - INFO - Step 5: Handling dropdown: Channel Type
2025-04-01 10:49:53,601 - INFO - Channel Type dropdown options:
2025-04-01 10:49:53,613 - INFO -     Channel Type --> Magnitude
2025-04-01 10:49:53,626 - INFO -     Channel Type --> Phase
2025-04-01 10:49:53,637 - INFO -     Channel Type --> Both
2025-04-01 10:49:54,146 - INFO - ====== Completed Synthetic File Popup Dropdown Value Print Successfully ======
2025-04-01 10:49:54,150 - INFO - ====== Test: Write Button + Error Popup + Return to Report Page ======
2025-04-01 10:49:54,152 - INFO - ====== Starting Write Button Verification Flow ======
2025-04-01 10:49:54,152 - INFO - Step 1: Checking Write button availability
2025-04-01 10:49:54,181 - INFO - Write button is available and visible.
2025-04-01 10:49:54,181 - INFO - Step 2: Checking Write button clickability
2025-04-01 10:49:54,205 - INFO - Step 3: Clicking Write button
2025-04-01 10:49:54,295 - INFO - Waiting 1.5 seconds to allow popup to render
2025-04-01 10:49:59,296 - INFO - Step 4: Verifying Error popup
2025-04-01 10:49:59,317 - INFO - Error popup appeared as expected
2025-04-01 10:49:59,317 - INFO - Step 5: Clicking Close button on error popup
2025-04-01 10:49:59,428 - INFO - Step 6: Verifying navigation back to Report page
2025-04-01 10:49:59,448 - INFO - Successfully navigated back to Report page after closing the popup
2025-04-01 10:49:59,448 - INFO - ====== Completed Write Button Verification Flow Successfully ======
