2025-03-30 13:48:31,641 - INFO - Using TEST_IP: 192.168.255.1
2025-03-30 13:48:31,643 - ERROR - Error loading XPaths JSON: [Errno 2] No such file or directory: 'tests/Xpaths.json'
2025-03-30 13:48:31,748 - ERROR - Error loading XPaths JSON: [Errno 2] No such file or directory: 'tests/Xpaths.json'
2025-03-30 13:49:00,189 - INFO - Using TEST_IP: 192.168.255.1
2025-03-30 13:49:00,191 - ERROR - Error loading XPaths JSON: [Errno 2] No such file or directory: 'tests/Xpaths.json'
2025-03-30 13:49:00,294 - ERROR - Error loading XPaths JSON: [Errno 2] No such file or directory: 'tests/Xpaths.json'
2025-03-30 22:18:34,692 - INFO - Using TEST_IP: 192.168.5.29
2025-03-30 22:18:34,694 - ERROR - Error loading XPaths JSON: [Errno 2] No such file or directory: 'tests/Xpaths.json'
2025-03-30 22:18:34,800 - ERROR - Error loading XPaths JSON: [Errno 2] No such file or directory: 'tests/Xpaths.json'
2025-03-30 22:20:32,812 - INFO - Using TEST_IP: 192.168.255.1
2025-03-30 22:20:32,820 - ERROR - Error loading XPaths JSON: [Errno 2] No such file or directory: 'Xpaths.json'
2025-03-30 22:20:32,923 - ERROR - Error loading XPaths JSON: [Errno 2] No such file or directory: 'Xpaths.json'
2025-03-30 22:43:14,431 - INFO - Using TEST_IP: 192.168.255.1
2025-03-30 22:43:14,434 - ERROR - Error loading XPaths JSON: [Errno 2] No such file or directory: 'Xpaths.json'
2025-03-30 22:43:14,567 - ERROR - Error loading XPaths JSON: [Errno 2] No such file or directory: 'Xpaths.json'
